2025-10-30 22:27:22,943 - INFO - [<cell line: 0>] - ============================================================
2025-10-30 22:27:22,944 - INFO - [<cell line: 0>] - ЗАПУСК СБОРА ДАННЫХ ПО БИЗНЕС-ЦЕНТРАМ МОСКВЫ
2025-10-30 22:27:22,946 - INFO - [<cell line: 0>] - Конфигурация логирования: уровень=INFO, файл=True, консоль=True
2025-10-30 22:27:22,947 - INFO - [<cell line: 0>] - Количество районов для обработки: 132
2025-10-30 22:27:22,949 - INFO - [<cell line: 0>] - ============================================================
2025-10-30 22:27:22,950 - INFO - [<cell line: 0>] - [1/132] Обработка района: Академический
2025-10-30 22:27:22,952 - ERROR - [<cell line: 0>] - Ошибка в районе Академический: name 'получить_бизнес_центры_в_районе' is not defined
2025-10-30 22:27:22,953 - INFO - [<cell line: 0>] - [2/132] Обработка района: Алексеевский
2025-10-30 22:27:22,955 - ERROR - [<cell line: 0>] - Ошибка в районе Алексеевский: name 'получить_бизнес_центры_в_районе' is not defined
2025-10-30 22:27:22,956 - INFO - [<cell line: 0>] - [3/132] Обработка района: Алтуфьевский
2025-10-30 22:27:22,957 - ERROR - [<cell line: 0>] - Ошибка в районе Алтуфьевский: name 'получить_бизнес_центры_в_районе' is not defined
2025-10-30 22:27:22,958 - INFO - [<cell line: 0>] - [4/132] Обработка района: Арбат
2025-10-30 22:27:22,960 - ERROR - [<cell line: 0>] - Ошибка в районе Арбат: name 'получить_бизнес_центры_в_районе' is not defined
2025-10-30 22:27:22,961 - INFO - [<cell line: 0>] - [5/132] Обработка района: Аэропорт
2025-10-30 22:27:22,962 - ERROR - [<cell line: 0>] - Ошибка в районе Аэропорт: name 'получить_бизнес_центры_в_районе' is not defined
2025-10-30 22:27:22,964 - INFO - [<cell line: 0>] - [6/132] Обработка района: Бабушкинский
2025-10-30 22:27:22,965 - ERROR - [<cell line: 0>] - Ошибка в районе Бабушкинский: name 'получить_бизнес_центры_в_районе' is not defined
2025-10-30 22:27:22,966 - INFO - [<cell line: 0>] - [7/132] Обработка района: Басманный
2025-10-30 22:27:22,967 - ERROR - [<cell line: 0>] - Ошибка в районе Басманный: name 'получить_бизнес_центры_в_районе' is not defined
2025-10-30 22:27:22,968 - INFO - [<cell line: 0>] - [8/132] Обработка района: Беговой
2025-10-30 22:27:22,969 - ERROR - [<cell line: 0>] - Ошибка в районе Беговой: name 'получить_бизнес_центры_в_районе' is not defined
2025-10-30 22:27:22,970 - INFO - [<cell line: 0>] - [9/132] Обработка района: Бекасово
2025-10-30 22:27:22,973 - ERROR - [<cell line: 0>] - Ошибка в районе Бекасово: name 'получить_бизнес_центры_в_районе' is not defined
2025-10-30 22:27:22,975 - INFO - [<cell line: 0>] - [10/132] Обработка района: Бескудниковский
2025-10-30 22:27:22,975 - ERROR - [<cell line: 0>] - Ошибка в районе Бескудниковский: name 'получить_бизнес_центры_в_районе' is not defined
2025-10-30 22:27:22,978 - INFO - [<cell line: 0>] - [11/132] Обработка района: Бибирево
2025-10-30 22:27:22,979 - ERROR - [<cell line: 0>] - Ошибка в районе Бибирево: name 'получить_бизнес_центры_в_районе' is not defined
2025-10-30 22:27:22,980 - INFO - [<cell line: 0>] - [12/132] Обработка района: Бирюлёво Восточное
2025-10-30 22:27:22,981 - ERROR - [<cell line: 0>] - Ошибка в районе Бирюлёво Восточное: name 'получить_бизнес_центры_в_районе' is not defined
2025-10-30 22:27:22,982 - INFO - [<cell line: 0>] - [13/132] Обработка района: Бирюлёво Западное
2025-10-30 22:27:22,982 - ERROR - [<cell line: 0>] - Ошибка в районе Бирюлёво Западное: name 'получить_бизнес_центры_в_районе' is not defined
2025-10-30 22:27:22,983 - INFO - [<cell line: 0>] - [14/132] Обработка района: Богородское
2025-10-30 22:27:22,984 - ERROR - [<cell line: 0>] - Ошибка в районе Богородское: name 'получить_бизнес_центры_в_районе' is not defined
2025-10-30 22:27:22,985 - INFO - [<cell line: 0>] - [15/132] Обработка района: Братеево
2025-10-30 22:27:22,986 - ERROR - [<cell line: 0>] - Ошибка в районе Братеево: name 'получить_бизнес_центры_в_районе' is not defined
2025-10-30 22:27:22,987 - INFO - [<cell line: 0>] - [16/132] Обработка района: Бутырский
2025-10-30 22:27:22,988 - ERROR - [<cell line: 0>] - Ошибка в районе Бутырский: name 'получить_бизнес_центры_в_районе' is not defined
2025-10-30 22:27:22,989 - INFO - [<cell line: 0>] - [17/132] Обработка района: Вешняки
2025-10-30 22:27:22,990 - ERROR - [<cell line: 0>] - Ошибка в районе Вешняки: name 'получить_бизнес_центры_в_районе' is not defined
2025-10-30 22:27:22,991 - INFO - [<cell line: 0>] - [18/132] Обработка района: Внуково
2025-10-30 22:27:22,992 - ERROR - [<cell line: 0>] - Ошибка в районе Внуково: name 'получить_бизнес_центры_в_районе' is not defined
2025-10-30 22:27:22,993 - INFO - [<cell line: 0>] - [19/132] Обработка района: Войковский
2025-10-30 22:27:22,994 - ERROR - [<cell line: 0>] - Ошибка в районе Войковский: name 'получить_бизнес_центры_в_районе' is not defined
2025-10-30 22:27:22,995 - INFO - [<cell line: 0>] - [20/132] Обработка района: Вороново
2025-10-30 22:27:22,996 - ERROR - [<cell line: 0>] - Ошибка в районе Вороново: name 'получить_бизнес_центры_в_районе' is not defined
2025-10-30 22:27:22,996 - INFO - [<cell line: 0>] - [21/132] Обработка района: Восточное Дегунино
2025-10-30 22:27:22,997 - ERROR - [<cell line: 0>] - Ошибка в районе Восточное Дегунино: name 'получить_бизнес_центры_в_районе' is not defined
2025-10-30 22:27:22,998 - INFO - [<cell line: 0>] - [22/132] Обработка района: Восточное Измайлово
2025-10-30 22:27:23,000 - ERROR - [<cell line: 0>] - Ошибка в районе Восточное Измайлово: name 'получить_бизнес_центры_в_районе' is not defined
2025-10-30 22:27:23,000 - INFO - [<cell line: 0>] - [23/132] Обработка района: Восточный
2025-10-30 22:27:23,001 - ERROR - [<cell line: 0>] - Ошибка в районе Восточный: name 'получить_бизнес_центры_в_районе' is not defined
2025-10-30 22:27:23,002 - INFO - [<cell line: 0>] - [24/132] Обработка района: Выхино-Жулебино
2025-10-30 22:27:23,003 - ERROR - [<cell line: 0>] - Ошибка в районе Выхино-Жулебино: name 'получить_бизнес_центры_в_районе' is not defined
2025-10-30 22:27:23,004 - INFO - [<cell line: 0>] - [25/132] Обработка района: Гагаринский
2025-10-30 22:27:23,005 - ERROR - [<cell line: 0>] - Ошибка в районе Гагаринский: name 'получить_бизнес_центры_в_районе' is not defined
2025-10-30 22:27:23,007 - INFO - [<cell line: 0>] - [26/132] Обработка района: Головинский
2025-10-30 22:27:23,008 - ERROR - [<cell line: 0>] - Ошибка в районе Головинский: name 'получить_бизнес_центры_в_районе' is not defined
2025-10-30 22:27:23,009 - INFO - [<cell line: 0>] - [27/132] Обработка района: Гольяново
2025-10-30 22:27:23,009 - ERROR - [<cell line: 0>] - Ошибка в районе Гольяново: name 'получить_бизнес_центры_в_районе' is not defined
2025-10-30 22:27:23,010 - INFO - [<cell line: 0>] - [28/132] Обработка района: Даниловский
2025-10-30 22:27:23,011 - ERROR - [<cell line: 0>] - Ошибка в районе Даниловский: name 'получить_бизнес_центры_в_районе' is not defined
2025-10-30 22:27:23,012 - INFO - [<cell line: 0>] - [29/132] Обработка района: Дмитровский
2025-10-30 22:27:23,013 - ERROR - [<cell line: 0>] - Ошибка в районе Дмитровский: name 'получить_бизнес_центры_в_районе' is not defined
2025-10-30 22:27:23,014 - INFO - [<cell line: 0>] - [30/132] Обработка района: Донской
2025-10-30 22:27:23,015 - ERROR - [<cell line: 0>] - Ошибка в районе Донской: name 'получить_бизнес_центры_в_районе' is not defined
2025-10-30 22:27:23,016 - INFO - [<cell line: 0>] - [31/132] Обработка района: Дорогомилово
2025-10-30 22:27:23,018 - ERROR - [<cell line: 0>] - Ошибка в районе Дорогомилово: name 'получить_бизнес_центры_в_районе' is not defined
2025-10-30 22:27:23,018 - INFO - [<cell line: 0>] - [32/132] Обработка района: Замоскворечье
2025-10-30 22:27:23,019 - ERROR - [<cell line: 0>] - Ошибка в районе Замоскворечье: name 'получить_бизнес_центры_в_районе' is not defined
2025-10-30 22:27:23,020 - INFO - [<cell line: 0>] - [33/132] Обработка района: Западное Дегунино
2025-10-30 22:27:23,021 - ERROR - [<cell line: 0>] - Ошибка в районе Западное Дегунино: name 'получить_бизнес_центры_в_районе' is not defined
2025-10-30 22:27:23,023 - INFO - [<cell line: 0>] - [34/132] Обработка района: Зюзино
2025-10-30 22:27:23,024 - ERROR - [<cell line: 0>] - Ошибка в районе Зюзино: name 'получить_бизнес_центры_в_районе' is not defined
2025-10-30 22:27:23,025 - INFO - [<cell line: 0>] - [35/132] Обработка района: Зябликово
2025-10-30 22:27:23,026 - ERROR - [<cell line: 0>] - Ошибка в районе Зябликово: name 'получить_бизнес_центры_в_районе' is not defined
2025-10-30 22:27:23,027 - INFO - [<cell line: 0>] - [36/132] Обработка района: Ивановское
2025-10-30 22:27:23,028 - ERROR - [<cell line: 0>] - Ошибка в районе Ивановское: name 'получить_бизнес_центры_в_районе' is not defined
2025-10-30 22:27:23,029 - INFO - [<cell line: 0>] - [37/132] Обработка района: Измайлово
2025-10-30 22:27:23,029 - ERROR - [<cell line: 0>] - Ошибка в районе Измайлово: name 'получить_бизнес_центры_в_районе' is not defined
2025-10-30 22:27:23,030 - INFO - [<cell line: 0>] - [38/132] Обработка района: Капотня
2025-10-30 22:27:23,031 - ERROR - [<cell line: 0>] - Ошибка в районе Капотня: name 'получить_бизнес_центры_в_районе' is not defined
2025-10-30 22:27:23,032 - INFO - [<cell line: 0>] - [39/132] Обработка района: Коммунарка
2025-10-30 22:27:23,033 - ERROR - [<cell line: 0>] - Ошибка в районе Коммунарка: name 'получить_бизнес_центры_в_районе' is not defined
2025-10-30 22:27:23,034 - INFO - [<cell line: 0>] - [40/132] Обработка района: Коньково
2025-10-30 22:27:23,035 - ERROR - [<cell line: 0>] - Ошибка в районе Коньково: name 'получить_бизнес_центры_в_районе' is not defined
2025-10-30 22:27:23,036 - INFO - [<cell line: 0>] - [41/132] Обработка района: Коптево
2025-10-30 22:27:23,037 - ERROR - [<cell line: 0>] - Ошибка в районе Коптево: name 'получить_бизнес_центры_в_районе' is not defined
2025-10-30 22:27:23,038 - INFO - [<cell line: 0>] - [42/132] Обработка района: Косино-Ухтомский
2025-10-30 22:27:23,039 - ERROR - [<cell line: 0>] - Ошибка в районе Косино-Ухтомский: name 'получить_бизнес_центры_в_районе' is not defined
2025-10-30 22:27:23,044 - INFO - [<cell line: 0>] - [43/132] Обработка района: Котловка
2025-10-30 22:27:23,046 - ERROR - [<cell line: 0>] - Ошибка в районе Котловка: name 'получить_бизнес_центры_в_районе' is not defined
2025-10-30 22:27:23,047 - INFO - [<cell line: 0>] - [44/132] Обработка района: Краснопахорский
2025-10-30 22:27:23,048 - ERROR - [<cell line: 0>] - Ошибка в районе Краснопахорский: name 'получить_бизнес_центры_в_районе' is not defined
2025-10-30 22:27:23,050 - INFO - [<cell line: 0>] - [45/132] Обработка района: Красносельский
2025-10-30 22:27:23,051 - ERROR - [<cell line: 0>] - Ошибка в районе Красносельский: name 'получить_бизнес_центры_в_районе' is not defined
2025-10-30 22:27:23,052 - INFO - [<cell line: 0>] - [46/132] Обработка района: Крылатское
2025-10-30 22:27:23,053 - ERROR - [<cell line: 0>] - Ошибка в районе Крылатское: name 'получить_бизнес_центры_в_районе' is not defined
2025-10-30 22:27:23,055 - INFO - [<cell line: 0>] - [47/132] Обработка района: Крюково
2025-10-30 22:27:23,055 - ERROR - [<cell line: 0>] - Ошибка в районе Крюково: name 'получить_бизнес_центры_в_районе' is not defined
2025-10-30 22:27:23,056 - INFO - [<cell line: 0>] - [48/132] Обработка района: Кузьминки
2025-10-30 22:27:23,057 - ERROR - [<cell line: 0>] - Ошибка в районе Кузьминки: name 'получить_бизнес_центры_в_районе' is not defined
2025-10-30 22:27:23,058 - INFO - [<cell line: 0>] - [49/132] Обработка района: Кунцево
2025-10-30 22:27:23,059 - ERROR - [<cell line: 0>] - Ошибка в районе Кунцево: name 'получить_бизнес_центры_в_районе' is not defined
2025-10-30 22:27:23,060 - INFO - [<cell line: 0>] - [50/132] Обработка района: Куркино
2025-10-30 22:27:23,061 - ERROR - [<cell line: 0>] - Ошибка в районе Куркино: name 'получить_бизнес_центры_в_районе' is not defined
2025-10-30 22:27:23,062 - INFO - [<cell line: 0>] - [51/132] Обработка района: Левобережный
2025-10-30 22:27:23,062 - ERROR - [<cell line: 0>] - Ошибка в районе Левобережный: name 'получить_бизнес_центры_в_районе' is not defined
2025-10-30 22:27:23,063 - INFO - [<cell line: 0>] - [52/132] Обработка района: Лефортово
2025-10-30 22:27:23,064 - ERROR - [<cell line: 0>] - Ошибка в районе Лефортово: name 'получить_бизнес_центры_в_районе' is not defined
2025-10-30 22:27:23,065 - INFO - [<cell line: 0>] - [53/132] Обработка района: Лианозово
2025-10-30 22:27:23,065 - ERROR - [<cell line: 0>] - Ошибка в районе Лианозово: name 'получить_бизнес_центры_в_районе' is not defined
2025-10-30 22:27:23,067 - INFO - [<cell line: 0>] - [54/132] Обработка района: Ломоносовский
2025-10-30 22:27:23,068 - ERROR - [<cell line: 0>] - Ошибка в районе Ломоносовский: name 'получить_бизнес_центры_в_районе' is not defined
2025-10-30 22:27:23,068 - INFO - [<cell line: 0>] - [55/132] Обработка района: Лосиноостровский
2025-10-30 22:27:23,069 - ERROR - [<cell line: 0>] - Ошибка в районе Лосиноостровский: name 'получить_бизнес_центры_в_районе' is not defined
2025-10-30 22:27:23,070 - INFO - [<cell line: 0>] - [56/132] Обработка района: Люблино
2025-10-30 22:27:23,070 - ERROR - [<cell line: 0>] - Ошибка в районе Люблино: name 'получить_бизнес_центры_в_районе' is not defined
2025-10-30 22:27:23,071 - INFO - [<cell line: 0>] - [57/132] Обработка района: Марфино
2025-10-30 22:27:23,072 - ERROR - [<cell line: 0>] - Ошибка в районе Марфино: name 'получить_бизнес_центры_в_районе' is not defined
2025-10-30 22:27:23,073 - INFO - [<cell line: 0>] - [58/132] Обработка района: Марьина Роща
2025-10-30 22:27:23,073 - ERROR - [<cell line: 0>] - Ошибка в районе Марьина Роща: name 'получить_бизнес_центры_в_районе' is not defined
2025-10-30 22:27:23,074 - INFO - [<cell line: 0>] - [59/132] Обработка района: Марьино
2025-10-30 22:27:23,075 - ERROR - [<cell line: 0>] - Ошибка в районе Марьино: name 'получить_бизнес_центры_в_районе' is not defined
2025-10-30 22:27:23,076 - INFO - [<cell line: 0>] - [60/132] Обработка района: Матушкино
2025-10-30 22:27:23,077 - ERROR - [<cell line: 0>] - Ошибка в районе Матушкино: name 'получить_бизнес_центры_в_районе' is not defined
2025-10-30 22:27:23,077 - INFO - [<cell line: 0>] - [61/132] Обработка района: Метрогородок
2025-10-30 22:27:23,078 - ERROR - [<cell line: 0>] - Ошибка в районе Метрогородок: name 'получить_бизнес_центры_в_районе' is not defined
2025-10-30 22:27:23,079 - INFO - [<cell line: 0>] - [62/132] Обработка района: Мещанский
2025-10-30 22:27:23,080 - ERROR - [<cell line: 0>] - Ошибка в районе Мещанский: name 'получить_бизнес_центры_в_районе' is not defined
2025-10-30 22:27:23,081 - INFO - [<cell line: 0>] - [63/132] Обработка района: Митино
2025-10-30 22:27:23,082 - ERROR - [<cell line: 0>] - Ошибка в районе Митино: name 'получить_бизнес_центры_в_районе' is not defined
2025-10-30 22:27:23,083 - INFO - [<cell line: 0>] - [64/132] Обработка района: Можайский
2025-10-30 22:27:23,084 - ERROR - [<cell line: 0>] - Ошибка в районе Можайский: name 'получить_бизнес_центры_в_районе' is not defined
2025-10-30 22:27:23,084 - INFO - [<cell line: 0>] - [65/132] Обработка района: Молжаниновский
2025-10-30 22:27:23,085 - ERROR - [<cell line: 0>] - Ошибка в районе Молжаниновский: name 'получить_бизнес_центры_в_районе' is not defined
2025-10-30 22:27:23,086 - INFO - [<cell line: 0>] - [66/132] Обработка района: Москворечье-Сабурово
2025-10-30 22:27:23,087 - ERROR - [<cell line: 0>] - Ошибка в районе Москворечье-Сабурово: name 'получить_бизнес_центры_в_районе' is not defined
2025-10-30 22:27:23,088 - INFO - [<cell line: 0>] - [67/132] Обработка района: Нагатино-Садовники
2025-10-30 22:27:23,088 - ERROR - [<cell line: 0>] - Ошибка в районе Нагатино-Садовники: name 'получить_бизнес_центры_в_районе' is not defined
2025-10-30 22:27:23,089 - INFO - [<cell line: 0>] - [68/132] Обработка района: Нагатинский Затон
2025-10-30 22:27:23,090 - ERROR - [<cell line: 0>] - Ошибка в районе Нагатинский Затон: name 'получить_бизнес_центры_в_районе' is not defined
2025-10-30 22:27:23,091 - INFO - [<cell line: 0>] - [69/132] Обработка района: Нагорный
2025-10-30 22:27:23,092 - ERROR - [<cell line: 0>] - Ошибка в районе Нагорный: name 'получить_бизнес_центры_в_районе' is not defined
2025-10-30 22:27:23,092 - INFO - [<cell line: 0>] - [70/132] Обработка района: Некрасовка
2025-10-30 22:27:23,093 - ERROR - [<cell line: 0>] - Ошибка в районе Некрасовка: name 'получить_бизнес_центры_в_районе' is not defined
2025-10-30 22:27:23,095 - INFO - [<cell line: 0>] - [71/132] Обработка района: Нижегородский
2025-10-30 22:27:23,096 - ERROR - [<cell line: 0>] - Ошибка в районе Нижегородский: name 'получить_бизнес_центры_в_районе' is not defined
2025-10-30 22:27:23,096 - INFO - [<cell line: 0>] - [72/132] Обработка района: Новогиреево
2025-10-30 22:27:23,097 - ERROR - [<cell line: 0>] - Ошибка в районе Новогиреево: name 'получить_бизнес_центры_в_районе' is not defined
2025-10-30 22:27:23,097 - INFO - [<cell line: 0>] - [73/132] Обработка района: Новокосино
2025-10-30 22:27:23,098 - ERROR - [<cell line: 0>] - Ошибка в районе Новокосино: name 'получить_бизнес_центры_в_районе' is not defined
2025-10-30 22:27:23,099 - INFO - [<cell line: 0>] - [74/132] Обработка района: Ново-Переделкино
2025-10-30 22:27:23,099 - ERROR - [<cell line: 0>] - Ошибка в районе Ново-Переделкино: name 'получить_бизнес_центры_в_районе' is not defined
2025-10-30 22:27:23,100 - INFO - [<cell line: 0>] - [75/132] Обработка района: Обручевский
2025-10-30 22:27:23,101 - ERROR - [<cell line: 0>] - Ошибка в районе Обручевский: name 'получить_бизнес_центры_в_районе' is not defined
2025-10-30 22:27:23,101 - INFO - [<cell line: 0>] - [76/132] Обработка района: Орехово-Борисово Северное
2025-10-30 22:27:23,102 - ERROR - [<cell line: 0>] - Ошибка в районе Орехово-Борисово Северное: name 'получить_бизнес_центры_в_районе' is not defined
2025-10-30 22:27:23,103 - INFO - [<cell line: 0>] - [77/132] Обработка района: Орехово-Борисово Южное
2025-10-30 22:27:23,105 - ERROR - [<cell line: 0>] - Ошибка в районе Орехово-Борисово Южное: name 'получить_бизнес_центры_в_районе' is not defined
2025-10-30 22:27:23,106 - INFO - [<cell line: 0>] - [78/132] Обработка района: Останкинский
2025-10-30 22:27:23,106 - ERROR - [<cell line: 0>] - Ошибка в районе Останкинский: name 'получить_бизнес_центры_в_районе' is not defined
2025-10-30 22:27:23,107 - INFO - [<cell line: 0>] - [79/132] Обработка района: Отрадное
2025-10-30 22:27:23,107 - ERROR - [<cell line: 0>] - Ошибка в районе Отрадное: name 'получить_бизнес_центры_в_районе' is not defined
2025-10-30 22:27:23,108 - INFO - [<cell line: 0>] - [80/132] Обработка района: Очаково-Матвеевское
2025-10-30 22:27:23,109 - ERROR - [<cell line: 0>] - Ошибка в районе Очаково-Матвеевское: name 'получить_бизнес_центры_в_районе' is not defined
2025-10-30 22:27:23,109 - INFO - [<cell line: 0>] - [81/132] Обработка района: Перово
2025-10-30 22:27:23,110 - ERROR - [<cell line: 0>] - Ошибка в районе Перово: name 'получить_бизнес_центры_в_районе' is not defined
2025-10-30 22:27:23,111 - INFO - [<cell line: 0>] - [82/132] Обработка района: Печатники
2025-10-30 22:27:23,113 - ERROR - [<cell line: 0>] - Ошибка в районе Печатники: name 'получить_бизнес_центры_в_районе' is not defined
2025-10-30 22:27:23,114 - INFO - [<cell line: 0>] - [83/132] Обработка района: Покровское-Стрешнево
2025-10-30 22:27:23,115 - ERROR - [<cell line: 0>] - Ошибка в районе Покровское-Стрешнево: name 'получить_бизнес_центры_в_районе' is not defined
2025-10-30 22:27:23,115 - INFO - [<cell line: 0>] - [84/132] Обработка района: Преображенское
2025-10-30 22:27:23,116 - ERROR - [<cell line: 0>] - Ошибка в районе Преображенское: name 'получить_бизнес_центры_в_районе' is not defined
2025-10-30 22:27:23,117 - INFO - [<cell line: 0>] - [85/132] Обработка района: Пресненский
2025-10-30 22:27:23,117 - ERROR - [<cell line: 0>] - Ошибка в районе Пресненский: name 'получить_бизнес_центры_в_районе' is not defined
2025-10-30 22:27:23,118 - INFO - [<cell line: 0>] - [86/132] Обработка района: Проспект Вернадского
2025-10-30 22:27:23,118 - ERROR - [<cell line: 0>] - Ошибка в районе Проспект Вернадского: name 'получить_бизнес_центры_в_районе' is not defined
2025-10-30 22:27:23,119 - INFO - [<cell line: 0>] - [87/132] Обработка района: Раменки
2025-10-30 22:27:23,120 - ERROR - [<cell line: 0>] - Ошибка в районе Раменки: name 'получить_бизнес_центры_в_районе' is not defined
2025-10-30 22:27:23,120 - INFO - [<cell line: 0>] - [88/132] Обработка района: Ростокино
2025-10-30 22:27:23,121 - ERROR - [<cell line: 0>] - Ошибка в районе Ростокино: name 'получить_бизнес_центры_в_районе' is not defined
2025-10-30 22:27:23,122 - INFO - [<cell line: 0>] - [89/132] Обработка района: Рязанский
2025-10-30 22:27:23,123 - ERROR - [<cell line: 0>] - Ошибка в районе Рязанский: name 'получить_бизнес_центры_в_районе' is not defined
2025-10-30 22:27:23,125 - INFO - [<cell line: 0>] - [90/132] Обработка района: Савёлки
2025-10-30 22:27:23,126 - ERROR - [<cell line: 0>] - Ошибка в районе Савёлки: name 'получить_бизнес_центры_в_районе' is not defined
2025-10-30 22:27:23,127 - INFO - [<cell line: 0>] - [91/132] Обработка района: Савёловский
2025-10-30 22:27:23,127 - ERROR - [<cell line: 0>] - Ошибка в районе Савёловский: name 'получить_бизнес_центры_в_районе' is not defined
2025-10-30 22:27:23,128 - INFO - [<cell line: 0>] - [92/132] Обработка района: Свиблово
2025-10-30 22:27:23,129 - ERROR - [<cell line: 0>] - Ошибка в районе Свиблово: name 'получить_бизнес_центры_в_районе' is not defined
2025-10-30 22:27:23,129 - INFO - [<cell line: 0>] - [93/132] Обработка района: Северное Бутово
2025-10-30 22:27:23,130 - ERROR - [<cell line: 0>] - Ошибка в районе Северное Бутово: name 'получить_бизнес_центры_в_районе' is not defined
2025-10-30 22:27:23,131 - INFO - [<cell line: 0>] - [94/132] Обработка района: Северное Измайлово
2025-10-30 22:27:23,131 - ERROR - [<cell line: 0>] - Ошибка в районе Северное Измайлово: name 'получить_бизнес_центры_в_районе' is not defined
2025-10-30 22:27:23,132 - INFO - [<cell line: 0>] - [95/132] Обработка района: Северное Медведково
2025-10-30 22:27:23,132 - ERROR - [<cell line: 0>] - Ошибка в районе Северное Медведково: name 'получить_бизнес_центры_в_районе' is not defined
2025-10-30 22:27:23,133 - INFO - [<cell line: 0>] - [96/132] Обработка района: Северное Тушино
2025-10-30 22:27:23,134 - ERROR - [<cell line: 0>] - Ошибка в районе Северное Тушино: name 'получить_бизнес_центры_в_районе' is not defined
2025-10-30 22:27:23,135 - INFO - [<cell line: 0>] - [97/132] Обработка района: Северный
2025-10-30 22:27:23,135 - ERROR - [<cell line: 0>] - Ошибка в районе Северный: name 'получить_бизнес_центры_в_районе' is not defined
2025-10-30 22:27:23,136 - INFO - [<cell line: 0>] - [98/132] Обработка района: Силино
2025-10-30 22:27:23,137 - ERROR - [<cell line: 0>] - Ошибка в районе Силино: name 'получить_бизнес_центры_в_районе' is not defined
2025-10-30 22:27:23,138 - INFO - [<cell line: 0>] - [99/132] Обработка района: Сокол
2025-10-30 22:27:23,138 - ERROR - [<cell line: 0>] - Ошибка в районе Сокол: name 'получить_бизнес_центры_в_районе' is not defined
2025-10-30 22:27:23,139 - INFO - [<cell line: 0>] - [100/132] Обработка района: Соколиная Гора
2025-10-30 22:27:23,141 - ERROR - [<cell line: 0>] - Ошибка в районе Соколиная Гора: name 'получить_бизнес_центры_в_районе' is not defined
2025-10-30 22:27:23,142 - INFO - [<cell line: 0>] - [101/132] Обработка района: Сокольники
2025-10-30 22:27:23,142 - ERROR - [<cell line: 0>] - Ошибка в районе Сокольники: name 'получить_бизнес_центры_в_районе' is not defined
2025-10-30 22:27:23,143 - INFO - [<cell line: 0>] - [102/132] Обработка района: Солнцево
2025-10-30 22:27:23,144 - ERROR - [<cell line: 0>] - Ошибка в районе Солнцево: name 'получить_бизнес_центры_в_районе' is not defined
2025-10-30 22:27:23,145 - INFO - [<cell line: 0>] - [103/132] Обработка района: Старое Крюково
2025-10-30 22:27:23,145 - ERROR - [<cell line: 0>] - Ошибка в районе Старое Крюково: name 'получить_бизнес_центры_в_районе' is not defined
2025-10-30 22:27:23,146 - INFO - [<cell line: 0>] - [104/132] Обработка района: Строгино
2025-10-30 22:27:23,146 - ERROR - [<cell line: 0>] - Ошибка в районе Строгино: name 'получить_бизнес_центры_в_районе' is not defined
2025-10-30 22:27:23,147 - INFO - [<cell line: 0>] - [105/132] Обработка района: Таганский
2025-10-30 22:27:23,148 - ERROR - [<cell line: 0>] - Ошибка в районе Таганский: name 'получить_бизнес_центры_в_районе' is not defined
2025-10-30 22:27:23,148 - INFO - [<cell line: 0>] - [106/132] Обработка района: Тверской
2025-10-30 22:27:23,149 - ERROR - [<cell line: 0>] - Ошибка в районе Тверской: name 'получить_бизнес_центры_в_районе' is not defined
2025-10-30 22:27:23,150 - INFO - [<cell line: 0>] - [107/132] Обработка района: Текстильщики
2025-10-30 22:27:23,151 - ERROR - [<cell line: 0>] - Ошибка в районе Текстильщики: name 'получить_бизнес_центры_в_районе' is not defined
2025-10-30 22:27:23,151 - INFO - [<cell line: 0>] - [108/132] Обработка района: Тёплый Стан
2025-10-30 22:27:23,152 - ERROR - [<cell line: 0>] - Ошибка в районе Тёплый Стан: name 'получить_бизнес_центры_в_районе' is not defined
2025-10-30 22:27:23,153 - INFO - [<cell line: 0>] - [109/132] Обработка района: Тимирязевский
2025-10-30 22:27:23,154 - ERROR - [<cell line: 0>] - Ошибка в районе Тимирязевский: name 'получить_бизнес_центры_в_районе' is not defined
2025-10-30 22:27:23,154 - INFO - [<cell line: 0>] - [110/132] Обработка района: Троицк
2025-10-30 22:27:23,155 - ERROR - [<cell line: 0>] - Ошибка в районе Троицк: name 'получить_бизнес_центры_в_районе' is not defined
2025-10-30 22:27:23,156 - INFO - [<cell line: 0>] - [111/132] Обработка района: Тропарёво-Никулино
2025-10-30 22:27:23,156 - ERROR - [<cell line: 0>] - Ошибка в районе Тропарёво-Никулино: name 'получить_бизнес_центры_в_районе' is not defined
2025-10-30 22:27:23,157 - INFO - [<cell line: 0>] - [112/132] Обработка района: Филёвский Парк
2025-10-30 22:27:23,158 - ERROR - [<cell line: 0>] - Ошибка в районе Филёвский Парк: name 'получить_бизнес_центры_в_районе' is not defined
2025-10-30 22:27:23,161 - INFO - [<cell line: 0>] - [113/132] Обработка района: Фили-Давыдково
2025-10-30 22:27:23,161 - ERROR - [<cell line: 0>] - Ошибка в районе Фили-Давыдково: name 'получить_бизнес_центры_в_районе' is not defined
2025-10-30 22:27:23,162 - INFO - [<cell line: 0>] - [114/132] Обработка района: Филимонковский
2025-10-30 22:27:23,162 - ERROR - [<cell line: 0>] - Ошибка в районе Филимонковский: name 'получить_бизнес_центры_в_районе' is not defined
2025-10-30 22:27:23,163 - INFO - [<cell line: 0>] - [115/132] Обработка района: Хамовники
2025-10-30 22:27:23,164 - ERROR - [<cell line: 0>] - Ошибка в районе Хамовники: name 'получить_бизнес_центры_в_районе' is not defined
2025-10-30 22:27:23,165 - INFO - [<cell line: 0>] - [116/132] Обработка района: Ховрино
2025-10-30 22:27:23,165 - ERROR - [<cell line: 0>] - Ошибка в районе Ховрино: name 'получить_бизнес_центры_в_районе' is not defined
2025-10-30 22:27:23,166 - INFO - [<cell line: 0>] - [117/132] Обработка района: Хорошёво-Мнёвники
2025-10-30 22:27:23,166 - ERROR - [<cell line: 0>] - Ошибка в районе Хорошёво-Мнёвники: name 'получить_бизнес_центры_в_районе' is not defined
2025-10-30 22:27:23,167 - INFO - [<cell line: 0>] - [118/132] Обработка района: Хорошёвский
2025-10-30 22:27:23,169 - ERROR - [<cell line: 0>] - Ошибка в районе Хорошёвский: name 'получить_бизнес_центры_в_районе' is not defined
2025-10-30 22:27:23,170 - INFO - [<cell line: 0>] - [119/132] Обработка района: Царицыно
2025-10-30 22:27:23,170 - ERROR - [<cell line: 0>] - Ошибка в районе Царицыно: name 'получить_бизнес_центры_в_районе' is not defined
2025-10-30 22:27:23,171 - INFO - [<cell line: 0>] - [120/132] Обработка района: Черёмушки
2025-10-30 22:27:23,172 - ERROR - [<cell line: 0>] - Ошибка в районе Черёмушки: name 'получить_бизнес_центры_в_районе' is not defined
2025-10-30 22:27:23,173 - INFO - [<cell line: 0>] - [121/132] Обработка района: Чертаново Северное
2025-10-30 22:27:23,174 - ERROR - [<cell line: 0>] - Ошибка в районе Чертаново Северное: name 'получить_бизнес_центры_в_районе' is not defined
2025-10-30 22:27:23,175 - INFO - [<cell line: 0>] - [122/132] Обработка района: Чертаново Центральное
2025-10-30 22:27:23,175 - ERROR - [<cell line: 0>] - Ошибка в районе Чертаново Центральное: name 'получить_бизнес_центры_в_районе' is not defined
2025-10-30 22:27:23,176 - INFO - [<cell line: 0>] - [123/132] Обработка района: Чертаново Южное
2025-10-30 22:27:23,178 - ERROR - [<cell line: 0>] - Ошибка в районе Чертаново Южное: name 'получить_бизнес_центры_в_районе' is not defined
2025-10-30 22:27:23,179 - INFO - [<cell line: 0>] - [124/132] Обработка района: Щербинка
2025-10-30 22:27:23,180 - ERROR - [<cell line: 0>] - Ошибка в районе Щербинка: name 'получить_бизнес_центры_в_районе' is not defined
2025-10-30 22:27:23,180 - INFO - [<cell line: 0>] - [125/132] Обработка района: Щукино
2025-10-30 22:27:23,181 - ERROR - [<cell line: 0>] - Ошибка в районе Щукино: name 'получить_бизнес_центры_в_районе' is not defined
2025-10-30 22:27:23,182 - INFO - [<cell line: 0>] - [126/132] Обработка района: Южное Бутово
2025-10-30 22:27:23,182 - ERROR - [<cell line: 0>] - Ошибка в районе Южное Бутово: name 'получить_бизнес_центры_в_районе' is not defined
2025-10-30 22:27:23,185 - INFO - [<cell line: 0>] - [127/132] Обработка района: Южное Медведково
2025-10-30 22:27:23,185 - ERROR - [<cell line: 0>] - Ошибка в районе Южное Медведково: name 'получить_бизнес_центры_в_районе' is not defined
2025-10-30 22:27:23,186 - INFO - [<cell line: 0>] - [128/132] Обработка района: Южное Тушино
2025-10-30 22:27:23,188 - ERROR - [<cell line: 0>] - Ошибка в районе Южное Тушино: name 'получить_бизнес_центры_в_районе' is not defined
2025-10-30 22:27:23,188 - INFO - [<cell line: 0>] - [129/132] Обработка района: Южнопортовый
2025-10-30 22:27:23,191 - ERROR - [<cell line: 0>] - Ошибка в районе Южнопортовый: name 'получить_бизнес_центры_в_районе' is not defined
2025-10-30 22:27:23,193 - INFO - [<cell line: 0>] - [130/132] Обработка района: Якиманка
2025-10-30 22:27:23,194 - ERROR - [<cell line: 0>] - Ошибка в районе Якиманка: name 'получить_бизнес_центры_в_районе' is not defined
2025-10-30 22:27:23,195 - INFO - [<cell line: 0>] - [131/132] Обработка района: Ярославский
2025-10-30 22:27:23,195 - ERROR - [<cell line: 0>] - Ошибка в районе Ярославский: name 'получить_бизнес_центры_в_районе' is not defined
2025-10-30 22:27:23,196 - INFO - [<cell line: 0>] - [132/132] Обработка района: Ясенево
2025-10-30 22:27:23,196 - ERROR - [<cell line: 0>] - Ошибка в районе Ясенево: name 'получить_бизнес_центры_в_районе' is not defined
2025-10-30 22:27:23,197 - INFO - [<cell line: 0>] - ============================================================
2025-10-30 22:27:23,198 - INFO - [<cell line: 0>] - СБОР ДАННЫХ ЗАВЕРШЕН
2025-10-30 22:27:23,199 - INFO - [<cell line: 0>] - Время выполнения: 0.25 секунд
2025-10-30 22:27:23,200 - INFO - [<cell line: 0>] - Всего собрано бизнес-центров: 0
2025-10-30 22:27:23,201 - INFO - [<cell line: 0>] - ============================================================
2025-10-30 22:27:23,202 - ERROR - [<cell line: 0>] - Не удалось собрать данные о бизнес-центрах
