2025-10-30 22:28:33,720 - INFO - [<cell line: 0>] - ============================================================
2025-10-30 22:28:33,721 - INFO - [<cell line: 0>] - ЗАПУСК СБОРА ДАННЫХ ПО БИЗНЕС-ЦЕНТРАМ МОСКВЫ
2025-10-30 22:28:33,722 - INFO - [<cell line: 0>] - Конфигурация логирования: уровень=INFO, файл=True, консоль=True
2025-10-30 22:28:33,724 - INFO - [<cell line: 0>] - Количество районов для обработки: 132
2025-10-30 22:28:33,726 - INFO - [<cell line: 0>] - ============================================================
2025-10-30 22:28:33,726 - INFO - [<cell line: 0>] - [1/132] Обработка района: Академический
2025-10-30 22:28:33,728 - INFO - [получить_бизнес_центры_в_районе] - Начало сбора бизнес-центров для района: Академический (ID: 4504209512726625)
2025-10-30 22:28:34,252 - INFO - [получить_бизнес_центры_в_районе] - Загружено 10 бизнес-центров со страницы 1
2025-10-30 22:28:35,166 - INFO - [получить_бизнес_центры_в_районе] - Загружено 3 бизнес-центров со страницы 2
2025-10-30 22:28:36,082 - WARNING - [получить_бизнес_центры_в_районе] - На странице 3 нет данных в ожидаемом формате
2025-10-30 22:28:36,979 - WARNING - [получить_бизнес_центры_в_районе] - На странице 4 нет данных в ожидаемом формате
2025-10-30 22:28:37,906 - WARNING - [получить_бизнес_центры_в_районе] - На странице 5 нет данных в ожидаемом формате
2025-10-30 22:28:37,907 - ERROR - [<cell line: 0>] - Ошибка в районе Академический: name 'все_музеи' is not defined
2025-10-30 22:28:37,909 - INFO - [<cell line: 0>] - [2/132] Обработка района: Алексеевский
2025-10-30 22:28:37,911 - INFO - [получить_бизнес_центры_в_районе] - Начало сбора бизнес-центров для района: Алексеевский (ID: 4504209512726568)
2025-10-30 22:28:38,339 - INFO - [получить_бизнес_центры_в_районе] - Загружено 10 бизнес-центров со страницы 1
2025-10-30 22:28:39,261 - INFO - [получить_бизнес_центры_в_районе] - Загружено 7 бизнес-центров со страницы 2
2025-10-30 22:28:40,173 - WARNING - [получить_бизнес_центры_в_районе] - На странице 3 нет данных в ожидаемом формате
2025-10-30 22:28:41,073 - WARNING - [получить_бизнес_центры_в_районе] - На странице 4 нет данных в ожидаемом формате
2025-10-30 22:28:41,985 - WARNING - [получить_бизнес_центры_в_районе] - На странице 5 нет данных в ожидаемом формате
2025-10-30 22:28:41,986 - ERROR - [<cell line: 0>] - Ошибка в районе Алексеевский: name 'все_музеи' is not defined
2025-10-30 22:28:41,987 - INFO - [<cell line: 0>] - [3/132] Обработка района: Алтуфьевский
2025-10-30 22:28:41,989 - INFO - [получить_бизнес_центры_в_районе] - Начало сбора бизнес-центров для района: Алтуфьевский (ID: 4504209512726557)
