2025-10-30 21:51:24,708 - INFO - [<cell line: 0>] - ============================================================
2025-10-30 21:51:24,709 - INFO - [<cell line: 0>] - ЗАПУСК СБОРА ДАННЫХ ПО МУЗЕЯМ МОСКВЫ
2025-10-30 21:51:24,709 - INFO - [<cell line: 0>] - Конфигурация логирования: уровень=INFO, файл=True, консоль=True
2025-10-30 21:51:24,710 - INFO - [<cell line: 0>] - Количество районов для обработки: 132
2025-10-30 21:51:24,711 - INFO - [<cell line: 0>] - ============================================================
2025-10-30 21:51:24,712 - INFO - [<cell line: 0>] - [1/132] Обработка района: Академический
2025-10-30 21:51:24,712 - INFO - [получить_музеи_в_районе] - Начало сбора музеев для района: Академический (ID: 4504209512726625)
2025-10-30 21:51:25,218 - INFO - [получить_музеи_в_районе] - Загружено 8 кафе со страницы 1
2025-10-30 21:51:26,100 - WARNING - [получить_музеи_в_районе] - На странице 2 нет данных в ожидаемом формате
2025-10-30 21:51:26,987 - WARNING - [получить_музеи_в_районе] - На странице 3 нет данных в ожидаемом формате
2025-10-30 21:51:27,866 - WARNING - [получить_музеи_в_районе] - На странице 4 нет данных в ожидаемом формате
2025-10-30 21:51:28,750 - WARNING - [получить_музеи_в_районе] - На странице 5 нет данных в ожидаемом формате
2025-10-30 21:51:28,751 - INFO - [получить_музеи_в_районе] - Завершение сбора для района Академический. Найдено музеев: 8
2025-10-30 21:51:28,753 - INFO - [<cell line: 0>] - Район 'Академический' завершен. Музеев: 8
2025-10-30 21:51:29,754 - INFO - [<cell line: 0>] - [2/132] Обработка района: Алексеевский
2025-10-30 21:51:29,755 - INFO - [получить_музеи_в_районе] - Начало сбора музеев для района: Алексеевский (ID: 4504209512726568)
2025-10-30 21:51:30,133 - INFO - [получить_музеи_в_районе] - Загружено 2 кафе со страницы 1
2025-10-30 21:51:31,026 - WARNING - [получить_музеи_в_районе] - На странице 2 нет данных в ожидаемом формате
2025-10-30 21:51:31,902 - WARNING - [получить_музеи_в_районе] - На странице 3 нет данных в ожидаемом формате
2025-10-30 21:51:32,781 - WARNING - [получить_музеи_в_районе] - На странице 4 нет данных в ожидаемом формате
