2025-10-30 21:47:55,284 - INFO - [<cell line: 0>] - ============================================================
2025-10-30 21:47:55,285 - INFO - [<cell line: 0>] - ЗАПУСК СБОРА ДАННЫХ ПО МУЗЕЯМ МОСКВЫ
2025-10-30 21:47:55,286 - INFO - [<cell line: 0>] - Конфигурация логирования: уровень=DEBUG, файл=True, консоль=True
2025-10-30 21:47:55,287 - INFO - [<cell line: 0>] - Количество районов для обработки: 132
2025-10-30 21:47:55,288 - INFO - [<cell line: 0>] - ============================================================
2025-10-30 21:47:55,289 - INFO - [<cell line: 0>] - [1/132] Обработка района: Академический
2025-10-30 21:47:55,290 - ERROR - [<cell line: 0>] - Ошибка в районе Академический: name 'получить_музеи_в_районе' is not defined
2025-10-30 21:47:55,291 - INFO - [<cell line: 0>] - [2/132] Обработка района: Алексеевский
2025-10-30 21:47:55,292 - ERROR - [<cell line: 0>] - Ошибка в районе Алексеевский: name 'получить_музеи_в_районе' is not defined
2025-10-30 21:47:55,293 - INFO - [<cell line: 0>] - [3/132] Обработка района: Алтуфьевский
2025-10-30 21:47:55,294 - ERROR - [<cell line: 0>] - Ошибка в районе Алтуфьевский: name 'получить_музеи_в_районе' is not defined
2025-10-30 21:47:55,295 - INFO - [<cell line: 0>] - [4/132] Обработка района: Арбат
2025-10-30 21:47:55,296 - ERROR - [<cell line: 0>] - Ошибка в районе Арбат: name 'получить_музеи_в_районе' is not defined
2025-10-30 21:47:55,297 - INFO - [<cell line: 0>] - [5/132] Обработка района: Аэропорт
2025-10-30 21:47:55,299 - ERROR - [<cell line: 0>] - Ошибка в районе Аэропорт: name 'получить_музеи_в_районе' is not defined
2025-10-30 21:47:55,299 - INFO - [<cell line: 0>] - [6/132] Обработка района: Бабушкинский
2025-10-30 21:47:55,300 - ERROR - [<cell line: 0>] - Ошибка в районе Бабушкинский: name 'получить_музеи_в_районе' is not defined
2025-10-30 21:47:55,301 - INFO - [<cell line: 0>] - [7/132] Обработка района: Басманный
2025-10-30 21:47:55,302 - ERROR - [<cell line: 0>] - Ошибка в районе Басманный: name 'получить_музеи_в_районе' is not defined
2025-10-30 21:47:55,303 - INFO - [<cell line: 0>] - [8/132] Обработка района: Беговой
2025-10-30 21:47:55,304 - ERROR - [<cell line: 0>] - Ошибка в районе Беговой: name 'получить_музеи_в_районе' is not defined
2025-10-30 21:47:55,304 - INFO - [<cell line: 0>] - [9/132] Обработка района: Бекасово
2025-10-30 21:47:55,305 - ERROR - [<cell line: 0>] - Ошибка в районе Бекасово: name 'получить_музеи_в_районе' is not defined
2025-10-30 21:47:55,306 - INFO - [<cell line: 0>] - [10/132] Обработка района: Бескудниковский
2025-10-30 21:47:55,307 - ERROR - [<cell line: 0>] - Ошибка в районе Бескудниковский: name 'получить_музеи_в_районе' is not defined
2025-10-30 21:47:55,308 - INFO - [<cell line: 0>] - [11/132] Обработка района: Бибирево
2025-10-30 21:47:55,309 - ERROR - [<cell line: 0>] - Ошибка в районе Бибирево: name 'получить_музеи_в_районе' is not defined
2025-10-30 21:47:55,310 - INFO - [<cell line: 0>] - [12/132] Обработка района: Бирюлёво Восточное
2025-10-30 21:47:55,311 - ERROR - [<cell line: 0>] - Ошибка в районе Бирюлёво Восточное: name 'получить_музеи_в_районе' is not defined
2025-10-30 21:47:55,312 - INFO - [<cell line: 0>] - [13/132] Обработка района: Бирюлёво Западное
2025-10-30 21:47:55,314 - ERROR - [<cell line: 0>] - Ошибка в районе Бирюлёво Западное: name 'получить_музеи_в_районе' is not defined
2025-10-30 21:47:55,315 - INFO - [<cell line: 0>] - [14/132] Обработка района: Богородское
2025-10-30 21:47:55,315 - ERROR - [<cell line: 0>] - Ошибка в районе Богородское: name 'получить_музеи_в_районе' is not defined
2025-10-30 21:47:55,316 - INFO - [<cell line: 0>] - [15/132] Обработка района: Братеево
2025-10-30 21:47:55,317 - ERROR - [<cell line: 0>] - Ошибка в районе Братеево: name 'получить_музеи_в_районе' is not defined
2025-10-30 21:47:55,318 - INFO - [<cell line: 0>] - [16/132] Обработка района: Бутырский
2025-10-30 21:47:55,318 - ERROR - [<cell line: 0>] - Ошибка в районе Бутырский: name 'получить_музеи_в_районе' is not defined
2025-10-30 21:47:55,319 - INFO - [<cell line: 0>] - [17/132] Обработка района: Вешняки
2025-10-30 21:47:55,320 - ERROR - [<cell line: 0>] - Ошибка в районе Вешняки: name 'получить_музеи_в_районе' is not defined
2025-10-30 21:47:55,321 - INFO - [<cell line: 0>] - [18/132] Обработка района: Внуково
2025-10-30 21:47:55,321 - ERROR - [<cell line: 0>] - Ошибка в районе Внуково: name 'получить_музеи_в_районе' is not defined
2025-10-30 21:47:55,322 - INFO - [<cell line: 0>] - [19/132] Обработка района: Войковский
2025-10-30 21:47:55,323 - ERROR - [<cell line: 0>] - Ошибка в районе Войковский: name 'получить_музеи_в_районе' is not defined
2025-10-30 21:47:55,324 - INFO - [<cell line: 0>] - [20/132] Обработка района: Вороново
2025-10-30 21:47:55,325 - ERROR - [<cell line: 0>] - Ошибка в районе Вороново: name 'получить_музеи_в_районе' is not defined
2025-10-30 21:47:55,325 - INFO - [<cell line: 0>] - [21/132] Обработка района: Восточное Дегунино
2025-10-30 21:47:55,327 - ERROR - [<cell line: 0>] - Ошибка в районе Восточное Дегунино: name 'получить_музеи_в_районе' is not defined
2025-10-30 21:47:55,327 - INFO - [<cell line: 0>] - [22/132] Обработка района: Восточное Измайлово
2025-10-30 21:47:55,328 - ERROR - [<cell line: 0>] - Ошибка в районе Восточное Измайлово: name 'получить_музеи_в_районе' is not defined
2025-10-30 21:47:55,329 - INFO - [<cell line: 0>] - [23/132] Обработка района: Восточный
2025-10-30 21:47:55,330 - ERROR - [<cell line: 0>] - Ошибка в районе Восточный: name 'получить_музеи_в_районе' is not defined
2025-10-30 21:47:55,331 - INFO - [<cell line: 0>] - [24/132] Обработка района: Выхино-Жулебино
2025-10-30 21:47:55,332 - ERROR - [<cell line: 0>] - Ошибка в районе Выхино-Жулебино: name 'получить_музеи_в_районе' is not defined
2025-10-30 21:47:55,334 - INFO - [<cell line: 0>] - [25/132] Обработка района: Гагаринский
2025-10-30 21:47:55,334 - ERROR - [<cell line: 0>] - Ошибка в районе Гагаринский: name 'получить_музеи_в_районе' is not defined
2025-10-30 21:47:55,335 - INFO - [<cell line: 0>] - [26/132] Обработка района: Головинский
2025-10-30 21:47:55,336 - ERROR - [<cell line: 0>] - Ошибка в районе Головинский: name 'получить_музеи_в_районе' is not defined
2025-10-30 21:47:55,337 - INFO - [<cell line: 0>] - [27/132] Обработка района: Гольяново
2025-10-30 21:47:55,337 - ERROR - [<cell line: 0>] - Ошибка в районе Гольяново: name 'получить_музеи_в_районе' is not defined
2025-10-30 21:47:55,339 - INFO - [<cell line: 0>] - [28/132] Обработка района: Даниловский
2025-10-30 21:47:55,339 - ERROR - [<cell line: 0>] - Ошибка в районе Даниловский: name 'получить_музеи_в_районе' is not defined
2025-10-30 21:47:55,340 - INFO - [<cell line: 0>] - [29/132] Обработка района: Дмитровский
2025-10-30 21:47:55,341 - ERROR - [<cell line: 0>] - Ошибка в районе Дмитровский: name 'получить_музеи_в_районе' is not defined
2025-10-30 21:47:55,342 - INFO - [<cell line: 0>] - [30/132] Обработка района: Донской
2025-10-30 21:47:55,343 - ERROR - [<cell line: 0>] - Ошибка в районе Донской: name 'получить_музеи_в_районе' is not defined
2025-10-30 21:47:55,343 - INFO - [<cell line: 0>] - [31/132] Обработка района: Дорогомилово
2025-10-30 21:47:55,344 - ERROR - [<cell line: 0>] - Ошибка в районе Дорогомилово: name 'получить_музеи_в_районе' is not defined
2025-10-30 21:47:55,345 - INFO - [<cell line: 0>] - [32/132] Обработка района: Замоскворечье
2025-10-30 21:47:55,346 - ERROR - [<cell line: 0>] - Ошибка в районе Замоскворечье: name 'получить_музеи_в_районе' is not defined
2025-10-30 21:47:55,347 - INFO - [<cell line: 0>] - [33/132] Обработка района: Западное Дегунино
2025-10-30 21:47:55,347 - ERROR - [<cell line: 0>] - Ошибка в районе Западное Дегунино: name 'получить_музеи_в_районе' is not defined
2025-10-30 21:47:55,348 - INFO - [<cell line: 0>] - [34/132] Обработка района: Зюзино
2025-10-30 21:47:55,349 - ERROR - [<cell line: 0>] - Ошибка в районе Зюзино: name 'получить_музеи_в_районе' is not defined
2025-10-30 21:47:55,351 - INFO - [<cell line: 0>] - [35/132] Обработка района: Зябликово
2025-10-30 21:47:55,352 - ERROR - [<cell line: 0>] - Ошибка в районе Зябликово: name 'получить_музеи_в_районе' is not defined
2025-10-30 21:47:55,353 - INFO - [<cell line: 0>] - [36/132] Обработка района: Ивановское
2025-10-30 21:47:55,354 - ERROR - [<cell line: 0>] - Ошибка в районе Ивановское: name 'получить_музеи_в_районе' is not defined
2025-10-30 21:47:55,355 - INFO - [<cell line: 0>] - [37/132] Обработка района: Измайлово
2025-10-30 21:47:55,356 - ERROR - [<cell line: 0>] - Ошибка в районе Измайлово: name 'получить_музеи_в_районе' is not defined
2025-10-30 21:47:55,357 - INFO - [<cell line: 0>] - [38/132] Обработка района: Капотня
2025-10-30 21:47:55,358 - ERROR - [<cell line: 0>] - Ошибка в районе Капотня: name 'получить_музеи_в_районе' is not defined
2025-10-30 21:47:55,360 - INFO - [<cell line: 0>] - [39/132] Обработка района: Коммунарка
2025-10-30 21:47:55,361 - ERROR - [<cell line: 0>] - Ошибка в районе Коммунарка: name 'получить_музеи_в_районе' is not defined
2025-10-30 21:47:55,362 - INFO - [<cell line: 0>] - [40/132] Обработка района: Коньково
2025-10-30 21:47:55,363 - ERROR - [<cell line: 0>] - Ошибка в районе Коньково: name 'получить_музеи_в_районе' is not defined
2025-10-30 21:47:55,364 - INFO - [<cell line: 0>] - [41/132] Обработка района: Коптево
2025-10-30 21:47:55,365 - ERROR - [<cell line: 0>] - Ошибка в районе Коптево: name 'получить_музеи_в_районе' is not defined
2025-10-30 21:47:55,366 - INFO - [<cell line: 0>] - [42/132] Обработка района: Косино-Ухтомский
2025-10-30 21:47:55,368 - ERROR - [<cell line: 0>] - Ошибка в районе Косино-Ухтомский: name 'получить_музеи_в_районе' is not defined
2025-10-30 21:47:55,369 - INFO - [<cell line: 0>] - [43/132] Обработка района: Котловка
2025-10-30 21:47:55,370 - ERROR - [<cell line: 0>] - Ошибка в районе Котловка: name 'получить_музеи_в_районе' is not defined
2025-10-30 21:47:55,371 - INFO - [<cell line: 0>] - [44/132] Обработка района: Краснопахорский
2025-10-30 21:47:55,372 - ERROR - [<cell line: 0>] - Ошибка в районе Краснопахорский: name 'получить_музеи_в_районе' is not defined
2025-10-30 21:47:55,374 - INFO - [<cell line: 0>] - [45/132] Обработка района: Красносельский
2025-10-30 21:47:55,375 - ERROR - [<cell line: 0>] - Ошибка в районе Красносельский: name 'получить_музеи_в_районе' is not defined
2025-10-30 21:47:55,376 - INFO - [<cell line: 0>] - [46/132] Обработка района: Крылатское
2025-10-30 21:47:55,377 - ERROR - [<cell line: 0>] - Ошибка в районе Крылатское: name 'получить_музеи_в_районе' is not defined
2025-10-30 21:47:55,380 - INFO - [<cell line: 0>] - [47/132] Обработка района: Крюково
2025-10-30 21:47:55,381 - ERROR - [<cell line: 0>] - Ошибка в районе Крюково: name 'получить_музеи_в_районе' is not defined
2025-10-30 21:47:55,381 - INFO - [<cell line: 0>] - [48/132] Обработка района: Кузьминки
2025-10-30 21:47:55,382 - ERROR - [<cell line: 0>] - Ошибка в районе Кузьминки: name 'получить_музеи_в_районе' is not defined
2025-10-30 21:47:55,383 - INFO - [<cell line: 0>] - [49/132] Обработка района: Кунцево
2025-10-30 21:47:55,383 - ERROR - [<cell line: 0>] - Ошибка в районе Кунцево: name 'получить_музеи_в_районе' is not defined
2025-10-30 21:47:55,384 - INFO - [<cell line: 0>] - [50/132] Обработка района: Куркино
2025-10-30 21:47:55,387 - ERROR - [<cell line: 0>] - Ошибка в районе Куркино: name 'получить_музеи_в_районе' is not defined
2025-10-30 21:47:55,388 - INFO - [<cell line: 0>] - [51/132] Обработка района: Левобережный
2025-10-30 21:47:55,388 - ERROR - [<cell line: 0>] - Ошибка в районе Левобережный: name 'получить_музеи_в_районе' is not defined
2025-10-30 21:47:55,389 - INFO - [<cell line: 0>] - [52/132] Обработка района: Лефортово
2025-10-30 21:47:55,390 - ERROR - [<cell line: 0>] - Ошибка в районе Лефортово: name 'получить_музеи_в_районе' is not defined
2025-10-30 21:47:55,390 - INFO - [<cell line: 0>] - [53/132] Обработка района: Лианозово
2025-10-30 21:47:55,391 - ERROR - [<cell line: 0>] - Ошибка в районе Лианозово: name 'получить_музеи_в_районе' is not defined
2025-10-30 21:47:55,392 - INFO - [<cell line: 0>] - [54/132] Обработка района: Ломоносовский
2025-10-30 21:47:55,392 - ERROR - [<cell line: 0>] - Ошибка в районе Ломоносовский: name 'получить_музеи_в_районе' is not defined
2025-10-30 21:47:55,393 - INFO - [<cell line: 0>] - [55/132] Обработка района: Лосиноостровский
2025-10-30 21:47:55,394 - ERROR - [<cell line: 0>] - Ошибка в районе Лосиноостровский: name 'получить_музеи_в_районе' is not defined
2025-10-30 21:47:55,395 - INFO - [<cell line: 0>] - [56/132] Обработка района: Люблино
2025-10-30 21:47:55,396 - ERROR - [<cell line: 0>] - Ошибка в районе Люблино: name 'получить_музеи_в_районе' is not defined
2025-10-30 21:47:55,397 - INFO - [<cell line: 0>] - [57/132] Обработка района: Марфино
2025-10-30 21:47:55,398 - ERROR - [<cell line: 0>] - Ошибка в районе Марфино: name 'получить_музеи_в_районе' is not defined
2025-10-30 21:47:55,398 - INFO - [<cell line: 0>] - [58/132] Обработка района: Марьина Роща
2025-10-30 21:47:55,399 - ERROR - [<cell line: 0>] - Ошибка в районе Марьина Роща: name 'получить_музеи_в_районе' is not defined
2025-10-30 21:47:55,400 - INFO - [<cell line: 0>] - [59/132] Обработка района: Марьино
2025-10-30 21:47:55,400 - ERROR - [<cell line: 0>] - Ошибка в районе Марьино: name 'получить_музеи_в_районе' is not defined
2025-10-30 21:47:55,401 - INFO - [<cell line: 0>] - [60/132] Обработка района: Матушкино
2025-10-30 21:47:55,403 - ERROR - [<cell line: 0>] - Ошибка в районе Матушкино: name 'получить_музеи_в_районе' is not defined
2025-10-30 21:47:55,404 - INFO - [<cell line: 0>] - [61/132] Обработка района: Метрогородок
2025-10-30 21:47:55,404 - ERROR - [<cell line: 0>] - Ошибка в районе Метрогородок: name 'получить_музеи_в_районе' is not defined
2025-10-30 21:47:55,405 - INFO - [<cell line: 0>] - [62/132] Обработка района: Мещанский
2025-10-30 21:47:55,406 - ERROR - [<cell line: 0>] - Ошибка в районе Мещанский: name 'получить_музеи_в_районе' is not defined
2025-10-30 21:47:55,407 - INFO - [<cell line: 0>] - [63/132] Обработка района: Митино
2025-10-30 21:47:55,409 - ERROR - [<cell line: 0>] - Ошибка в районе Митино: name 'получить_музеи_в_районе' is not defined
2025-10-30 21:47:55,409 - INFO - [<cell line: 0>] - [64/132] Обработка района: Можайский
2025-10-30 21:47:55,410 - ERROR - [<cell line: 0>] - Ошибка в районе Можайский: name 'получить_музеи_в_районе' is not defined
2025-10-30 21:47:55,411 - INFO - [<cell line: 0>] - [65/132] Обработка района: Молжаниновский
2025-10-30 21:47:55,412 - ERROR - [<cell line: 0>] - Ошибка в районе Молжаниновский: name 'получить_музеи_в_районе' is not defined
2025-10-30 21:47:55,413 - INFO - [<cell line: 0>] - [66/132] Обработка района: Москворечье-Сабурово
2025-10-30 21:47:55,413 - ERROR - [<cell line: 0>] - Ошибка в районе Москворечье-Сабурово: name 'получить_музеи_в_районе' is not defined
2025-10-30 21:47:55,414 - INFO - [<cell line: 0>] - [67/132] Обработка района: Нагатино-Садовники
2025-10-30 21:47:55,415 - ERROR - [<cell line: 0>] - Ошибка в районе Нагатино-Садовники: name 'получить_музеи_в_районе' is not defined
2025-10-30 21:47:55,416 - INFO - [<cell line: 0>] - [68/132] Обработка района: Нагатинский Затон
2025-10-30 21:47:55,417 - ERROR - [<cell line: 0>] - Ошибка в районе Нагатинский Затон: name 'получить_музеи_в_районе' is not defined
2025-10-30 21:47:55,417 - INFO - [<cell line: 0>] - [69/132] Обработка района: Нагорный
2025-10-30 21:47:55,419 - ERROR - [<cell line: 0>] - Ошибка в районе Нагорный: name 'получить_музеи_в_районе' is not defined
2025-10-30 21:47:55,420 - INFO - [<cell line: 0>] - [70/132] Обработка района: Некрасовка
2025-10-30 21:47:55,421 - ERROR - [<cell line: 0>] - Ошибка в районе Некрасовка: name 'получить_музеи_в_районе' is not defined
2025-10-30 21:47:55,421 - INFO - [<cell line: 0>] - [71/132] Обработка района: Нижегородский
2025-10-30 21:47:55,422 - ERROR - [<cell line: 0>] - Ошибка в районе Нижегородский: name 'получить_музеи_в_районе' is not defined
2025-10-30 21:47:55,423 - INFO - [<cell line: 0>] - [72/132] Обработка района: Новогиреево
2025-10-30 21:47:55,424 - ERROR - [<cell line: 0>] - Ошибка в районе Новогиреево: name 'получить_музеи_в_районе' is not defined
2025-10-30 21:47:55,424 - INFO - [<cell line: 0>] - [73/132] Обработка района: Новокосино
2025-10-30 21:47:55,425 - ERROR - [<cell line: 0>] - Ошибка в районе Новокосино: name 'получить_музеи_в_районе' is not defined
2025-10-30 21:47:55,427 - INFO - [<cell line: 0>] - [74/132] Обработка района: Ново-Переделкино
2025-10-30 21:47:55,428 - ERROR - [<cell line: 0>] - Ошибка в районе Ново-Переделкино: name 'получить_музеи_в_районе' is not defined
2025-10-30 21:47:55,429 - INFO - [<cell line: 0>] - [75/132] Обработка района: Обручевский
2025-10-30 21:47:55,429 - ERROR - [<cell line: 0>] - Ошибка в районе Обручевский: name 'получить_музеи_в_районе' is not defined
2025-10-30 21:47:55,430 - INFO - [<cell line: 0>] - [76/132] Обработка района: Орехово-Борисово Северное
2025-10-30 21:47:55,432 - ERROR - [<cell line: 0>] - Ошибка в районе Орехово-Борисово Северное: name 'получить_музеи_в_районе' is not defined
2025-10-30 21:47:55,433 - INFO - [<cell line: 0>] - [77/132] Обработка района: Орехово-Борисово Южное
2025-10-30 21:47:55,433 - ERROR - [<cell line: 0>] - Ошибка в районе Орехово-Борисово Южное: name 'получить_музеи_в_районе' is not defined
2025-10-30 21:47:55,434 - INFO - [<cell line: 0>] - [78/132] Обработка района: Останкинский
2025-10-30 21:47:55,435 - ERROR - [<cell line: 0>] - Ошибка в районе Останкинский: name 'получить_музеи_в_районе' is not defined
2025-10-30 21:47:55,436 - INFO - [<cell line: 0>] - [79/132] Обработка района: Отрадное
2025-10-30 21:47:55,436 - ERROR - [<cell line: 0>] - Ошибка в районе Отрадное: name 'получить_музеи_в_районе' is not defined
2025-10-30 21:47:55,437 - INFO - [<cell line: 0>] - [80/132] Обработка района: Очаково-Матвеевское
2025-10-30 21:47:55,438 - ERROR - [<cell line: 0>] - Ошибка в районе Очаково-Матвеевское: name 'получить_музеи_в_районе' is not defined
2025-10-30 21:47:55,439 - INFO - [<cell line: 0>] - [81/132] Обработка района: Перово
2025-10-30 21:47:55,441 - ERROR - [<cell line: 0>] - Ошибка в районе Перово: name 'получить_музеи_в_районе' is not defined
2025-10-30 21:47:55,442 - INFO - [<cell line: 0>] - [82/132] Обработка района: Печатники
2025-10-30 21:47:55,443 - ERROR - [<cell line: 0>] - Ошибка в районе Печатники: name 'получить_музеи_в_районе' is not defined
2025-10-30 21:47:55,444 - INFO - [<cell line: 0>] - [83/132] Обработка района: Покровское-Стрешнево
2025-10-30 21:47:55,444 - ERROR - [<cell line: 0>] - Ошибка в районе Покровское-Стрешнево: name 'получить_музеи_в_районе' is not defined
2025-10-30 21:47:55,445 - INFO - [<cell line: 0>] - [84/132] Обработка района: Преображенское
2025-10-30 21:47:55,446 - ERROR - [<cell line: 0>] - Ошибка в районе Преображенское: name 'получить_музеи_в_районе' is not defined
2025-10-30 21:47:55,448 - INFO - [<cell line: 0>] - [85/132] Обработка района: Пресненский
2025-10-30 21:47:55,448 - ERROR - [<cell line: 0>] - Ошибка в районе Пресненский: name 'получить_музеи_в_районе' is not defined
2025-10-30 21:47:55,449 - INFO - [<cell line: 0>] - [86/132] Обработка района: Проспект Вернадского
2025-10-30 21:47:55,451 - ERROR - [<cell line: 0>] - Ошибка в районе Проспект Вернадского: name 'получить_музеи_в_районе' is not defined
2025-10-30 21:47:55,452 - INFO - [<cell line: 0>] - [87/132] Обработка района: Раменки
2025-10-30 21:47:55,453 - ERROR - [<cell line: 0>] - Ошибка в районе Раменки: name 'получить_музеи_в_районе' is not defined
2025-10-30 21:47:55,454 - INFO - [<cell line: 0>] - [88/132] Обработка района: Ростокино
2025-10-30 21:47:55,455 - ERROR - [<cell line: 0>] - Ошибка в районе Ростокино: name 'получить_музеи_в_районе' is not defined
2025-10-30 21:47:55,455 - INFO - [<cell line: 0>] - [89/132] Обработка района: Рязанский
2025-10-30 21:47:55,456 - ERROR - [<cell line: 0>] - Ошибка в районе Рязанский: name 'получить_музеи_в_районе' is not defined
2025-10-30 21:47:55,457 - INFO - [<cell line: 0>] - [90/132] Обработка района: Савёлки
2025-10-30 21:47:55,458 - ERROR - [<cell line: 0>] - Ошибка в районе Савёлки: name 'получить_музеи_в_районе' is not defined
2025-10-30 21:47:55,459 - INFO - [<cell line: 0>] - [91/132] Обработка района: Савёловский
2025-10-30 21:47:55,460 - ERROR - [<cell line: 0>] - Ошибка в районе Савёловский: name 'получить_музеи_в_районе' is not defined
2025-10-30 21:47:55,460 - INFO - [<cell line: 0>] - [92/132] Обработка района: Свиблово
2025-10-30 21:47:55,461 - ERROR - [<cell line: 0>] - Ошибка в районе Свиблово: name 'получить_музеи_в_районе' is not defined
2025-10-30 21:47:55,463 - INFO - [<cell line: 0>] - [93/132] Обработка района: Северное Бутово
2025-10-30 21:47:55,464 - ERROR - [<cell line: 0>] - Ошибка в районе Северное Бутово: name 'получить_музеи_в_районе' is not defined
2025-10-30 21:47:55,465 - INFO - [<cell line: 0>] - [94/132] Обработка района: Северное Измайлово
2025-10-30 21:47:55,465 - ERROR - [<cell line: 0>] - Ошибка в районе Северное Измайлово: name 'получить_музеи_в_районе' is not defined
2025-10-30 21:47:55,466 - INFO - [<cell line: 0>] - [95/132] Обработка района: Северное Медведково
2025-10-30 21:47:55,467 - ERROR - [<cell line: 0>] - Ошибка в районе Северное Медведково: name 'получить_музеи_в_районе' is not defined
2025-10-30 21:47:55,467 - INFO - [<cell line: 0>] - [96/132] Обработка района: Северное Тушино
2025-10-30 21:47:55,469 - ERROR - [<cell line: 0>] - Ошибка в районе Северное Тушино: name 'получить_музеи_в_районе' is not defined
2025-10-30 21:47:55,469 - INFO - [<cell line: 0>] - [97/132] Обработка района: Северный
2025-10-30 21:47:55,470 - ERROR - [<cell line: 0>] - Ошибка в районе Северный: name 'получить_музеи_в_районе' is not defined
2025-10-30 21:47:55,471 - INFO - [<cell line: 0>] - [98/132] Обработка района: Силино
2025-10-30 21:47:55,472 - ERROR - [<cell line: 0>] - Ошибка в районе Силино: name 'получить_музеи_в_районе' is not defined
2025-10-30 21:47:55,473 - INFO - [<cell line: 0>] - [99/132] Обработка района: Сокол
2025-10-30 21:47:55,473 - ERROR - [<cell line: 0>] - Ошибка в районе Сокол: name 'получить_музеи_в_районе' is not defined
2025-10-30 21:47:55,475 - INFO - [<cell line: 0>] - [100/132] Обработка района: Соколиная Гора
2025-10-30 21:47:55,476 - ERROR - [<cell line: 0>] - Ошибка в районе Соколиная Гора: name 'получить_музеи_в_районе' is not defined
2025-10-30 21:47:55,476 - INFO - [<cell line: 0>] - [101/132] Обработка района: Сокольники
2025-10-30 21:47:55,477 - ERROR - [<cell line: 0>] - Ошибка в районе Сокольники: name 'получить_музеи_в_районе' is not defined
2025-10-30 21:47:55,478 - INFO - [<cell line: 0>] - [102/132] Обработка района: Солнцево
2025-10-30 21:47:55,480 - ERROR - [<cell line: 0>] - Ошибка в районе Солнцево: name 'получить_музеи_в_районе' is not defined
2025-10-30 21:47:55,481 - INFO - [<cell line: 0>] - [103/132] Обработка района: Старое Крюково
2025-10-30 21:47:55,482 - ERROR - [<cell line: 0>] - Ошибка в районе Старое Крюково: name 'получить_музеи_в_районе' is not defined
2025-10-30 21:47:55,482 - INFO - [<cell line: 0>] - [104/132] Обработка района: Строгино
2025-10-30 21:47:55,483 - ERROR - [<cell line: 0>] - Ошибка в районе Строгино: name 'получить_музеи_в_районе' is not defined
2025-10-30 21:47:55,484 - INFO - [<cell line: 0>] - [105/132] Обработка района: Таганский
2025-10-30 21:47:55,484 - ERROR - [<cell line: 0>] - Ошибка в районе Таганский: name 'получить_музеи_в_районе' is not defined
2025-10-30 21:47:55,485 - INFO - [<cell line: 0>] - [106/132] Обработка района: Тверской
2025-10-30 21:47:55,486 - ERROR - [<cell line: 0>] - Ошибка в районе Тверской: name 'получить_музеи_в_районе' is not defined
2025-10-30 21:47:55,487 - INFO - [<cell line: 0>] - [107/132] Обработка района: Текстильщики
2025-10-30 21:47:55,488 - ERROR - [<cell line: 0>] - Ошибка в районе Текстильщики: name 'получить_музеи_в_районе' is not defined
2025-10-30 21:47:55,489 - INFO - [<cell line: 0>] - [108/132] Обработка района: Тёплый Стан
2025-10-30 21:47:55,490 - ERROR - [<cell line: 0>] - Ошибка в районе Тёплый Стан: name 'получить_музеи_в_районе' is not defined
2025-10-30 21:47:55,490 - INFO - [<cell line: 0>] - [109/132] Обработка района: Тимирязевский
2025-10-30 21:47:55,491 - ERROR - [<cell line: 0>] - Ошибка в районе Тимирязевский: name 'получить_музеи_в_районе' is not defined
2025-10-30 21:47:55,492 - INFO - [<cell line: 0>] - [110/132] Обработка района: Троицк
2025-10-30 21:47:55,493 - ERROR - [<cell line: 0>] - Ошибка в районе Троицк: name 'получить_музеи_в_районе' is not defined
2025-10-30 21:47:55,493 - INFO - [<cell line: 0>] - [111/132] Обработка района: Тропарёво-Никулино
2025-10-30 21:47:55,495 - ERROR - [<cell line: 0>] - Ошибка в районе Тропарёво-Никулино: name 'получить_музеи_в_районе' is not defined
2025-10-30 21:47:55,496 - INFO - [<cell line: 0>] - [112/132] Обработка района: Филёвский Парк
2025-10-30 21:47:55,496 - ERROR - [<cell line: 0>] - Ошибка в районе Филёвский Парк: name 'получить_музеи_в_районе' is not defined
2025-10-30 21:47:55,497 - INFO - [<cell line: 0>] - [113/132] Обработка района: Фили-Давыдково
2025-10-30 21:47:55,498 - ERROR - [<cell line: 0>] - Ошибка в районе Фили-Давыдково: name 'получить_музеи_в_районе' is not defined
2025-10-30 21:47:55,500 - INFO - [<cell line: 0>] - [114/132] Обработка района: Филимонковский
2025-10-30 21:47:55,500 - ERROR - [<cell line: 0>] - Ошибка в районе Филимонковский: name 'получить_музеи_в_районе' is not defined
2025-10-30 21:47:55,501 - INFO - [<cell line: 0>] - [115/132] Обработка района: Хамовники
2025-10-30 21:47:55,502 - ERROR - [<cell line: 0>] - Ошибка в районе Хамовники: name 'получить_музеи_в_районе' is not defined
2025-10-30 21:47:55,502 - INFO - [<cell line: 0>] - [116/132] Обработка района: Ховрино
2025-10-30 21:47:55,504 - ERROR - [<cell line: 0>] - Ошибка в районе Ховрино: name 'получить_музеи_в_районе' is not defined
2025-10-30 21:47:55,505 - INFO - [<cell line: 0>] - [117/132] Обработка района: Хорошёво-Мнёвники
2025-10-30 21:47:55,505 - ERROR - [<cell line: 0>] - Ошибка в районе Хорошёво-Мнёвники: name 'получить_музеи_в_районе' is not defined
2025-10-30 21:47:55,506 - INFO - [<cell line: 0>] - [118/132] Обработка района: Хорошёвский
2025-10-30 21:47:55,506 - ERROR - [<cell line: 0>] - Ошибка в районе Хорошёвский: name 'получить_музеи_в_районе' is not defined
2025-10-30 21:47:55,507 - INFO - [<cell line: 0>] - [119/132] Обработка района: Царицыно
2025-10-30 21:47:55,509 - ERROR - [<cell line: 0>] - Ошибка в районе Царицыно: name 'получить_музеи_в_районе' is not defined
2025-10-30 21:47:55,510 - INFO - [<cell line: 0>] - [120/132] Обработка района: Черёмушки
2025-10-30 21:47:55,510 - ERROR - [<cell line: 0>] - Ошибка в районе Черёмушки: name 'получить_музеи_в_районе' is not defined
2025-10-30 21:47:55,511 - INFO - [<cell line: 0>] - [121/132] Обработка района: Чертаново Северное
2025-10-30 21:47:55,511 - ERROR - [<cell line: 0>] - Ошибка в районе Чертаново Северное: name 'получить_музеи_в_районе' is not defined
2025-10-30 21:47:55,512 - INFO - [<cell line: 0>] - [122/132] Обработка района: Чертаново Центральное
2025-10-30 21:47:55,513 - ERROR - [<cell line: 0>] - Ошибка в районе Чертаново Центральное: name 'получить_музеи_в_районе' is not defined
2025-10-30 21:47:55,513 - INFO - [<cell line: 0>] - [123/132] Обработка района: Чертаново Южное
2025-10-30 21:47:55,515 - ERROR - [<cell line: 0>] - Ошибка в районе Чертаново Южное: name 'получить_музеи_в_районе' is not defined
2025-10-30 21:47:55,516 - INFO - [<cell line: 0>] - [124/132] Обработка района: Щербинка
2025-10-30 21:47:55,516 - ERROR - [<cell line: 0>] - Ошибка в районе Щербинка: name 'получить_музеи_в_районе' is not defined
2025-10-30 21:47:55,517 - INFO - [<cell line: 0>] - [125/132] Обработка района: Щукино
2025-10-30 21:47:55,517 - ERROR - [<cell line: 0>] - Ошибка в районе Щукино: name 'получить_музеи_в_районе' is not defined
2025-10-30 21:47:55,518 - INFO - [<cell line: 0>] - [126/132] Обработка района: Южное Бутово
2025-10-30 21:47:55,519 - ERROR - [<cell line: 0>] - Ошибка в районе Южное Бутово: name 'получить_музеи_в_районе' is not defined
2025-10-30 21:47:55,520 - INFO - [<cell line: 0>] - [127/132] Обработка района: Южное Медведково
2025-10-30 21:47:55,520 - ERROR - [<cell line: 0>] - Ошибка в районе Южное Медведково: name 'получить_музеи_в_районе' is not defined
2025-10-30 21:47:55,523 - INFO - [<cell line: 0>] - [128/132] Обработка района: Южное Тушино
2025-10-30 21:47:55,523 - ERROR - [<cell line: 0>] - Ошибка в районе Южное Тушино: name 'получить_музеи_в_районе' is not defined
2025-10-30 21:47:55,524 - INFO - [<cell line: 0>] - [129/132] Обработка района: Южнопортовый
2025-10-30 21:47:55,524 - ERROR - [<cell line: 0>] - Ошибка в районе Южнопортовый: name 'получить_музеи_в_районе' is not defined
2025-10-30 21:47:55,525 - INFO - [<cell line: 0>] - [130/132] Обработка района: Якиманка
2025-10-30 21:47:55,526 - ERROR - [<cell line: 0>] - Ошибка в районе Якиманка: name 'получить_музеи_в_районе' is not defined
2025-10-30 21:47:55,526 - INFO - [<cell line: 0>] - [131/132] Обработка района: Ярославский
2025-10-30 21:47:55,527 - ERROR - [<cell line: 0>] - Ошибка в районе Ярославский: name 'получить_музеи_в_районе' is not defined
2025-10-30 21:47:55,528 - INFO - [<cell line: 0>] - [132/132] Обработка района: Ясенево
2025-10-30 21:47:55,528 - ERROR - [<cell line: 0>] - Ошибка в районе Ясенево: name 'получить_музеи_в_районе' is not defined
2025-10-30 21:47:55,529 - INFO - [<cell line: 0>] - ============================================================
2025-10-30 21:47:55,531 - INFO - [<cell line: 0>] - СБОР ДАННЫХ ЗАВЕРШЕН
2025-10-30 21:47:55,532 - INFO - [<cell line: 0>] - Время выполнения: 0.24 секунд
2025-10-30 21:47:55,532 - INFO - [<cell line: 0>] - Всего собрано музеев: 0
2025-10-30 21:47:55,533 - INFO - [<cell line: 0>] - ============================================================
2025-10-30 21:47:55,533 - ERROR - [<cell line: 0>] - Не удалось собрать данные о музеях
