2025-10-30 20:06:45,232 - INFO - [<cell line: 0>] - ============================================================
2025-10-30 20:06:45,233 - INFO - [<cell line: 0>] - ЗАПУСК СБОРА ДАННЫХ ПО ПАРКАМ МОСКВЫ
2025-10-30 20:06:45,234 - INFO - [<cell line: 0>] - Конфигурация логирования: уровень=DE, файл=True, консоль=True
2025-10-30 20:06:45,235 - INFO - [<cell line: 0>] - Количество районов для обработки: 82
2025-10-30 20:06:45,235 - INFO - [<cell line: 0>] - ============================================================
2025-10-30 20:06:45,236 - INFO - [<cell line: 0>] - [1/82] Обработка района: Левобережный
2025-10-30 20:06:45,237 - INFO - [получить_парки_в_районе] - Начало сбора парков для района: Левобережный (ID: 4504209512726554)
2025-10-30 20:06:45,852 - INFO - [получить_парки_в_районе] - Загружено 3 парков со страницы 1
2025-10-30 20:06:46,731 - WARNING - [получить_парки_в_районе] - На странице 2 нет данных в ожидаемом формате
2025-10-30 20:06:47,618 - WARNING - [получить_парки_в_районе] - На странице 3 нет данных в ожидаемом формате
2025-10-30 20:06:48,513 - WARNING - [получить_парки_в_районе] - На странице 4 нет данных в ожидаемом формате
2025-10-30 20:06:49,397 - WARNING - [получить_парки_в_районе] - На странице 5 нет данных в ожидаемом формате
2025-10-30 20:06:49,398 - INFO - [получить_парки_в_районе] - Завершение сбора для района Левобережный. Найдено парков: 3
2025-10-30 20:06:49,400 - INFO - [<cell line: 0>] - Район 'Левобережный' завершен. Парков: 3
2025-10-30 20:06:50,402 - INFO - [<cell line: 0>] - [2/82] Обработка района: Лефортово
2025-10-30 20:06:50,403 - INFO - [получить_парки_в_районе] - Начало сбора парков для района: Лефортово (ID: 4504209512726590)
2025-10-30 20:06:50,813 - INFO - [получить_парки_в_районе] - Загружено 1 парков со страницы 1
2025-10-30 20:06:51,715 - WARNING - [получить_парки_в_районе] - На странице 2 нет данных в ожидаемом формате
2025-10-30 20:06:52,590 - WARNING - [получить_парки_в_районе] - На странице 3 нет данных в ожидаемом формате
2025-10-30 20:06:53,473 - WARNING - [получить_парки_в_районе] - На странице 4 нет данных в ожидаемом формате
2025-10-30 20:06:54,349 - WARNING - [получить_парки_в_районе] - На странице 5 нет данных в ожидаемом формате
2025-10-30 20:06:54,350 - INFO - [получить_парки_в_районе] - Завершение сбора для района Лефортово. Найдено парков: 1
2025-10-30 20:06:54,351 - INFO - [<cell line: 0>] - Район 'Лефортово' завершен. Парков: 1
2025-10-30 20:06:55,353 - INFO - [<cell line: 0>] - [3/82] Обработка района: Лианозово
2025-10-30 20:06:55,353 - INFO - [получить_парки_в_районе] - Начало сбора парков для района: Лианозово (ID: 4504209512726559)
2025-10-30 20:06:55,738 - INFO - [получить_парки_в_районе] - Загружено 2 парков со страницы 1
2025-10-30 20:06:56,616 - WARNING - [получить_парки_в_районе] - На странице 2 нет данных в ожидаемом формате
2025-10-30 20:06:57,499 - WARNING - [получить_парки_в_районе] - На странице 3 нет данных в ожидаемом формате
2025-10-30 20:06:58,376 - WARNING - [получить_парки_в_районе] - На странице 4 нет данных в ожидаемом формате
2025-10-30 20:06:59,294 - WARNING - [получить_парки_в_районе] - На странице 5 нет данных в ожидаемом формате
2025-10-30 20:06:59,295 - INFO - [получить_парки_в_районе] - Завершение сбора для района Лианозово. Найдено парков: 2
2025-10-30 20:06:59,298 - INFO - [<cell line: 0>] - Район 'Лианозово' завершен. Парков: 2
2025-10-30 20:07:00,299 - INFO - [<cell line: 0>] - [4/82] Обработка района: Ломоносовский
2025-10-30 20:07:00,300 - INFO - [получить_парки_в_районе] - Начало сбора парков для района: Ломоносовский (ID: 4504209512726623)
2025-10-30 20:07:00,680 - WARNING - [получить_парки_в_районе] - На странице 1 нет данных в ожидаемом формате
2025-10-30 20:07:01,561 - WARNING - [получить_парки_в_районе] - На странице 2 нет данных в ожидаемом формате
2025-10-30 20:07:02,439 - WARNING - [получить_парки_в_районе] - На странице 3 нет данных в ожидаемом формате
2025-10-30 20:07:03,337 - WARNING - [получить_парки_в_районе] - На странице 4 нет данных в ожидаемом формате
2025-10-30 20:07:04,226 - WARNING - [получить_парки_в_районе] - На странице 5 нет данных в ожидаемом формате
2025-10-30 20:07:04,227 - INFO - [получить_парки_в_районе] - Завершение сбора для района Ломоносовский. Найдено парков: 0
2025-10-30 20:07:04,228 - INFO - [<cell line: 0>] - Район 'Ломоносовский' завершен. Парков: 0
2025-10-30 20:07:05,230 - INFO - [<cell line: 0>] - [5/82] Обработка района: Лосиноостровский
2025-10-30 20:07:05,231 - INFO - [получить_парки_в_районе] - Начало сбора парков для района: Лосиноостровский (ID: 4504209512726560)
2025-10-30 20:07:05,623 - INFO - [получить_парки_в_районе] - Загружено 2 парков со страницы 1
2025-10-30 20:07:06,501 - WARNING - [получить_парки_в_районе] - На странице 2 нет данных в ожидаемом формате
2025-10-30 20:07:07,393 - WARNING - [получить_парки_в_районе] - На странице 3 нет данных в ожидаемом формате
2025-10-30 20:07:08,274 - WARNING - [получить_парки_в_районе] - На странице 4 нет данных в ожидаемом формате
2025-10-30 20:07:09,145 - WARNING - [получить_парки_в_районе] - На странице 5 нет данных в ожидаемом формате
2025-10-30 20:07:09,146 - INFO - [получить_парки_в_районе] - Завершение сбора для района Лосиноостровский. Найдено парков: 2
2025-10-30 20:07:09,147 - INFO - [<cell line: 0>] - Район 'Лосиноостровский' завершен. Парков: 2
2025-10-30 20:07:10,149 - INFO - [<cell line: 0>] - [6/82] Обработка района: Люблино
2025-10-30 20:07:10,150 - INFO - [получить_парки_в_районе] - Начало сбора парков для района: Люблино (ID: 70030077079195278)
2025-10-30 20:07:10,535 - INFO - [получить_парки_в_районе] - Загружено 3 парков со страницы 1
2025-10-30 20:07:11,427 - WARNING - [получить_парки_в_районе] - На странице 2 нет данных в ожидаемом формате
2025-10-30 20:07:12,309 - WARNING - [получить_парки_в_районе] - На странице 3 нет данных в ожидаемом формате
2025-10-30 20:07:13,184 - WARNING - [получить_парки_в_районе] - На странице 4 нет данных в ожидаемом формате
2025-10-30 20:07:14,082 - WARNING - [получить_парки_в_районе] - На странице 5 нет данных в ожидаемом формате
2025-10-30 20:07:14,083 - INFO - [получить_парки_в_районе] - Завершение сбора для района Люблино. Найдено парков: 3
2025-10-30 20:07:14,085 - INFO - [<cell line: 0>] - Район 'Люблино' завершен. Парков: 3
2025-10-30 20:07:15,086 - INFO - [<cell line: 0>] - [7/82] Обработка района: Марфино
2025-10-30 20:07:15,088 - INFO - [получить_парки_в_районе] - Начало сбора парков для района: Марфино (ID: 4504209512726570)
2025-10-30 20:07:15,582 - INFO - [получить_парки_в_районе] - Загружено 2 парков со страницы 1
2025-10-30 20:07:16,462 - WARNING - [получить_парки_в_районе] - На странице 2 нет данных в ожидаемом формате
2025-10-30 20:07:17,361 - WARNING - [получить_парки_в_районе] - На странице 3 нет данных в ожидаемом формате
2025-10-30 20:07:18,241 - WARNING - [получить_парки_в_районе] - На странице 4 нет данных в ожидаемом формате
2025-10-30 20:07:19,135 - WARNING - [получить_парки_в_районе] - На странице 5 нет данных в ожидаемом формате
2025-10-30 20:07:19,136 - INFO - [получить_парки_в_районе] - Завершение сбора для района Марфино. Найдено парков: 2
2025-10-30 20:07:19,138 - INFO - [<cell line: 0>] - Район 'Марфино' завершен. Парков: 2
2025-10-30 20:07:20,139 - INFO - [<cell line: 0>] - [8/82] Обработка района: Марьина Роща
2025-10-30 20:07:20,140 - INFO - [получить_парки_в_районе] - Начало сбора парков для района: Марьина Роща (ID: 4504209512726571)
2025-10-30 20:07:20,529 - INFO - [получить_парки_в_районе] - Загружено 6 парков со страницы 1
2025-10-30 20:07:21,412 - WARNING - [получить_парки_в_районе] - На странице 2 нет данных в ожидаемом формате
2025-10-30 20:07:22,305 - WARNING - [получить_парки_в_районе] - На странице 3 нет данных в ожидаемом формате
2025-10-30 20:07:23,185 - WARNING - [получить_парки_в_районе] - На странице 4 нет данных в ожидаемом формате
2025-10-30 20:07:24,069 - WARNING - [получить_парки_в_районе] - На странице 5 нет данных в ожидаемом формате
2025-10-30 20:07:24,069 - INFO - [получить_парки_в_районе] - Завершение сбора для района Марьина Роща. Найдено парков: 6
2025-10-30 20:07:24,072 - INFO - [<cell line: 0>] - Район 'Марьина Роща' завершен. Парков: 6
2025-10-30 20:07:25,073 - INFO - [<cell line: 0>] - [9/82] Обработка района: Марьино
2025-10-30 20:07:25,073 - INFO - [получить_парки_в_районе] - Начало сбора парков для района: Марьино (ID: 4504209512726596)
2025-10-30 20:07:25,474 - INFO - [получить_парки_в_районе] - Загружено 10 парков со страницы 1
2025-10-30 20:07:26,376 - INFO - [получить_парки_в_районе] - Загружено 1 парков со страницы 2
2025-10-30 20:07:27,257 - WARNING - [получить_парки_в_районе] - На странице 3 нет данных в ожидаемом формате
2025-10-30 20:07:28,161 - WARNING - [получить_парки_в_районе] - На странице 4 нет данных в ожидаемом формате
2025-10-30 20:07:29,042 - WARNING - [получить_парки_в_районе] - На странице 5 нет данных в ожидаемом формате
2025-10-30 20:07:29,042 - INFO - [получить_парки_в_районе] - Завершение сбора для района Марьино. Найдено парков: 11
2025-10-30 20:07:29,044 - INFO - [<cell line: 0>] - Район 'Марьино' завершен. Парков: 11
2025-10-30 20:07:30,045 - INFO - [<cell line: 0>] - [10/82] Обработка района: Матушкино
2025-10-30 20:07:30,045 - INFO - [получить_парки_в_районе] - Начало сбора парков для района: Матушкино (ID: 4504209512726657)
2025-10-30 20:07:30,425 - INFO - [получить_парки_в_районе] - Загружено 1 парков со страницы 1
2025-10-30 20:07:31,300 - WARNING - [получить_парки_в_районе] - На странице 2 нет данных в ожидаемом формате
2025-10-30 20:07:32,176 - WARNING - [получить_парки_в_районе] - На странице 3 нет данных в ожидаемом формате
2025-10-30 20:07:33,068 - WARNING - [получить_парки_в_районе] - На странице 4 нет данных в ожидаемом формате
2025-10-30 20:07:33,971 - WARNING - [получить_парки_в_районе] - На странице 5 нет данных в ожидаемом формате
2025-10-30 20:07:33,972 - INFO - [получить_парки_в_районе] - Завершение сбора для района Матушкино. Найдено парков: 1
2025-10-30 20:07:33,974 - INFO - [<cell line: 0>] - Район 'Матушкино' завершен. Парков: 1
2025-10-30 20:07:34,975 - INFO - [<cell line: 0>] - [11/82] Обработка района: Метрогородок
2025-10-30 20:07:34,976 - INFO - [получить_парки_в_районе] - Начало сбора парков для района: Метрогородок (ID: 4504209512726588)
2025-10-30 20:07:35,373 - INFO - [получить_парки_в_районе] - Загружено 10 парков со страницы 1
2025-10-30 20:07:36,269 - INFO - [получить_парки_в_районе] - Загружено 6 парков со страницы 2
2025-10-30 20:07:37,151 - WARNING - [получить_парки_в_районе] - На странице 3 нет данных в ожидаемом формате
2025-10-30 20:07:38,032 - WARNING - [получить_парки_в_районе] - На странице 4 нет данных в ожидаемом формате
2025-10-30 20:07:38,927 - WARNING - [получить_парки_в_районе] - На странице 5 нет данных в ожидаемом формате
2025-10-30 20:07:38,930 - INFO - [получить_парки_в_районе] - Завершение сбора для района Метрогородок. Найдено парков: 16
2025-10-30 20:07:38,931 - INFO - [<cell line: 0>] - Район 'Метрогородок' завершен. Парков: 16
2025-10-30 20:07:39,932 - INFO - [<cell line: 0>] - [12/82] Обработка района: Мещанский
2025-10-30 20:07:39,934 - INFO - [получить_парки_в_районе] - Начало сбора парков для района: Мещанский (ID: 4504209512726535)
2025-10-30 20:07:40,315 - INFO - [получить_парки_в_районе] - Загружено 6 парков со страницы 1
2025-10-30 20:07:41,195 - WARNING - [получить_парки_в_районе] - На странице 2 нет данных в ожидаемом формате
2025-10-30 20:07:42,073 - WARNING - [получить_парки_в_районе] - На странице 3 нет данных в ожидаемом формате
2025-10-30 20:07:42,953 - WARNING - [получить_парки_в_районе] - На странице 4 нет данных в ожидаемом формате
2025-10-30 20:07:43,973 - WARNING - [получить_парки_в_районе] - На странице 5 нет данных в ожидаемом формате
2025-10-30 20:07:43,974 - INFO - [получить_парки_в_районе] - Завершение сбора для района Мещанский. Найдено парков: 6
2025-10-30 20:07:43,976 - INFO - [<cell line: 0>] - Район 'Мещанский' завершен. Парков: 6
2025-10-30 20:07:44,978 - INFO - [<cell line: 0>] - [13/82] Обработка района: Митино
2025-10-30 20:07:44,979 - INFO - [получить_парки_в_районе] - Начало сбора парков для района: Митино (ID: 4504209512726645)
2025-10-30 20:07:45,379 - INFO - [получить_парки_в_районе] - Загружено 7 парков со страницы 1
2025-10-30 20:07:46,402 - WARNING - [получить_парки_в_районе] - На странице 2 нет данных в ожидаемом формате
2025-10-30 20:07:47,295 - WARNING - [получить_парки_в_районе] - На странице 3 нет данных в ожидаемом формате
2025-10-30 20:07:48,185 - WARNING - [получить_парки_в_районе] - На странице 4 нет данных в ожидаемом формате
2025-10-30 20:07:49,080 - WARNING - [получить_парки_в_районе] - На странице 5 нет данных в ожидаемом формате
2025-10-30 20:07:49,081 - INFO - [получить_парки_в_районе] - Завершение сбора для района Митино. Найдено парков: 7
2025-10-30 20:07:49,082 - INFO - [<cell line: 0>] - Район 'Митино' завершен. Парков: 7
2025-10-30 20:07:50,084 - INFO - [<cell line: 0>] - [14/82] Обработка района: Можайский
2025-10-30 20:07:50,085 - INFO - [получить_парки_в_районе] - Начало сбора парков для района: Можайский (ID: 4504209512726633)
2025-10-30 20:07:50,472 - INFO - [получить_парки_в_районе] - Загружено 10 парков со страницы 1
2025-10-30 20:07:51,372 - INFO - [получить_парки_в_районе] - Загружено 10 парков со страницы 2
2025-10-30 20:07:52,254 - INFO - [получить_парки_в_районе] - Загружено 3 парков со страницы 3
2025-10-30 20:07:53,141 - WARNING - [получить_парки_в_районе] - На странице 4 нет данных в ожидаемом формате
2025-10-30 20:07:54,029 - WARNING - [получить_парки_в_районе] - На странице 5 нет данных в ожидаемом формате
2025-10-30 20:07:54,030 - INFO - [получить_парки_в_районе] - Завершение сбора для района Можайский. Найдено парков: 23
2025-10-30 20:07:54,032 - INFO - [<cell line: 0>] - Район 'Можайский' завершен. Парков: 23
2025-10-30 20:07:55,033 - INFO - [<cell line: 0>] - [15/82] Обработка района: Молжаниновский
2025-10-30 20:07:55,034 - INFO - [получить_парки_в_районе] - Начало сбора парков для района: Молжаниновский (ID: 4504209512726654)
2025-10-30 20:07:55,418 - INFO - [получить_парки_в_районе] - Загружено 4 парков со страницы 1
2025-10-30 20:07:56,309 - WARNING - [получить_парки_в_районе] - На странице 2 нет данных в ожидаемом формате
2025-10-30 20:07:57,197 - WARNING - [получить_парки_в_районе] - На странице 3 нет данных в ожидаемом формате
2025-10-30 20:07:58,074 - WARNING - [получить_парки_в_районе] - На странице 4 нет данных в ожидаемом формате
2025-10-30 20:07:58,968 - WARNING - [получить_парки_в_районе] - На странице 5 нет данных в ожидаемом формате
2025-10-30 20:07:58,969 - INFO - [получить_парки_в_районе] - Завершение сбора для района Молжаниновский. Найдено парков: 4
2025-10-30 20:07:58,971 - INFO - [<cell line: 0>] - Район 'Молжаниновский' завершен. Парков: 4
2025-10-30 20:07:59,972 - INFO - [<cell line: 0>] - [16/82] Обработка района: Москворечье-Сабурово
2025-10-30 20:07:59,973 - INFO - [получить_парки_в_районе] - Начало сбора парков для района: Москворечье-Сабурово (ID: 4504209512726607)
2025-10-30 20:08:00,358 - INFO - [получить_парки_в_районе] - Загружено 3 парков со страницы 1
2025-10-30 20:08:01,240 - WARNING - [получить_парки_в_районе] - На странице 2 нет данных в ожидаемом формате
2025-10-30 20:08:02,131 - WARNING - [получить_парки_в_районе] - На странице 3 нет данных в ожидаемом формате
2025-10-30 20:08:03,012 - WARNING - [получить_парки_в_районе] - На странице 4 нет данных в ожидаемом формате
2025-10-30 20:08:03,893 - WARNING - [получить_парки_в_районе] - На странице 5 нет данных в ожидаемом формате
2025-10-30 20:08:03,894 - INFO - [получить_парки_в_районе] - Завершение сбора для района Москворечье-Сабурово. Найдено парков: 3
2025-10-30 20:08:03,896 - INFO - [<cell line: 0>] - Район 'Москворечье-Сабурово' завершен. Парков: 3
2025-10-30 20:08:04,897 - INFO - [<cell line: 0>] - [17/82] Обработка района: Нагатино-Садовники
2025-10-30 20:08:04,898 - INFO - [получить_парки_в_районе] - Начало сбора парков для района: Нагатино-Садовники (ID: 4504209512726604)
2025-10-30 20:08:05,296 - INFO - [получить_парки_в_районе] - Загружено 2 парков со страницы 1
2025-10-30 20:08:06,170 - WARNING - [получить_парки_в_районе] - На странице 2 нет данных в ожидаемом формате
2025-10-30 20:08:07,048 - WARNING - [получить_парки_в_районе] - На странице 3 нет данных в ожидаемом формате
2025-10-30 20:08:07,930 - WARNING - [получить_парки_в_районе] - На странице 4 нет данных в ожидаемом формате
2025-10-30 20:08:08,820 - WARNING - [получить_парки_в_районе] - На странице 5 нет данных в ожидаемом формате
2025-10-30 20:08:08,821 - INFO - [получить_парки_в_районе] - Завершение сбора для района Нагатино-Садовники. Найдено парков: 2
2025-10-30 20:08:08,823 - INFO - [<cell line: 0>] - Район 'Нагатино-Садовники' завершен. Парков: 2
2025-10-30 20:08:09,824 - INFO - [<cell line: 0>] - [18/82] Обработка района: Нагатинский Затон
2025-10-30 20:08:09,825 - INFO - [получить_парки_в_районе] - Начало сбора парков для района: Нагатинский Затон (ID: 4504209512726603)
2025-10-30 20:08:10,218 - INFO - [получить_парки_в_районе] - Загружено 2 парков со страницы 1
2025-10-30 20:08:11,110 - WARNING - [получить_парки_в_районе] - На странице 2 нет данных в ожидаемом формате
2025-10-30 20:08:11,991 - WARNING - [получить_парки_в_районе] - На странице 3 нет данных в ожидаемом формате
2025-10-30 20:08:12,867 - WARNING - [получить_парки_в_районе] - На странице 4 нет данных в ожидаемом формате
2025-10-30 20:08:13,762 - WARNING - [получить_парки_в_районе] - На странице 5 нет данных в ожидаемом формате
2025-10-30 20:08:13,763 - INFO - [получить_парки_в_районе] - Завершение сбора для района Нагатинский Затон. Найдено парков: 2
2025-10-30 20:08:13,765 - INFO - [<cell line: 0>] - Район 'Нагатинский Затон' завершен. Парков: 2
2025-10-30 20:08:14,768 - INFO - [<cell line: 0>] - [19/82] Обработка района: Нагорный
2025-10-30 20:08:14,769 - INFO - [получить_парки_в_районе] - Начало сбора парков для района: Нагорный (ID: 4504209512726606)
2025-10-30 20:08:15,205 - INFO - [получить_парки_в_районе] - Загружено 4 парков со страницы 1
2025-10-30 20:08:16,289 - WARNING - [получить_парки_в_районе] - На странице 2 нет данных в ожидаемом формате
2025-10-30 20:08:17,300 - WARNING - [получить_парки_в_районе] - На странице 3 нет данных в ожидаемом формате
2025-10-30 20:08:18,174 - WARNING - [получить_парки_в_районе] - На странице 4 нет данных в ожидаемом формате
2025-10-30 20:08:19,054 - WARNING - [получить_парки_в_районе] - На странице 5 нет данных в ожидаемом формате
2025-10-30 20:08:19,055 - INFO - [получить_парки_в_районе] - Завершение сбора для района Нагорный. Найдено парков: 4
2025-10-30 20:08:19,057 - INFO - [<cell line: 0>] - Район 'Нагорный' завершен. Парков: 4
2025-10-30 20:08:20,058 - INFO - [<cell line: 0>] - [20/82] Обработка района: Некрасовка
2025-10-30 20:08:20,059 - INFO - [получить_парки_в_районе] - Начало сбора парков для района: Некрасовка (ID: 4504209512726599)
2025-10-30 20:08:20,447 - WARNING - [получить_парки_в_районе] - На странице 1 нет данных в ожидаемом формате
2025-10-30 20:08:21,325 - WARNING - [получить_парки_в_районе] - На странице 2 нет данных в ожидаемом формате
2025-10-30 20:08:22,219 - WARNING - [получить_парки_в_районе] - На странице 3 нет данных в ожидаемом формате
2025-10-30 20:08:23,113 - WARNING - [получить_парки_в_районе] - На странице 4 нет данных в ожидаемом формате
2025-10-30 20:08:23,996 - WARNING - [получить_парки_в_районе] - На странице 5 нет данных в ожидаемом формате
2025-10-30 20:08:23,997 - INFO - [получить_парки_в_районе] - Завершение сбора для района Некрасовка. Найдено парков: 0
2025-10-30 20:08:23,999 - INFO - [<cell line: 0>] - Район 'Некрасовка' завершен. Парков: 0
2025-10-30 20:08:25,001 - INFO - [<cell line: 0>] - [21/82] Обработка района: Нижегородский
2025-10-30 20:08:25,002 - INFO - [получить_парки_в_районе] - Начало сбора парков для района: Нижегородский (ID: 4504209512726591)
2025-10-30 20:08:25,404 - INFO - [получить_парки_в_районе] - Загружено 8 парков со страницы 1
2025-10-30 20:08:26,290 - WARNING - [получить_парки_в_районе] - На странице 2 нет данных в ожидаемом формате
2025-10-30 20:08:27,170 - WARNING - [получить_парки_в_районе] - На странице 3 нет данных в ожидаемом формате
2025-10-30 20:08:28,050 - WARNING - [получить_парки_в_районе] - На странице 4 нет данных в ожидаемом формате
2025-10-30 20:08:28,934 - WARNING - [получить_парки_в_районе] - На странице 5 нет данных в ожидаемом формате
2025-10-30 20:08:28,935 - INFO - [получить_парки_в_районе] - Завершение сбора для района Нижегородский. Найдено парков: 8
2025-10-30 20:08:28,937 - INFO - [<cell line: 0>] - Район 'Нижегородский' завершен. Парков: 8
2025-10-30 20:08:29,938 - INFO - [<cell line: 0>] - [22/82] Обработка района: Новогиреево
2025-10-30 20:08:29,939 - INFO - [получить_парки_в_районе] - Начало сбора парков для района: Новогиреево (ID: 4504209512726580)
2025-10-30 20:08:30,319 - INFO - [получить_парки_в_районе] - Загружено 2 парков со страницы 1
2025-10-30 20:08:31,201 - WARNING - [получить_парки_в_районе] - На странице 2 нет данных в ожидаемом формате
2025-10-30 20:08:32,089 - WARNING - [получить_парки_в_районе] - На странице 3 нет данных в ожидаемом формате
2025-10-30 20:08:32,985 - WARNING - [получить_парки_в_районе] - На странице 4 нет данных в ожидаемом формате
2025-10-30 20:08:33,868 - WARNING - [получить_парки_в_районе] - На странице 5 нет данных в ожидаемом формате
2025-10-30 20:08:33,869 - INFO - [получить_парки_в_районе] - Завершение сбора для района Новогиреево. Найдено парков: 2
2025-10-30 20:08:33,870 - INFO - [<cell line: 0>] - Район 'Новогиреево' завершен. Парков: 2
2025-10-30 20:08:34,871 - INFO - [<cell line: 0>] - [23/82] Обработка района: Новокосино
2025-10-30 20:08:34,872 - INFO - [получить_парки_в_районе] - Начало сбора парков для района: Новокосино (ID: 4504209512726576)
2025-10-30 20:08:35,261 - WARNING - [получить_парки_в_районе] - На странице 1 нет данных в ожидаемом формате
2025-10-30 20:08:36,139 - WARNING - [получить_парки_в_районе] - На странице 2 нет данных в ожидаемом формате
2025-10-30 20:08:37,025 - WARNING - [получить_парки_в_районе] - На странице 3 нет данных в ожидаемом формате
2025-10-30 20:08:37,922 - WARNING - [получить_парки_в_районе] - На странице 4 нет данных в ожидаемом формате
2025-10-30 20:08:38,803 - WARNING - [получить_парки_в_районе] - На странице 5 нет данных в ожидаемом формате
2025-10-30 20:08:38,804 - INFO - [получить_парки_в_районе] - Завершение сбора для района Новокосино. Найдено парков: 0
2025-10-30 20:08:38,806 - INFO - [<cell line: 0>] - Район 'Новокосино' завершен. Парков: 0
2025-10-30 20:08:39,808 - INFO - [<cell line: 0>] - [24/82] Обработка района: Ново-Переделкино
2025-10-30 20:08:39,809 - INFO - [получить_парки_в_районе] - Начало сбора парков для района: Ново-Переделкино (ID: 4504209512726641)
2025-10-30 20:08:40,199 - INFO - [получить_парки_в_районе] - Загружено 10 парков со страницы 1
2025-10-30 20:08:41,087 - INFO - [получить_парки_в_районе] - Загружено 2 парков со страницы 2
2025-10-30 20:08:41,967 - WARNING - [получить_парки_в_районе] - На странице 3 нет данных в ожидаемом формате
2025-10-30 20:08:42,863 - WARNING - [получить_парки_в_районе] - На странице 4 нет данных в ожидаемом формате
2025-10-30 20:08:43,758 - WARNING - [получить_парки_в_районе] - На странице 5 нет данных в ожидаемом формате
2025-10-30 20:08:43,759 - INFO - [получить_парки_в_районе] - Завершение сбора для района Ново-Переделкино. Найдено парков: 12
2025-10-30 20:08:43,761 - INFO - [<cell line: 0>] - Район 'Ново-Переделкино' завершен. Парков: 12
2025-10-30 20:08:44,762 - INFO - [<cell line: 0>] - [25/82] Обработка района: Обручевский
2025-10-30 20:08:44,763 - INFO - [получить_парки_в_районе] - Начало сбора парков для района: Обручевский (ID: 4504209512726622)
2025-10-30 20:08:45,151 - INFO - [получить_парки_в_районе] - Загружено 10 парков со страницы 1
2025-10-30 20:08:46,135 - INFO - [получить_парки_в_районе] - Загружено 4 парков со страницы 2
2025-10-30 20:08:47,149 - WARNING - [получить_парки_в_районе] - На странице 3 нет данных в ожидаемом формате
2025-10-30 20:08:48,040 - WARNING - [получить_парки_в_районе] - На странице 4 нет данных в ожидаемом формате
2025-10-30 20:08:48,924 - WARNING - [получить_парки_в_районе] - На странице 5 нет данных в ожидаемом формате
2025-10-30 20:08:48,925 - INFO - [получить_парки_в_районе] - Завершение сбора для района Обручевский. Найдено парков: 14
2025-10-30 20:08:48,926 - INFO - [<cell line: 0>] - Район 'Обручевский' завершен. Парков: 14
2025-10-30 20:08:49,928 - INFO - [<cell line: 0>] - [26/82] Обработка района: Орехово-Борисово Северное
2025-10-30 20:08:49,929 - INFO - [получить_парки_в_районе] - Начало сбора парков для района: Орехово-Борисово Северное (ID: 4504209512726616)
2025-10-30 20:08:50,312 - INFO - [получить_парки_в_районе] - Загружено 1 парков со страницы 1
2025-10-30 20:08:51,202 - WARNING - [получить_парки_в_районе] - На странице 2 нет данных в ожидаемом формате
2025-10-30 20:08:52,079 - WARNING - [получить_парки_в_районе] - На странице 3 нет данных в ожидаемом формате
2025-10-30 20:08:52,956 - WARNING - [получить_парки_в_районе] - На странице 4 нет данных в ожидаемом формате
2025-10-30 20:08:53,837 - WARNING - [получить_парки_в_районе] - На странице 5 нет данных в ожидаемом формате
2025-10-30 20:08:53,838 - INFO - [получить_парки_в_районе] - Завершение сбора для района Орехово-Борисово Северное. Найдено парков: 1
2025-10-30 20:08:53,839 - INFO - [<cell line: 0>] - Район 'Орехово-Борисово Северное' завершен. Парков: 1
2025-10-30 20:08:54,841 - INFO - [<cell line: 0>] - [27/82] Обработка района: Орехово-Борисово Южное
2025-10-30 20:08:54,842 - INFO - [получить_парки_в_районе] - Начало сбора парков для района: Орехово-Борисово Южное (ID: 4504209512726610)
2025-10-30 20:08:55,235 - WARNING - [получить_парки_в_районе] - На странице 1 нет данных в ожидаемом формате
2025-10-30 20:08:56,112 - WARNING - [получить_парки_в_районе] - На странице 2 нет данных в ожидаемом формате
2025-10-30 20:08:57,009 - WARNING - [получить_парки_в_районе] - На странице 3 нет данных в ожидаемом формате
2025-10-30 20:08:57,910 - WARNING - [получить_парки_в_районе] - На странице 4 нет данных в ожидаемом формате
2025-10-30 20:08:58,813 - WARNING - [получить_парки_в_районе] - На странице 5 нет данных в ожидаемом формате
2025-10-30 20:08:58,815 - INFO - [получить_парки_в_районе] - Завершение сбора для района Орехово-Борисово Южное. Найдено парков: 0
2025-10-30 20:08:58,817 - INFO - [<cell line: 0>] - Район 'Орехово-Борисово Южное' завершен. Парков: 0
2025-10-30 20:08:59,818 - INFO - [<cell line: 0>] - [28/82] Обработка района: Останкинский
2025-10-30 20:08:59,819 - INFO - [получить_парки_в_районе] - Начало сбора парков для района: Останкинский (ID: 4504209512726572)
2025-10-30 20:09:00,204 - INFO - [получить_парки_в_районе] - Загружено 5 парков со страницы 1
2025-10-30 20:09:01,081 - WARNING - [получить_парки_в_районе] - На странице 2 нет данных в ожидаемом формате
2025-10-30 20:09:01,968 - WARNING - [получить_парки_в_районе] - На странице 3 нет данных в ожидаемом формате
2025-10-30 20:09:02,841 - WARNING - [получить_парки_в_районе] - На странице 4 нет данных в ожидаемом формате
2025-10-30 20:09:03,716 - WARNING - [получить_парки_в_районе] - На странице 5 нет данных в ожидаемом формате
2025-10-30 20:09:03,717 - INFO - [получить_парки_в_районе] - Завершение сбора для района Останкинский. Найдено парков: 5
2025-10-30 20:09:03,718 - INFO - [<cell line: 0>] - Район 'Останкинский' завершен. Парков: 5
2025-10-30 20:09:04,720 - INFO - [<cell line: 0>] - [29/82] Обработка района: Отрадное
2025-10-30 20:09:04,721 - INFO - [получить_парки_в_районе] - Начало сбора парков для района: Отрадное (ID: 4504209512726569)
2025-10-30 20:09:05,113 - INFO - [получить_парки_в_районе] - Загружено 9 парков со страницы 1
2025-10-30 20:09:05,998 - WARNING - [получить_парки_в_районе] - На странице 2 нет данных в ожидаемом формате
2025-10-30 20:09:06,922 - WARNING - [получить_парки_в_районе] - На странице 3 нет данных в ожидаемом формате
2025-10-30 20:09:07,804 - WARNING - [получить_парки_в_районе] - На странице 4 нет данных в ожидаемом формате
2025-10-30 20:09:08,700 - WARNING - [получить_парки_в_районе] - На странице 5 нет данных в ожидаемом формате
2025-10-30 20:09:08,700 - INFO - [получить_парки_в_районе] - Завершение сбора для района Отрадное. Найдено парков: 9
2025-10-30 20:09:08,702 - INFO - [<cell line: 0>] - Район 'Отрадное' завершен. Парков: 9
2025-10-30 20:09:09,703 - INFO - [<cell line: 0>] - [30/82] Обработка района: Очаково-Матвеевское
2025-10-30 20:09:09,704 - INFO - [получить_парки_в_районе] - Начало сбора парков для района: Очаково-Матвеевское (ID: 4504209512726632)
2025-10-30 20:09:10,093 - INFO - [получить_парки_в_районе] - Загружено 10 парков со страницы 1
2025-10-30 20:09:10,983 - INFO - [получить_парки_в_районе] - Загружено 10 парков со страницы 2
2025-10-30 20:09:11,872 - INFO - [получить_парки_в_районе] - Загружено 10 парков со страницы 3
2025-10-30 20:09:12,770 - INFO - [получить_парки_в_районе] - Загружено 10 парков со страницы 4
2025-10-30 20:09:13,669 - INFO - [получить_парки_в_районе] - Загружено 9 парков со страницы 5
2025-10-30 20:09:13,670 - INFO - [получить_парки_в_районе] - Завершение сбора для района Очаково-Матвеевское. Найдено парков: 49
2025-10-30 20:09:13,671 - INFO - [<cell line: 0>] - Район 'Очаково-Матвеевское' завершен. Парков: 49
2025-10-30 20:09:14,673 - INFO - [<cell line: 0>] - [31/82] Обработка района: Перово
2025-10-30 20:09:14,674 - INFO - [получить_парки_в_районе] - Начало сбора парков для района: Перово (ID: 4504209512726581)
2025-10-30 20:09:15,062 - INFO - [получить_парки_в_районе] - Загружено 6 парков со страницы 1
2025-10-30 20:09:16,193 - WARNING - [получить_парки_в_районе] - На странице 2 нет данных в ожидаемом формате
2025-10-30 20:09:17,090 - WARNING - [получить_парки_в_районе] - На странице 3 нет данных в ожидаемом формате
2025-10-30 20:09:18,177 - WARNING - [получить_парки_в_районе] - На странице 4 нет данных в ожидаемом формате
2025-10-30 20:09:19,069 - WARNING - [получить_парки_в_районе] - На странице 5 нет данных в ожидаемом формате
2025-10-30 20:09:19,070 - INFO - [получить_парки_в_районе] - Завершение сбора для района Перово. Найдено парков: 6
2025-10-30 20:09:19,071 - INFO - [<cell line: 0>] - Район 'Перово' завершен. Парков: 6
2025-10-30 20:09:20,072 - INFO - [<cell line: 0>] - [32/82] Обработка района: Печатники
2025-10-30 20:09:20,073 - INFO - [получить_парки_в_районе] - Начало сбора парков для района: Печатники (ID: 4504209512726593)
2025-10-30 20:09:20,457 - INFO - [получить_парки_в_районе] - Загружено 2 парков со страницы 1
2025-10-30 20:09:21,335 - WARNING - [получить_парки_в_районе] - На странице 2 нет данных в ожидаемом формате
2025-10-30 20:09:22,215 - WARNING - [получить_парки_в_районе] - На странице 3 нет данных в ожидаемом формате
2025-10-30 20:09:23,114 - WARNING - [получить_парки_в_районе] - На странице 4 нет данных в ожидаемом формате
2025-10-30 20:09:24,000 - WARNING - [получить_парки_в_районе] - На странице 5 нет данных в ожидаемом формате
2025-10-30 20:09:24,001 - INFO - [получить_парки_в_районе] - Завершение сбора для района Печатники. Найдено парков: 2
2025-10-30 20:09:24,002 - INFO - [<cell line: 0>] - Район 'Печатники' завершен. Парков: 2
2025-10-30 20:09:25,003 - INFO - [<cell line: 0>] - [33/82] Обработка района: Покровское-Стрешнево
2025-10-30 20:09:25,004 - INFO - [получить_парки_в_районе] - Начало сбора парков для района: Покровское-Стрешнево (ID: 4504209512726650)
2025-10-30 20:09:25,411 - INFO - [получить_парки_в_районе] - Загружено 4 парков со страницы 1
2025-10-30 20:09:26,305 - WARNING - [получить_парки_в_районе] - На странице 2 нет данных в ожидаемом формате
2025-10-30 20:09:27,189 - WARNING - [получить_парки_в_районе] - На странице 3 нет данных в ожидаемом формате
2025-10-30 20:09:28,072 - WARNING - [получить_парки_в_районе] - На странице 4 нет данных в ожидаемом формате
2025-10-30 20:09:28,953 - WARNING - [получить_парки_в_районе] - На странице 5 нет данных в ожидаемом формате
2025-10-30 20:09:28,954 - INFO - [получить_парки_в_районе] - Завершение сбора для района Покровское-Стрешнево. Найдено парков: 4
2025-10-30 20:09:28,955 - INFO - [<cell line: 0>] - Район 'Покровское-Стрешнево' завершен. Парков: 4
2025-10-30 20:09:29,956 - INFO - [<cell line: 0>] - [34/82] Обработка района: Преображенское
2025-10-30 20:09:29,957 - INFO - [получить_парки_в_районе] - Начало сбора парков для района: Преображенское (ID: 4504209512726584)
2025-10-30 20:09:30,346 - INFO - [получить_парки_в_районе] - Загружено 4 парков со страницы 1
2025-10-30 20:09:31,224 - WARNING - [получить_парки_в_районе] - На странице 2 нет данных в ожидаемом формате
2025-10-30 20:09:32,104 - WARNING - [получить_парки_в_районе] - На странице 3 нет данных в ожидаемом формате
2025-10-30 20:09:32,999 - WARNING - [получить_парки_в_районе] - На странице 4 нет данных в ожидаемом формате
2025-10-30 20:09:33,896 - WARNING - [получить_парки_в_районе] - На странице 5 нет данных в ожидаемом формате
2025-10-30 20:09:33,897 - INFO - [получить_парки_в_районе] - Завершение сбора для района Преображенское. Найдено парков: 4
2025-10-30 20:09:33,898 - INFO - [<cell line: 0>] - Район 'Преображенское' завершен. Парков: 4
2025-10-30 20:09:34,899 - INFO - [<cell line: 0>] - [35/82] Обработка района: Пресненский
2025-10-30 20:09:34,900 - INFO - [получить_парки_в_районе] - Начало сбора парков для района: Пресненский (ID: 4504209512726539)
2025-10-30 20:09:35,310 - INFO - [получить_парки_в_районе] - Загружено 7 парков со страницы 1
2025-10-30 20:09:36,311 - WARNING - [получить_парки_в_районе] - На странице 2 нет данных в ожидаемом формате
2025-10-30 20:09:37,189 - WARNING - [получить_парки_в_районе] - На странице 3 нет данных в ожидаемом формате
2025-10-30 20:09:38,089 - WARNING - [получить_парки_в_районе] - На странице 4 нет данных в ожидаемом формате
2025-10-30 20:09:38,968 - WARNING - [получить_парки_в_районе] - На странице 5 нет данных в ожидаемом формате
2025-10-30 20:09:38,969 - INFO - [получить_парки_в_районе] - Завершение сбора для района Пресненский. Найдено парков: 7
2025-10-30 20:09:38,972 - INFO - [<cell line: 0>] - Район 'Пресненский' завершен. Парков: 7
2025-10-30 20:09:39,972 - INFO - [<cell line: 0>] - [36/82] Обработка района: Проспект Вернадского
2025-10-30 20:09:39,973 - INFO - [получить_парки_в_районе] - Начало сбора парков для района: Проспект Вернадского (ID: 4504209512726631)
2025-10-30 20:09:40,364 - INFO - [получить_парки_в_районе] - Загружено 2 парков со страницы 1
2025-10-30 20:09:41,243 - WARNING - [получить_парки_в_районе] - На странице 2 нет данных в ожидаемом формате
2025-10-30 20:09:42,127 - WARNING - [получить_парки_в_районе] - На странице 3 нет данных в ожидаемом формате
2025-10-30 20:09:43,009 - WARNING - [получить_парки_в_районе] - На странице 4 нет данных в ожидаемом формате
2025-10-30 20:09:43,893 - WARNING - [получить_парки_в_районе] - На странице 5 нет данных в ожидаемом формате
2025-10-30 20:09:43,894 - INFO - [получить_парки_в_районе] - Завершение сбора для района Проспект Вернадского. Найдено парков: 2
2025-10-30 20:09:43,895 - INFO - [<cell line: 0>] - Район 'Проспект Вернадского' завершен. Парков: 2
2025-10-30 20:09:44,896 - INFO - [<cell line: 0>] - [37/82] Обработка района: Раменки
2025-10-30 20:09:44,897 - INFO - [получить_парки_в_районе] - Начало сбора парков для района: Раменки (ID: 4504209512726639)
2025-10-30 20:09:45,283 - INFO - [получить_парки_в_районе] - Загружено 4 парков со страницы 1
2025-10-30 20:09:46,263 - WARNING - [получить_парки_в_районе] - На странице 2 нет данных в ожидаемом формате
2025-10-30 20:09:47,148 - WARNING - [получить_парки_в_районе] - На странице 3 нет данных в ожидаемом формате
2025-10-30 20:09:48,277 - WARNING - [получить_парки_в_районе] - На странице 4 нет данных в ожидаемом формате
2025-10-30 20:09:49,170 - WARNING - [получить_парки_в_районе] - На странице 5 нет данных в ожидаемом формате
2025-10-30 20:09:49,171 - INFO - [получить_парки_в_районе] - Завершение сбора для района Раменки. Найдено парков: 4
2025-10-30 20:09:49,173 - INFO - [<cell line: 0>] - Район 'Раменки' завершен. Парков: 4
2025-10-30 20:09:50,175 - INFO - [<cell line: 0>] - [38/82] Обработка района: Ростокино
2025-10-30 20:09:50,176 - INFO - [получить_парки_в_районе] - Начало сбора парков для района: Ростокино (ID: 4504209512726558)
2025-10-30 20:09:50,561 - INFO - [получить_парки_в_районе] - Загружено 2 парков со страницы 1
2025-10-30 20:09:51,452 - WARNING - [получить_парки_в_районе] - На странице 2 нет данных в ожидаемом формате
2025-10-30 20:09:52,339 - WARNING - [получить_парки_в_районе] - На странице 3 нет данных в ожидаемом формате
2025-10-30 20:09:53,214 - WARNING - [получить_парки_в_районе] - На странице 4 нет данных в ожидаемом формате
2025-10-30 20:09:54,089 - WARNING - [получить_парки_в_районе] - На странице 5 нет данных в ожидаемом формате
2025-10-30 20:09:54,090 - INFO - [получить_парки_в_районе] - Завершение сбора для района Ростокино. Найдено парков: 2
2025-10-30 20:09:54,092 - INFO - [<cell line: 0>] - Район 'Ростокино' завершен. Парков: 2
2025-10-30 20:09:55,093 - INFO - [<cell line: 0>] - [39/82] Обработка района: Рязанский
2025-10-30 20:09:55,094 - INFO - [получить_парки_в_районе] - Начало сбора парков для района: Рязанский (ID: 4504209512726595)
2025-10-30 20:09:55,496 - INFO - [получить_парки_в_районе] - Загружено 10 парков со страницы 1
2025-10-30 20:09:56,390 - INFO - [получить_парки_в_районе] - Загружено 3 парков со страницы 2
2025-10-30 20:09:57,283 - WARNING - [получить_парки_в_районе] - На странице 3 нет данных в ожидаемом формате
2025-10-30 20:09:58,163 - WARNING - [получить_парки_в_районе] - На странице 4 нет данных в ожидаемом формате
2025-10-30 20:09:59,059 - WARNING - [получить_парки_в_районе] - На странице 5 нет данных в ожидаемом формате
2025-10-30 20:09:59,060 - INFO - [получить_парки_в_районе] - Завершение сбора для района Рязанский. Найдено парков: 13
2025-10-30 20:09:59,063 - INFO - [<cell line: 0>] - Район 'Рязанский' завершен. Парков: 13
2025-10-30 20:10:00,064 - INFO - [<cell line: 0>] - [40/82] Обработка района: Савёлки
2025-10-30 20:10:00,065 - INFO - [получить_парки_в_районе] - Начало сбора парков для района: Савёлки (ID: 4504209512726658)
2025-10-30 20:10:00,452 - INFO - [получить_парки_в_районе] - Загружено 2 парков со страницы 1
2025-10-30 20:10:01,338 - WARNING - [получить_парки_в_районе] - На странице 2 нет данных в ожидаемом формате
2025-10-30 20:10:02,241 - WARNING - [получить_парки_в_районе] - На странице 3 нет данных в ожидаемом формате
2025-10-30 20:10:03,118 - WARNING - [получить_парки_в_районе] - На странице 4 нет данных в ожидаемом формате
2025-10-30 20:10:04,008 - WARNING - [получить_парки_в_районе] - На странице 5 нет данных в ожидаемом формате
2025-10-30 20:10:04,009 - INFO - [получить_парки_в_районе] - Завершение сбора для района Савёлки. Найдено парков: 2
2025-10-30 20:10:04,012 - INFO - [<cell line: 0>] - Район 'Савёлки' завершен. Парков: 2
2025-10-30 20:10:05,013 - INFO - [<cell line: 0>] - [41/82] Обработка района: Савёловский
2025-10-30 20:10:05,014 - INFO - [получить_парки_в_районе] - Начало сбора парков для района: Савёловский (ID: 4504209512726548)
2025-10-30 20:10:05,410 - INFO - [получить_парки_в_районе] - Загружено 5 парков со страницы 1
2025-10-30 20:10:06,295 - WARNING - [получить_парки_в_районе] - На странице 2 нет данных в ожидаемом формате
2025-10-30 20:10:07,185 - WARNING - [получить_парки_в_районе] - На странице 3 нет данных в ожидаемом формате
2025-10-30 20:10:08,085 - WARNING - [получить_парки_в_районе] - На странице 4 нет данных в ожидаемом формате
2025-10-30 20:10:08,966 - WARNING - [получить_парки_в_районе] - На странице 5 нет данных в ожидаемом формате
2025-10-30 20:10:08,967 - INFO - [получить_парки_в_районе] - Завершение сбора для района Савёловский. Найдено парков: 5
2025-10-30 20:10:08,969 - INFO - [<cell line: 0>] - Район 'Савёловский' завершен. Парков: 5
2025-10-30 20:10:09,971 - INFO - [<cell line: 0>] - [42/82] Обработка района: Свиблово
2025-10-30 20:10:09,972 - INFO - [получить_парки_в_районе] - Начало сбора парков для района: Свиблово (ID: 4504209512726563)
2025-10-30 20:10:10,368 - WARNING - [получить_парки_в_районе] - На странице 1 нет данных в ожидаемом формате
2025-10-30 20:10:11,245 - WARNING - [получить_парки_в_районе] - На странице 2 нет данных в ожидаемом формате
2025-10-30 20:10:12,129 - WARNING - [получить_парки_в_районе] - На странице 3 нет данных в ожидаемом формате
2025-10-30 20:10:13,026 - WARNING - [получить_парки_в_районе] - На странице 4 нет данных в ожидаемом формате
2025-10-30 20:10:13,974 - WARNING - [получить_парки_в_районе] - На странице 5 нет данных в ожидаемом формате
2025-10-30 20:10:13,975 - INFO - [получить_парки_в_районе] - Завершение сбора для района Свиблово. Найдено парков: 0
2025-10-30 20:10:13,976 - INFO - [<cell line: 0>] - Район 'Свиблово' завершен. Парков: 0
2025-10-30 20:10:14,979 - INFO - [<cell line: 0>] - [43/82] Обработка района: Северное Бутово
2025-10-30 20:10:14,980 - INFO - [получить_парки_в_районе] - Начало сбора парков для района: Северное Бутово (ID: 4504209512726618)
2025-10-30 20:10:15,369 - INFO - [получить_парки_в_районе] - Загружено 3 парков со страницы 1
2025-10-30 20:10:16,385 - WARNING - [получить_парки_в_районе] - На странице 2 нет данных в ожидаемом формате
2025-10-30 20:10:17,265 - WARNING - [получить_парки_в_районе] - На странице 3 нет данных в ожидаемом формате
2025-10-30 20:10:18,274 - WARNING - [получить_парки_в_районе] - На странице 4 нет данных в ожидаемом формате
2025-10-30 20:10:19,174 - WARNING - [получить_парки_в_районе] - На странице 5 нет данных в ожидаемом формате
2025-10-30 20:10:19,175 - INFO - [получить_парки_в_районе] - Завершение сбора для района Северное Бутово. Найдено парков: 3
2025-10-30 20:10:19,178 - INFO - [<cell line: 0>] - Район 'Северное Бутово' завершен. Парков: 3
2025-10-30 20:10:20,181 - INFO - [<cell line: 0>] - [44/82] Обработка района: Северное Измайлово
2025-10-30 20:10:20,182 - INFO - [получить_парки_в_районе] - Начало сбора парков для района: Северное Измайлово (ID: 4504209512726583)
2025-10-30 20:10:20,562 - INFO - [получить_парки_в_районе] - Загружено 2 парков со страницы 1
2025-10-30 20:10:21,453 - WARNING - [получить_парки_в_районе] - На странице 2 нет данных в ожидаемом формате
2025-10-30 20:10:22,335 - WARNING - [получить_парки_в_районе] - На странице 3 нет данных в ожидаемом формате
2025-10-30 20:10:23,231 - WARNING - [получить_парки_в_районе] - На странице 4 нет данных в ожидаемом формате
2025-10-30 20:10:24,108 - WARNING - [получить_парки_в_районе] - На странице 5 нет данных в ожидаемом формате
2025-10-30 20:10:24,109 - INFO - [получить_парки_в_районе] - Завершение сбора для района Северное Измайлово. Найдено парков: 2
2025-10-30 20:10:24,110 - INFO - [<cell line: 0>] - Район 'Северное Измайлово' завершен. Парков: 2
2025-10-30 20:10:25,112 - INFO - [<cell line: 0>] - [45/82] Обработка района: Северное Медведково
2025-10-30 20:10:25,114 - INFO - [получить_парки_в_районе] - Начало сбора парков для района: Северное Медведково (ID: 4504209512726566)
2025-10-30 20:10:25,519 - INFO - [получить_парки_в_районе] - Загружено 6 парков со страницы 1
2025-10-30 20:10:26,405 - WARNING - [получить_парки_в_районе] - На странице 2 нет данных в ожидаемом формате
2025-10-30 20:10:27,303 - WARNING - [получить_парки_в_районе] - На странице 3 нет данных в ожидаемом формате
2025-10-30 20:10:28,194 - WARNING - [получить_парки_в_районе] - На странице 4 нет данных в ожидаемом формате
2025-10-30 20:10:29,091 - WARNING - [получить_парки_в_районе] - На странице 5 нет данных в ожидаемом формате
2025-10-30 20:10:29,092 - INFO - [получить_парки_в_районе] - Завершение сбора для района Северное Медведково. Найдено парков: 6
2025-10-30 20:10:29,093 - INFO - [<cell line: 0>] - Район 'Северное Медведково' завершен. Парков: 6
2025-10-30 20:10:30,094 - INFO - [<cell line: 0>] - [46/82] Обработка района: Северное Тушино
2025-10-30 20:10:30,095 - INFO - [получить_парки_в_районе] - Начало сбора парков для района: Северное Тушино (ID: 4504209512726646)
2025-10-30 20:10:30,504 - INFO - [получить_парки_в_районе] - Загружено 1 парков со страницы 1
2025-10-30 20:10:31,395 - WARNING - [получить_парки_в_районе] - На странице 2 нет данных в ожидаемом формате
2025-10-30 20:10:32,284 - WARNING - [получить_парки_в_районе] - На странице 3 нет данных в ожидаемом формате
2025-10-30 20:10:33,168 - WARNING - [получить_парки_в_районе] - На странице 4 нет данных в ожидаемом формате
2025-10-30 20:10:34,053 - WARNING - [получить_парки_в_районе] - На странице 5 нет данных в ожидаемом формате
2025-10-30 20:10:34,054 - INFO - [получить_парки_в_районе] - Завершение сбора для района Северное Тушино. Найдено парков: 1
2025-10-30 20:10:34,056 - INFO - [<cell line: 0>] - Район 'Северное Тушино' завершен. Парков: 1
2025-10-30 20:10:35,058 - INFO - [<cell line: 0>] - [47/82] Обработка района: Северный
2025-10-30 20:10:35,059 - INFO - [получить_парки_в_районе] - Начало сбора парков для района: Северный (ID: 4504209512726573)
2025-10-30 20:10:35,443 - INFO - [получить_парки_в_районе] - Загружено 2 парков со страницы 1
2025-10-30 20:10:36,335 - WARNING - [получить_парки_в_районе] - На странице 2 нет данных в ожидаемом формате
2025-10-30 20:10:37,215 - WARNING - [получить_парки_в_районе] - На странице 3 нет данных в ожидаемом формате
2025-10-30 20:10:38,097 - WARNING - [получить_парки_в_районе] - На странице 4 нет данных в ожидаемом формате
2025-10-30 20:10:38,980 - WARNING - [получить_парки_в_районе] - На странице 5 нет данных в ожидаемом формате
2025-10-30 20:10:38,981 - INFO - [получить_парки_в_районе] - Завершение сбора для района Северный. Найдено парков: 2
2025-10-30 20:10:38,982 - INFO - [<cell line: 0>] - Район 'Северный' завершен. Парков: 2
2025-10-30 20:10:39,983 - INFO - [<cell line: 0>] - [48/82] Обработка района: Силино
2025-10-30 20:10:39,984 - INFO - [получить_парки_в_районе] - Начало сбора парков для района: Силино (ID: 4504209512726656)
2025-10-30 20:10:40,360 - WARNING - [получить_парки_в_районе] - На странице 1 нет данных в ожидаемом формате
2025-10-30 20:10:41,237 - WARNING - [получить_парки_в_районе] - На странице 2 нет данных в ожидаемом формате
2025-10-30 20:10:42,140 - WARNING - [получить_парки_в_районе] - На странице 3 нет данных в ожидаемом формате
2025-10-30 20:10:43,019 - WARNING - [получить_парки_в_районе] - На странице 4 нет данных в ожидаемом формате
2025-10-30 20:10:43,902 - WARNING - [получить_парки_в_районе] - На странице 5 нет данных в ожидаемом формате
2025-10-30 20:10:43,903 - INFO - [получить_парки_в_районе] - Завершение сбора для района Силино. Найдено парков: 0
2025-10-30 20:10:43,904 - INFO - [<cell line: 0>] - Район 'Силино' завершен. Парков: 0
2025-10-30 20:10:44,905 - INFO - [<cell line: 0>] - [49/82] Обработка района: Сокол
2025-10-30 20:10:44,906 - INFO - [получить_парки_в_районе] - Начало сбора парков для района: Сокол (ID: 4504209512726552)
2025-10-30 20:10:45,303 - WARNING - [получить_парки_в_районе] - На странице 1 нет данных в ожидаемом формате
2025-10-30 20:10:46,304 - WARNING - [получить_парки_в_районе] - На странице 2 нет данных в ожидаемом формате
2025-10-30 20:10:47,189 - WARNING - [получить_парки_в_районе] - На странице 3 нет данных в ожидаемом формате
2025-10-30 20:10:48,151 - WARNING - [получить_парки_в_районе] - На странице 4 нет данных в ожидаемом формате
2025-10-30 20:10:49,047 - WARNING - [получить_парки_в_районе] - На странице 5 нет данных в ожидаемом формате
2025-10-30 20:10:49,048 - INFO - [получить_парки_в_районе] - Завершение сбора для района Сокол. Найдено парков: 0
2025-10-30 20:10:49,050 - INFO - [<cell line: 0>] - Район 'Сокол' завершен. Парков: 0
2025-10-30 20:10:50,051 - INFO - [<cell line: 0>] - [50/82] Обработка района: Соколиная Гора
2025-10-30 20:10:50,052 - INFO - [получить_парки_в_районе] - Начало сбора парков для района: Соколиная Гора (ID: 4504209512726585)
2025-10-30 20:10:50,440 - INFO - [получить_парки_в_районе] - Загружено 2 парков со страницы 1
2025-10-30 20:10:51,320 - WARNING - [получить_парки_в_районе] - На странице 2 нет данных в ожидаемом формате
2025-10-30 20:10:52,210 - WARNING - [получить_парки_в_районе] - На странице 3 нет данных в ожидаемом формате
2025-10-30 20:10:53,097 - WARNING - [получить_парки_в_районе] - На странице 4 нет данных в ожидаемом формате
2025-10-30 20:10:53,980 - WARNING - [получить_парки_в_районе] - На странице 5 нет данных в ожидаемом формате
2025-10-30 20:10:53,981 - INFO - [получить_парки_в_районе] - Завершение сбора для района Соколиная Гора. Найдено парков: 2
2025-10-30 20:10:53,982 - INFO - [<cell line: 0>] - Район 'Соколиная Гора' завершен. Парков: 2
2025-10-30 20:10:54,983 - INFO - [<cell line: 0>] - [51/82] Обработка района: Сокольники
2025-10-30 20:10:54,984 - INFO - [получить_парки_в_районе] - Начало сбора парков для района: Сокольники (ID: 4504209512726582)
2025-10-30 20:10:55,375 - INFO - [получить_парки_в_районе] - Загружено 3 парков со страницы 1
2025-10-30 20:10:56,252 - WARNING - [получить_парки_в_районе] - На странице 2 нет данных в ожидаемом формате
2025-10-30 20:10:57,129 - WARNING - [получить_парки_в_районе] - На странице 3 нет данных в ожидаемом формате
2025-10-30 20:10:58,021 - WARNING - [получить_парки_в_районе] - На странице 4 нет данных в ожидаемом формате
2025-10-30 20:10:58,895 - WARNING - [получить_парки_в_районе] - На странице 5 нет данных в ожидаемом формате
2025-10-30 20:10:58,896 - INFO - [получить_парки_в_районе] - Завершение сбора для района Сокольники. Найдено парков: 3
2025-10-30 20:10:58,898 - INFO - [<cell line: 0>] - Район 'Сокольники' завершен. Парков: 3
2025-10-30 20:10:59,900 - INFO - [<cell line: 0>] - [52/82] Обработка района: Солнцево
2025-10-30 20:10:59,901 - INFO - [получить_парки_в_районе] - Начало сбора парков для района: Солнцево (ID: 4504209512726640)
2025-10-30 20:11:00,282 - WARNING - [получить_парки_в_районе] - На странице 1 нет данных в ожидаемом формате
2025-10-30 20:11:01,182 - WARNING - [получить_парки_в_районе] - На странице 2 нет данных в ожидаемом формате
2025-10-30 20:11:02,068 - WARNING - [получить_парки_в_районе] - На странице 3 нет данных в ожидаемом формате
2025-10-30 20:11:02,949 - WARNING - [получить_парки_в_районе] - На странице 4 нет данных в ожидаемом формате
2025-10-30 20:11:03,828 - WARNING - [получить_парки_в_районе] - На странице 5 нет данных в ожидаемом формате
2025-10-30 20:11:03,829 - INFO - [получить_парки_в_районе] - Завершение сбора для района Солнцево. Найдено парков: 0
2025-10-30 20:11:03,832 - INFO - [<cell line: 0>] - Район 'Солнцево' завершен. Парков: 0
2025-10-30 20:11:04,833 - INFO - [<cell line: 0>] - [53/82] Обработка района: Старое Крюково
2025-10-30 20:11:04,834 - INFO - [получить_парки_в_районе] - Начало сбора парков для района: Старое Крюково (ID: 4504209512726655)
2025-10-30 20:11:05,224 - INFO - [получить_парки_в_районе] - Загружено 1 парков со страницы 1
2025-10-30 20:11:06,108 - WARNING - [получить_парки_в_районе] - На странице 2 нет данных в ожидаемом формате
2025-10-30 20:11:06,987 - WARNING - [получить_парки_в_районе] - На странице 3 нет данных в ожидаемом формате
2025-10-30 20:11:07,881 - WARNING - [получить_парки_в_районе] - На странице 4 нет данных в ожидаемом формате
2025-10-30 20:11:08,785 - WARNING - [получить_парки_в_районе] - На странице 5 нет данных в ожидаемом формате
2025-10-30 20:11:08,786 - INFO - [получить_парки_в_районе] - Завершение сбора для района Старое Крюково. Найдено парков: 1
2025-10-30 20:11:08,788 - INFO - [<cell line: 0>] - Район 'Старое Крюково' завершен. Парков: 1
2025-10-30 20:11:09,790 - INFO - [<cell line: 0>] - [54/82] Обработка района: Строгино
2025-10-30 20:11:09,791 - INFO - [получить_парки_в_районе] - Начало сбора парков для района: Строгино (ID: 4504209512726644)
2025-10-30 20:11:10,195 - INFO - [получить_парки_в_районе] - Загружено 2 парков со страницы 1
2025-10-30 20:11:11,079 - WARNING - [получить_парки_в_районе] - На странице 2 нет данных в ожидаемом формате
2025-10-30 20:11:11,960 - WARNING - [получить_парки_в_районе] - На странице 3 нет данных в ожидаемом формате
2025-10-30 20:11:12,836 - WARNING - [получить_парки_в_районе] - На странице 4 нет данных в ожидаемом формате
2025-10-30 20:11:13,726 - WARNING - [получить_парки_в_районе] - На странице 5 нет данных в ожидаемом формате
2025-10-30 20:11:13,727 - INFO - [получить_парки_в_районе] - Завершение сбора для района Строгино. Найдено парков: 2
2025-10-30 20:11:13,730 - INFO - [<cell line: 0>] - Район 'Строгино' завершен. Парков: 2
2025-10-30 20:11:14,731 - INFO - [<cell line: 0>] - [55/82] Обработка района: Таганский
2025-10-30 20:11:14,732 - INFO - [получить_парки_в_районе] - Начало сбора парков для района: Таганский (ID: 4504209512726538)
2025-10-30 20:11:15,128 - INFO - [получить_парки_в_районе] - Загружено 3 парков со страницы 1
2025-10-30 20:11:16,110 - WARNING - [получить_парки_в_районе] - На странице 2 нет данных в ожидаемом формате
2025-10-30 20:11:16,999 - WARNING - [получить_парки_в_районе] - На странице 3 нет данных в ожидаемом формате
2025-10-30 20:11:17,968 - WARNING - [получить_парки_в_районе] - На странице 4 нет данных в ожидаемом формате
2025-10-30 20:11:18,864 - WARNING - [получить_парки_в_районе] - На странице 5 нет данных в ожидаемом формате
2025-10-30 20:11:18,865 - INFO - [получить_парки_в_районе] - Завершение сбора для района Таганский. Найдено парков: 3
2025-10-30 20:11:18,867 - INFO - [<cell line: 0>] - Район 'Таганский' завершен. Парков: 3
2025-10-30 20:11:19,869 - INFO - [<cell line: 0>] - [56/82] Обработка района: Тверской
2025-10-30 20:11:19,870 - INFO - [получить_парки_в_районе] - Начало сбора парков для района: Тверской (ID: 4504209512726536)
2025-10-30 20:11:20,278 - INFO - [получить_парки_в_районе] - Загружено 3 парков со страницы 1
2025-10-30 20:11:21,162 - WARNING - [получить_парки_в_районе] - На странице 2 нет данных в ожидаемом формате
2025-10-30 20:11:22,040 - WARNING - [получить_парки_в_районе] - На странице 3 нет данных в ожидаемом формате
2025-10-30 20:11:22,923 - WARNING - [получить_парки_в_районе] - На странице 4 нет данных в ожидаемом формате
2025-10-30 20:11:23,809 - WARNING - [получить_парки_в_районе] - На странице 5 нет данных в ожидаемом формате
2025-10-30 20:11:23,810 - INFO - [получить_парки_в_районе] - Завершение сбора для района Тверской. Найдено парков: 3
2025-10-30 20:11:23,811 - INFO - [<cell line: 0>] - Район 'Тверской' завершен. Парков: 3
2025-10-30 20:11:24,812 - INFO - [<cell line: 0>] - [57/82] Обработка района: Текстильщики
2025-10-30 20:11:24,813 - INFO - [получить_парки_в_районе] - Начало сбора парков для района: Текстильщики (ID: 4504209512726594)
2025-10-30 20:11:25,199 - INFO - [получить_парки_в_районе] - Загружено 10 парков со страницы 1
2025-10-30 20:11:26,079 - INFO - [получить_парки_в_районе] - Загружено 8 парков со страницы 2
2025-10-30 20:11:26,963 - WARNING - [получить_парки_в_районе] - На странице 3 нет данных в ожидаемом формате
2025-10-30 20:11:27,853 - WARNING - [получить_парки_в_районе] - На странице 4 нет данных в ожидаемом формате
2025-10-30 20:11:28,758 - WARNING - [получить_парки_в_районе] - На странице 5 нет данных в ожидаемом формате
2025-10-30 20:11:28,759 - INFO - [получить_парки_в_районе] - Завершение сбора для района Текстильщики. Найдено парков: 18
2025-10-30 20:11:28,761 - INFO - [<cell line: 0>] - Район 'Текстильщики' завершен. Парков: 18
2025-10-30 20:11:29,763 - INFO - [<cell line: 0>] - [58/82] Обработка района: Тёплый Стан
2025-10-30 20:11:29,764 - INFO - [получить_парки_в_районе] - Начало сбора парков для района: Тёплый Стан (ID: 4504209512726621)
2025-10-30 20:11:30,159 - INFO - [получить_парки_в_районе] - Загружено 2 парков со страницы 1
2025-10-30 20:11:31,050 - WARNING - [получить_парки_в_районе] - На странице 2 нет данных в ожидаемом формате
2025-10-30 20:11:31,930 - WARNING - [получить_парки_в_районе] - На странице 3 нет данных в ожидаемом формате
2025-10-30 20:11:32,814 - WARNING - [получить_парки_в_районе] - На странице 4 нет данных в ожидаемом формате
2025-10-30 20:11:33,691 - WARNING - [получить_парки_в_районе] - На странице 5 нет данных в ожидаемом формате
2025-10-30 20:11:33,692 - INFO - [получить_парки_в_районе] - Завершение сбора для района Тёплый Стан. Найдено парков: 2
2025-10-30 20:11:33,694 - INFO - [<cell line: 0>] - Район 'Тёплый Стан' завершен. Парков: 2
2025-10-30 20:11:34,696 - INFO - [<cell line: 0>] - [59/82] Обработка района: Тимирязевский
2025-10-30 20:11:34,700 - INFO - [получить_парки_в_районе] - Начало сбора парков для района: Тимирязевский (ID: 4504209512726547)
2025-10-30 20:11:35,106 - INFO - [получить_парки_в_районе] - Загружено 10 парков со страницы 1
2025-10-30 20:11:36,017 - INFO - [получить_парки_в_районе] - Загружено 1 парков со страницы 2
2025-10-30 20:11:36,900 - WARNING - [получить_парки_в_районе] - На странице 3 нет данных в ожидаемом формате
2025-10-30 20:11:37,798 - WARNING - [получить_парки_в_районе] - На странице 4 нет данных в ожидаемом формате
2025-10-30 20:11:38,692 - WARNING - [получить_парки_в_районе] - На странице 5 нет данных в ожидаемом формате
2025-10-30 20:11:38,693 - INFO - [получить_парки_в_районе] - Завершение сбора для района Тимирязевский. Найдено парков: 11
2025-10-30 20:11:38,694 - INFO - [<cell line: 0>] - Район 'Тимирязевский' завершен. Парков: 11
2025-10-30 20:11:39,695 - INFO - [<cell line: 0>] - [60/82] Обработка района: Троицк
2025-10-30 20:11:39,696 - INFO - [получить_парки_в_районе] - Начало сбора парков для района: Троицк (ID: 4504209520933741)
2025-10-30 20:11:40,083 - INFO - [получить_парки_в_районе] - Загружено 8 парков со страницы 1
2025-10-30 20:11:40,957 - WARNING - [получить_парки_в_районе] - На странице 2 нет данных в ожидаемом формате
2025-10-30 20:11:41,843 - WARNING - [получить_парки_в_районе] - На странице 3 нет данных в ожидаемом формате
2025-10-30 20:11:42,749 - WARNING - [получить_парки_в_районе] - На странице 4 нет данных в ожидаемом формате
2025-10-30 20:11:43,650 - WARNING - [получить_парки_в_районе] - На странице 5 нет данных в ожидаемом формате
2025-10-30 20:11:43,651 - INFO - [получить_парки_в_районе] - Завершение сбора для района Троицк. Найдено парков: 8
2025-10-30 20:11:43,653 - INFO - [<cell line: 0>] - Район 'Троицк' завершен. Парков: 8
2025-10-30 20:11:44,655 - INFO - [<cell line: 0>] - [61/82] Обработка района: Тропарёво-Никулино
2025-10-30 20:11:44,656 - INFO - [получить_парки_в_районе] - Начало сбора парков для района: Тропарёво-Никулино (ID: 4504209512726630)
2025-10-30 20:11:45,051 - INFO - [получить_парки_в_районе] - Загружено 10 парков со страницы 1
2025-10-30 20:11:45,960 - INFO - [получить_парки_в_районе] - Загружено 9 парков со страницы 2
2025-10-30 20:11:46,976 - WARNING - [получить_парки_в_районе] - На странице 3 нет данных в ожидаемом формате
2025-10-30 20:11:47,861 - WARNING - [получить_парки_в_районе] - На странице 4 нет данных в ожидаемом формате
2025-10-30 20:11:48,895 - WARNING - [получить_парки_в_районе] - На странице 5 нет данных в ожидаемом формате
2025-10-30 20:11:48,896 - INFO - [получить_парки_в_районе] - Завершение сбора для района Тропарёво-Никулино. Найдено парков: 19
2025-10-30 20:11:48,898 - INFO - [<cell line: 0>] - Район 'Тропарёво-Никулино' завершен. Парков: 19
2025-10-30 20:11:49,899 - INFO - [<cell line: 0>] - [62/82] Обработка района: Филёвский Парк
2025-10-30 20:11:49,900 - INFO - [получить_парки_в_районе] - Начало сбора парков для района: Филёвский Парк (ID: 4504209512726636)
2025-10-30 20:11:50,289 - INFO - [получить_парки_в_районе] - Загружено 9 парков со страницы 1
2025-10-30 20:11:51,182 - WARNING - [получить_парки_в_районе] - На странице 2 нет данных в ожидаемом формате
2025-10-30 20:11:52,072 - WARNING - [получить_парки_в_районе] - На странице 3 нет данных в ожидаемом формате
2025-10-30 20:11:52,950 - WARNING - [получить_парки_в_районе] - На странице 4 нет данных в ожидаемом формате
2025-10-30 20:11:53,844 - WARNING - [получить_парки_в_районе] - На странице 5 нет данных в ожидаемом формате
2025-10-30 20:11:53,845 - INFO - [получить_парки_в_районе] - Завершение сбора для района Филёвский Парк. Найдено парков: 9
2025-10-30 20:11:53,846 - INFO - [<cell line: 0>] - Район 'Филёвский Парк' завершен. Парков: 9
2025-10-30 20:11:54,847 - INFO - [<cell line: 0>] - [63/82] Обработка района: Фили-Давыдково
2025-10-30 20:11:54,848 - INFO - [получить_парки_в_районе] - Начало сбора парков для района: Фили-Давыдково (ID: 4504209512726638)
2025-10-30 20:11:55,249 - WARNING - [получить_парки_в_районе] - На странице 1 нет данных в ожидаемом формате
2025-10-30 20:11:56,145 - WARNING - [получить_парки_в_районе] - На странице 2 нет данных в ожидаемом формате
2025-10-30 20:11:57,047 - WARNING - [получить_парки_в_районе] - На странице 3 нет данных в ожидаемом формате
2025-10-30 20:11:57,918 - WARNING - [получить_парки_в_районе] - На странице 4 нет данных в ожидаемом формате
2025-10-30 20:11:58,819 - WARNING - [получить_парки_в_районе] - На странице 5 нет данных в ожидаемом формате
2025-10-30 20:11:58,820 - INFO - [получить_парки_в_районе] - Завершение сбора для района Фили-Давыдково. Найдено парков: 0
2025-10-30 20:11:58,822 - INFO - [<cell line: 0>] - Район 'Фили-Давыдково' завершен. Парков: 0
2025-10-30 20:11:59,823 - INFO - [<cell line: 0>] - [64/82] Обработка района: Филимонковский
2025-10-30 20:11:59,824 - INFO - [получить_парки_в_районе] - Начало сбора парков для района: Филимонковский (ID: 4504209520929329)
2025-10-30 20:12:00,218 - INFO - [получить_парки_в_районе] - Загружено 10 парков со страницы 1
2025-10-30 20:12:01,112 - INFO - [получить_парки_в_районе] - Загружено 10 парков со страницы 2
2025-10-30 20:12:02,014 - INFO - [получить_парки_в_районе] - Загружено 1 парков со страницы 3
2025-10-30 20:12:02,901 - WARNING - [получить_парки_в_районе] - На странице 4 нет данных в ожидаемом формате
2025-10-30 20:12:03,782 - WARNING - [получить_парки_в_районе] - На странице 5 нет данных в ожидаемом формате
2025-10-30 20:12:03,783 - INFO - [получить_парки_в_районе] - Завершение сбора для района Филимонковский. Найдено парков: 21
2025-10-30 20:12:03,784 - INFO - [<cell line: 0>] - Район 'Филимонковский' завершен. Парков: 21
2025-10-30 20:12:04,785 - INFO - [<cell line: 0>] - [65/82] Обработка района: Хамовники
2025-10-30 20:12:04,786 - INFO - [получить_парки_в_районе] - Начало сбора парков для района: Хамовники (ID: 4504209512726533)
2025-10-30 20:12:05,173 - INFO - [получить_парки_в_районе] - Загружено 1 парков со страницы 1
2025-10-30 20:12:06,045 - WARNING - [получить_парки_в_районе] - На странице 2 нет данных в ожидаемом формате
2025-10-30 20:12:06,927 - WARNING - [получить_парки_в_районе] - На странице 3 нет данных в ожидаемом формате
2025-10-30 20:12:07,807 - WARNING - [получить_парки_в_районе] - На странице 4 нет данных в ожидаемом формате
2025-10-30 20:12:08,689 - WARNING - [получить_парки_в_районе] - На странице 5 нет данных в ожидаемом формате
2025-10-30 20:12:08,690 - INFO - [получить_парки_в_районе] - Завершение сбора для района Хамовники. Найдено парков: 1
2025-10-30 20:12:08,691 - INFO - [<cell line: 0>] - Район 'Хамовники' завершен. Парков: 1
2025-10-30 20:12:09,692 - INFO - [<cell line: 0>] - [66/82] Обработка района: Ховрино
2025-10-30 20:12:09,693 - INFO - [получить_парки_в_районе] - Начало сбора парков для района: Ховрино (ID: 4504209512726555)
2025-10-30 20:12:10,076 - INFO - [получить_парки_в_районе] - Загружено 8 парков со страницы 1
2025-10-30 20:12:10,957 - WARNING - [получить_парки_в_районе] - На странице 2 нет данных в ожидаемом формате
2025-10-30 20:12:11,841 - WARNING - [получить_парки_в_районе] - На странице 3 нет данных в ожидаемом формате
2025-10-30 20:12:12,726 - WARNING - [получить_парки_в_районе] - На странице 4 нет данных в ожидаемом формате
2025-10-30 20:12:13,623 - WARNING - [получить_парки_в_районе] - На странице 5 нет данных в ожидаемом формате
2025-10-30 20:12:13,623 - INFO - [получить_парки_в_районе] - Завершение сбора для района Ховрино. Найдено парков: 8
2025-10-30 20:12:13,625 - INFO - [<cell line: 0>] - Район 'Ховрино' завершен. Парков: 8
2025-10-30 20:12:14,626 - INFO - [<cell line: 0>] - [67/82] Обработка района: Хорошёво-Мнёвники
2025-10-30 20:12:14,627 - INFO - [получить_парки_в_районе] - Начало сбора парков для района: Хорошёво-Мнёвники (ID: 4504209512726647)
2025-10-30 20:12:15,017 - INFO - [получить_парки_в_районе] - Загружено 1 парков со страницы 1
2025-10-30 20:12:15,892 - WARNING - [получить_парки_в_районе] - На странице 2 нет данных в ожидаемом формате
2025-10-30 20:12:16,895 - WARNING - [получить_парки_в_районе] - На странице 3 нет данных в ожидаемом формате
2025-10-30 20:12:17,773 - WARNING - [получить_парки_в_районе] - На странице 4 нет данных в ожидаемом формате
2025-10-30 20:12:18,851 - WARNING - [получить_парки_в_районе] - На странице 5 нет данных в ожидаемом формате
2025-10-30 20:12:18,852 - INFO - [получить_парки_в_районе] - Завершение сбора для района Хорошёво-Мнёвники. Найдено парков: 1
2025-10-30 20:12:18,853 - INFO - [<cell line: 0>] - Район 'Хорошёво-Мнёвники' завершен. Парков: 1
2025-10-30 20:12:19,854 - INFO - [<cell line: 0>] - [68/82] Обработка района: Хорошёвский
2025-10-30 20:12:19,855 - INFO - [получить_парки_в_районе] - Начало сбора парков для района: Хорошёвский (ID: 4504209512726553)
2025-10-30 20:12:20,275 - INFO - [получить_парки_в_районе] - Загружено 6 парков со страницы 1
2025-10-30 20:12:21,157 - WARNING - [получить_парки_в_районе] - На странице 2 нет данных в ожидаемом формате
2025-10-30 20:12:22,063 - WARNING - [получить_парки_в_районе] - На странице 3 нет данных в ожидаемом формате
2025-10-30 20:12:22,963 - WARNING - [получить_парки_в_районе] - На странице 4 нет данных в ожидаемом формате
2025-10-30 20:12:23,842 - WARNING - [получить_парки_в_районе] - На странице 5 нет данных в ожидаемом формате
2025-10-30 20:12:23,842 - INFO - [получить_парки_в_районе] - Завершение сбора для района Хорошёвский. Найдено парков: 6
2025-10-30 20:12:23,845 - INFO - [<cell line: 0>] - Район 'Хорошёвский' завершен. Парков: 6
2025-10-30 20:12:24,846 - INFO - [<cell line: 0>] - [69/82] Обработка района: Царицыно
2025-10-30 20:12:24,847 - INFO - [получить_парки_в_районе] - Начало сбора парков для района: Царицыно (ID: 4504209512726608)
2025-10-30 20:12:25,227 - INFO - [получить_парки_в_районе] - Загружено 3 парков со страницы 1
2025-10-30 20:12:26,118 - WARNING - [получить_парки_в_районе] - На странице 2 нет данных в ожидаемом формате
2025-10-30 20:12:27,002 - WARNING - [получить_парки_в_районе] - На странице 3 нет данных в ожидаемом формате
2025-10-30 20:12:27,890 - WARNING - [получить_парки_в_районе] - На странице 4 нет данных в ожидаемом формате
2025-10-30 20:12:28,768 - WARNING - [получить_парки_в_районе] - На странице 5 нет данных в ожидаемом формате
2025-10-30 20:12:28,769 - INFO - [получить_парки_в_районе] - Завершение сбора для района Царицыно. Найдено парков: 3
2025-10-30 20:12:28,771 - INFO - [<cell line: 0>] - Район 'Царицыно' завершен. Парков: 3
2025-10-30 20:12:29,772 - INFO - [<cell line: 0>] - [70/82] Обработка района: Черёмушки
2025-10-30 20:12:29,773 - INFO - [получить_парки_в_районе] - Начало сбора парков для района: Черёмушки (ID: 4504209512726627)
2025-10-30 20:12:30,158 - INFO - [получить_парки_в_районе] - Загружено 5 парков со страницы 1
2025-10-30 20:12:31,095 - WARNING - [получить_парки_в_районе] - На странице 2 нет данных в ожидаемом формате
2025-10-30 20:12:31,992 - WARNING - [получить_парки_в_районе] - На странице 3 нет данных в ожидаемом формате
2025-10-30 20:12:32,873 - WARNING - [получить_парки_в_районе] - На странице 4 нет данных в ожидаемом формате
2025-10-30 20:12:33,760 - WARNING - [получить_парки_в_районе] - На странице 5 нет данных в ожидаемом формате
2025-10-30 20:12:33,763 - INFO - [получить_парки_в_районе] - Завершение сбора для района Черёмушки. Найдено парков: 5
2025-10-30 20:12:33,764 - INFO - [<cell line: 0>] - Район 'Черёмушки' завершен. Парков: 5
2025-10-30 20:12:34,765 - INFO - [<cell line: 0>] - [71/82] Обработка района: Чертаново Северное
2025-10-30 20:12:34,766 - INFO - [получить_парки_в_районе] - Начало сбора парков для района: Чертаново Северное (ID: 4504209512726615)
2025-10-30 20:12:35,156 - INFO - [получить_парки_в_районе] - Загружено 10 парков со страницы 1
2025-10-30 20:12:36,027 - WARNING - [получить_парки_в_районе] - На странице 2 нет данных в ожидаемом формате
2025-10-30 20:12:36,930 - WARNING - [получить_парки_в_районе] - На странице 3 нет данных в ожидаемом формате
2025-10-30 20:12:37,811 - WARNING - [получить_парки_в_районе] - На странице 4 нет данных в ожидаемом формате
2025-10-30 20:12:38,722 - WARNING - [получить_парки_в_районе] - На странице 5 нет данных в ожидаемом формате
2025-10-30 20:12:38,723 - INFO - [получить_парки_в_районе] - Завершение сбора для района Чертаново Северное. Найдено парков: 10
2025-10-30 20:12:38,724 - INFO - [<cell line: 0>] - Район 'Чертаново Северное' завершен. Парков: 10
2025-10-30 20:12:39,725 - INFO - [<cell line: 0>] - [72/82] Обработка района: Чертаново Центральное
2025-10-30 20:12:39,726 - INFO - [получить_парки_в_районе] - Начало сбора парков для района: Чертаново Центральное (ID: 4504209512726614)
2025-10-30 20:12:40,129 - INFO - [получить_парки_в_районе] - Загружено 7 парков со страницы 1
2025-10-30 20:12:41,014 - WARNING - [получить_парки_в_районе] - На странице 2 нет данных в ожидаемом формате
2025-10-30 20:12:41,893 - WARNING - [получить_парки_в_районе] - На странице 3 нет данных в ожидаемом формате
2025-10-30 20:12:42,767 - WARNING - [получить_парки_в_районе] - На странице 4 нет данных в ожидаемом формате
2025-10-30 20:12:43,649 - WARNING - [получить_парки_в_районе] - На странице 5 нет данных в ожидаемом формате
2025-10-30 20:12:43,650 - INFO - [получить_парки_в_районе] - Завершение сбора для района Чертаново Центральное. Найдено парков: 7
2025-10-30 20:12:43,651 - INFO - [<cell line: 0>] - Район 'Чертаново Центральное' завершен. Парков: 7
2025-10-30 20:12:44,654 - INFO - [<cell line: 0>] - [73/82] Обработка района: Чертаново Южное
2025-10-30 20:12:44,655 - INFO - [получить_парки_в_районе] - Начало сбора парков для района: Чертаново Южное (ID: 4504209512726659)
2025-10-30 20:12:45,042 - INFO - [получить_парки_в_районе] - Загружено 4 парков со страницы 1
2025-10-30 20:12:45,923 - WARNING - [получить_парки_в_районе] - На странице 2 нет данных в ожидаемом формате
2025-10-30 20:12:46,919 - WARNING - [получить_парки_в_районе] - На странице 3 нет данных в ожидаемом формате
2025-10-30 20:12:47,798 - WARNING - [получить_парки_в_районе] - На странице 4 нет данных в ожидаемом формате
2025-10-30 20:12:48,785 - WARNING - [получить_парки_в_районе] - На странице 5 нет данных в ожидаемом формате
2025-10-30 20:12:48,786 - INFO - [получить_парки_в_районе] - Завершение сбора для района Чертаново Южное. Найдено парков: 4
2025-10-30 20:12:48,789 - INFO - [<cell line: 0>] - Район 'Чертаново Южное' завершен. Парков: 4
2025-10-30 20:12:49,791 - INFO - [<cell line: 0>] - [74/82] Обработка района: Щербинка
2025-10-30 20:12:49,791 - INFO - [получить_парки_в_районе] - Начало сбора парков для района: Щербинка (ID: 4504209520928047)
2025-10-30 20:12:50,202 - INFO - [получить_парки_в_районе] - Загружено 10 парков со страницы 1
2025-10-30 20:12:51,105 - INFO - [получить_парки_в_районе] - Загружено 3 парков со страницы 2
2025-10-30 20:12:52,006 - WARNING - [получить_парки_в_районе] - На странице 3 нет данных в ожидаемом формате
2025-10-30 20:12:52,905 - WARNING - [получить_парки_в_районе] - На странице 4 нет данных в ожидаемом формате
2025-10-30 20:12:53,783 - WARNING - [получить_парки_в_районе] - На странице 5 нет данных в ожидаемом формате
2025-10-30 20:12:53,784 - INFO - [получить_парки_в_районе] - Завершение сбора для района Щербинка. Найдено парков: 13
2025-10-30 20:12:53,787 - INFO - [<cell line: 0>] - Район 'Щербинка' завершен. Парков: 13
2025-10-30 20:12:54,788 - INFO - [<cell line: 0>] - [75/82] Обработка района: Щукино
2025-10-30 20:12:54,789 - INFO - [получить_парки_в_районе] - Начало сбора парков для района: Щукино (ID: 4504209512726648)
2025-10-30 20:12:55,170 - WARNING - [получить_парки_в_районе] - На странице 1 нет данных в ожидаемом формате
2025-10-30 20:12:56,049 - WARNING - [получить_парки_в_районе] - На странице 2 нет данных в ожидаемом формате
2025-10-30 20:12:56,928 - WARNING - [получить_парки_в_районе] - На странице 3 нет данных в ожидаемом формате
2025-10-30 20:12:57,827 - WARNING - [получить_парки_в_районе] - На странице 4 нет данных в ожидаемом формате
2025-10-30 20:12:58,706 - WARNING - [получить_парки_в_районе] - На странице 5 нет данных в ожидаемом формате
2025-10-30 20:12:58,707 - INFO - [получить_парки_в_районе] - Завершение сбора для района Щукино. Найдено парков: 0
2025-10-30 20:12:58,710 - INFO - [<cell line: 0>] - Район 'Щукино' завершен. Парков: 0
2025-10-30 20:12:59,712 - INFO - [<cell line: 0>] - [76/82] Обработка района: Южное Бутово
2025-10-30 20:12:59,713 - INFO - [получить_парки_в_районе] - Начало сбора парков для района: Южное Бутово (ID: 4504209512726619)
2025-10-30 20:13:00,119 - INFO - [получить_парки_в_районе] - Загружено 6 парков со страницы 1
2025-10-30 20:13:01,002 - WARNING - [получить_парки_в_районе] - На странице 2 нет данных в ожидаемом формате
2025-10-30 20:13:01,973 - WARNING - [получить_парки_в_районе] - На странице 3 нет данных в ожидаемом формате
2025-10-30 20:13:02,858 - WARNING - [получить_парки_в_районе] - На странице 4 нет данных в ожидаемом формате
2025-10-30 20:13:03,754 - WARNING - [получить_парки_в_районе] - На странице 5 нет данных в ожидаемом формате
2025-10-30 20:13:03,755 - INFO - [получить_парки_в_районе] - Завершение сбора для района Южное Бутово. Найдено парков: 6
2025-10-30 20:13:03,756 - INFO - [<cell line: 0>] - Район 'Южное Бутово' завершен. Парков: 6
2025-10-30 20:13:04,758 - INFO - [<cell line: 0>] - [77/82] Обработка района: Южное Медведково
2025-10-30 20:13:04,759 - INFO - [получить_парки_в_районе] - Начало сбора парков для района: Южное Медведково (ID: 4504209512726561)
2025-10-30 20:13:05,160 - INFO - [получить_парки_в_районе] - Загружено 1 парков со страницы 1
2025-10-30 20:13:06,041 - WARNING - [получить_парки_в_районе] - На странице 2 нет данных в ожидаемом формате
2025-10-30 20:13:06,924 - WARNING - [получить_парки_в_районе] - На странице 3 нет данных в ожидаемом формате
2025-10-30 20:13:07,808 - WARNING - [получить_парки_в_районе] - На странице 4 нет данных в ожидаемом формате
2025-10-30 20:13:08,703 - WARNING - [получить_парки_в_районе] - На странице 5 нет данных в ожидаемом формате
2025-10-30 20:13:08,704 - INFO - [получить_парки_в_районе] - Завершение сбора для района Южное Медведково. Найдено парков: 1
2025-10-30 20:13:08,705 - INFO - [<cell line: 0>] - Район 'Южное Медведково' завершен. Парков: 1
2025-10-30 20:13:09,706 - INFO - [<cell line: 0>] - [78/82] Обработка района: Южное Тушино
2025-10-30 20:13:09,707 - INFO - [получить_парки_в_районе] - Начало сбора парков для района: Южное Тушино (ID: 4504209512726649)
2025-10-30 20:13:10,088 - INFO - [получить_парки_в_районе] - Загружено 2 парков со страницы 1
2025-10-30 20:13:10,978 - WARNING - [получить_парки_в_районе] - На странице 2 нет данных в ожидаемом формате
2025-10-30 20:13:11,859 - WARNING - [получить_парки_в_районе] - На странице 3 нет данных в ожидаемом формате
2025-10-30 20:13:12,745 - WARNING - [получить_парки_в_районе] - На странице 4 нет данных в ожидаемом формате
2025-10-30 20:13:13,623 - WARNING - [получить_парки_в_районе] - На странице 5 нет данных в ожидаемом формате
2025-10-30 20:13:13,623 - INFO - [получить_парки_в_районе] - Завершение сбора для района Южное Тушино. Найдено парков: 2
2025-10-30 20:13:13,626 - INFO - [<cell line: 0>] - Район 'Южное Тушино' завершен. Парков: 2
2025-10-30 20:13:14,627 - INFO - [<cell line: 0>] - [79/82] Обработка района: Южнопортовый
2025-10-30 20:13:14,628 - INFO - [получить_парки_в_районе] - Начало сбора парков для района: Южнопортовый (ID: 70030076266239145)
2025-10-30 20:13:15,018 - INFO - [получить_парки_в_районе] - Загружено 8 парков со страницы 1
2025-10-30 20:13:15,920 - WARNING - [получить_парки_в_районе] - На странице 2 нет данных в ожидаемом формате
2025-10-30 20:13:16,941 - WARNING - [получить_парки_в_районе] - На странице 3 нет данных в ожидаемом формате
2025-10-30 20:13:17,822 - WARNING - [получить_парки_в_районе] - На странице 4 нет данных в ожидаемом формате
2025-10-30 20:13:18,800 - WARNING - [получить_парки_в_районе] - На странице 5 нет данных в ожидаемом формате
2025-10-30 20:13:18,801 - INFO - [получить_парки_в_районе] - Завершение сбора для района Южнопортовый. Найдено парков: 8
2025-10-30 20:13:18,802 - INFO - [<cell line: 0>] - Район 'Южнопортовый' завершен. Парков: 8
2025-10-30 20:13:19,803 - INFO - [<cell line: 0>] - [80/82] Обработка района: Якиманка
2025-10-30 20:13:19,804 - INFO - [получить_парки_в_районе] - Начало сбора парков для района: Якиманка (ID: 4504209512726534)
2025-10-30 20:13:20,201 - INFO - [получить_парки_в_районе] - Загружено 3 парков со страницы 1
2025-10-30 20:13:21,082 - WARNING - [получить_парки_в_районе] - На странице 2 нет данных в ожидаемом формате
2025-10-30 20:13:21,963 - WARNING - [получить_парки_в_районе] - На странице 3 нет данных в ожидаемом формате
2025-10-30 20:13:22,843 - WARNING - [получить_парки_в_районе] - На странице 4 нет данных в ожидаемом формате
2025-10-30 20:13:23,742 - WARNING - [получить_парки_в_районе] - На странице 5 нет данных в ожидаемом формате
2025-10-30 20:13:23,743 - INFO - [получить_парки_в_районе] - Завершение сбора для района Якиманка. Найдено парков: 3
2025-10-30 20:13:23,745 - INFO - [<cell line: 0>] - Район 'Якиманка' завершен. Парков: 3
2025-10-30 20:13:24,746 - INFO - [<cell line: 0>] - [81/82] Обработка района: Ярославский
2025-10-30 20:13:24,747 - INFO - [получить_парки_в_районе] - Начало сбора парков для района: Ярославский (ID: 4504209512726562)
2025-10-30 20:13:25,128 - INFO - [получить_парки_в_районе] - Загружено 1 парков со страницы 1
2025-10-30 20:13:26,024 - WARNING - [получить_парки_в_районе] - На странице 2 нет данных в ожидаемом формате
2025-10-30 20:13:26,902 - WARNING - [получить_парки_в_районе] - На странице 3 нет данных в ожидаемом формате
2025-10-30 20:13:27,784 - WARNING - [получить_парки_в_районе] - На странице 4 нет данных в ожидаемом формате
2025-10-30 20:13:28,681 - WARNING - [получить_парки_в_районе] - На странице 5 нет данных в ожидаемом формате
2025-10-30 20:13:28,681 - INFO - [получить_парки_в_районе] - Завершение сбора для района Ярославский. Найдено парков: 1
2025-10-30 20:13:28,684 - INFO - [<cell line: 0>] - Район 'Ярославский' завершен. Парков: 1
2025-10-30 20:13:29,685 - INFO - [<cell line: 0>] - [82/82] Обработка района: Ясенево
2025-10-30 20:13:29,685 - INFO - [получить_парки_в_районе] - Начало сбора парков для района: Ясенево (ID: 4504209512726620)
2025-10-30 20:13:30,067 - INFO - [получить_парки_в_районе] - Загружено 5 парков со страницы 1
2025-10-30 20:13:30,943 - WARNING - [получить_парки_в_районе] - На странице 2 нет данных в ожидаемом формате
2025-10-30 20:13:31,814 - WARNING - [получить_парки_в_районе] - На странице 3 нет данных в ожидаемом формате
2025-10-30 20:13:32,696 - WARNING - [получить_парки_в_районе] - На странице 4 нет данных в ожидаемом формате
2025-10-30 20:13:33,575 - WARNING - [получить_парки_в_районе] - На странице 5 нет данных в ожидаемом формате
2025-10-30 20:13:33,576 - INFO - [получить_парки_в_районе] - Завершение сбора для района Ясенево. Найдено парков: 5
2025-10-30 20:13:33,577 - INFO - [<cell line: 0>] - Район 'Ясенево' завершен. Парков: 5
2025-10-30 20:13:33,579 - INFO - [<cell line: 0>] - ============================================================
2025-10-30 20:13:33,580 - INFO - [<cell line: 0>] - СБОР ДАННЫХ ЗАВЕРШЕН
2025-10-30 20:13:33,581 - INFO - [<cell line: 0>] - Время выполнения: 408.34 секунд
2025-10-30 20:13:33,582 - INFO - [<cell line: 0>] - Всего собрано парков: 449
2025-10-30 20:13:33,584 - INFO - [<cell line: 0>] - ============================================================
2025-10-30 20:13:33,585 - INFO - [создать_датасет_парков] - Создание датасета из 449 парков
2025-10-30 20:13:33,588 - INFO - [создать_датасет_парков] - Датасет парков создан. Количество строк: 449
2025-10-30 20:13:33,604 - INFO - [<cell line: 0>] - Данные сохранены в парки_москвы_по_районам.csv
2025-10-30 20:13:33,606 - INFO - [<cell line: 0>] - СТАТИСТИКА: Всего парков: 449
2025-10-30 20:13:33,608 - INFO - [<cell line: 0>] - СТАТИСТИКА: Охвачено районов: 72
