2025-10-30 20:05:12,077 - INFO - [<cell line: 0>] - ============================================================
2025-10-30 20:05:12,078 - INFO - [<cell line: 0>] - ЗАПУСК СБОРА ДАННЫХ ПО ПАРКАМ МОСКВЫ
2025-10-30 20:05:12,079 - INFO - [<cell line: 0>] - Конфигурация логирования: уровень=DE, файл=True, консоль=True
2025-10-30 20:05:12,081 - INFO - [<cell line: 0>] - Количество районов для обработки: 82
2025-10-30 20:05:12,083 - INFO - [<cell line: 0>] - ============================================================
2025-10-30 20:05:12,085 - INFO - [<cell line: 0>] - [1/82] Обработка района: Левобережный
2025-10-30 20:05:12,087 - INFO - [получить_парки_в_районе] - Начало сбора парков для района: Левобережный (ID: 4504209512726554)
2025-10-30 20:05:12,629 - WARNING - [получить_парки_в_районе] - На странице 1 нет данных в ожидаемом формате
2025-10-30 20:05:13,495 - WARNING - [получить_парки_в_районе] - На странице 2 нет данных в ожидаемом формате
2025-10-30 20:05:14,360 - WARNING - [получить_парки_в_районе] - На странице 3 нет данных в ожидаемом формате
2025-10-30 20:05:15,224 - WARNING - [получить_парки_в_районе] - На странице 4 нет данных в ожидаемом формате
2025-10-30 20:05:16,100 - WARNING - [получить_парки_в_районе] - На странице 5 нет данных в ожидаемом формате
2025-10-30 20:05:16,101 - INFO - [получить_парки_в_районе] - Завершение сбора для района Левобережный. Найдено парков: 0
2025-10-30 20:05:16,103 - INFO - [<cell line: 0>] - Район 'Левобережный' завершен. Парков: 0
2025-10-30 20:05:17,105 - INFO - [<cell line: 0>] - [2/82] Обработка района: Лефортово
2025-10-30 20:05:17,106 - INFO - [получить_парки_в_районе] - Начало сбора парков для района: Лефортово (ID: 4504209512726590)
2025-10-30 20:05:17,467 - WARNING - [получить_парки_в_районе] - На странице 1 нет данных в ожидаемом формате
2025-10-30 20:05:18,343 - WARNING - [получить_парки_в_районе] - На странице 2 нет данных в ожидаемом формате
2025-10-30 20:05:19,218 - WARNING - [получить_парки_в_районе] - На странице 3 нет данных в ожидаемом формате
2025-10-30 20:05:20,084 - WARNING - [получить_парки_в_районе] - На странице 4 нет данных в ожидаемом формате
2025-10-30 20:05:20,943 - WARNING - [получить_парки_в_районе] - На странице 5 нет данных в ожидаемом формате
2025-10-30 20:05:20,944 - INFO - [получить_парки_в_районе] - Завершение сбора для района Лефортово. Найдено парков: 0
2025-10-30 20:05:20,946 - INFO - [<cell line: 0>] - Район 'Лефортово' завершен. Парков: 0
2025-10-30 20:05:21,947 - INFO - [<cell line: 0>] - [3/82] Обработка района: Лианозово
2025-10-30 20:05:21,948 - INFO - [получить_парки_в_районе] - Начало сбора парков для района: Лианозово (ID: 4504209512726559)
2025-10-30 20:05:22,314 - WARNING - [получить_парки_в_районе] - На странице 1 нет данных в ожидаемом формате
2025-10-30 20:05:23,187 - WARNING - [получить_парки_в_районе] - На странице 2 нет данных в ожидаемом формате
