2025-10-30 19:47:13,507 - INFO - [<cell line: 0>] - ============================================================
2025-10-30 19:47:13,508 - INFO - [<cell line: 0>] - ЗАПУСК СБОРА ДАННЫХ ПО ПАРКАМ МОСКВЫ
2025-10-30 19:47:13,510 - INFO - [<cell line: 0>] - Конфигурация логирования: уровень=DE, файл=True, консоль=True
2025-10-30 19:47:13,512 - INFO - [<cell line: 0>] - Количество районов для обработки: 132
2025-10-30 19:47:13,513 - INFO - [<cell line: 0>] - ============================================================
2025-10-30 19:47:13,514 - INFO - [<cell line: 0>] - [1/132] Обработка района: Академический
2025-10-30 19:47:13,515 - INFO - [получить_парки_в_районе] - Начало сбора парков для района: Академический (ID: 4504209512726625)
2025-10-30 19:47:14,026 - INFO - [получить_парки_в_районе] - Загружено 1 парков со страницы 1
2025-10-30 19:47:14,902 - WARNING - [получить_парки_в_районе] - На странице 2 нет данных в ожидаемом формате
2025-10-30 19:47:15,791 - WARNING - [получить_парки_в_районе] - На странице 3 нет данных в ожидаемом формате
2025-10-30 19:47:16,676 - WARNING - [получить_парки_в_районе] - На странице 4 нет данных в ожидаемом формате
2025-10-30 19:47:17,574 - WARNING - [получить_парки_в_районе] - На странице 5 нет данных в ожидаемом формате
2025-10-30 19:47:17,575 - INFO - [получить_парки_в_районе] - Завершение сбора для района Академический. Найдено парков: 1
2025-10-30 19:47:17,576 - INFO - [<cell line: 0>] - Район 'Академический' завершен. Парков: 1
2025-10-30 19:47:18,578 - INFO - [<cell line: 0>] - [2/132] Обработка района: Алексеевский
2025-10-30 19:47:18,579 - INFO - [получить_парки_в_районе] - Начало сбора парков для района: Алексеевский (ID: 4504209512726568)
2025-10-30 19:47:18,964 - WARNING - [получить_парки_в_районе] - На странице 1 нет данных в ожидаемом формате
2025-10-30 19:47:19,861 - WARNING - [получить_парки_в_районе] - На странице 2 нет данных в ожидаемом формате
2025-10-30 19:47:20,758 - WARNING - [получить_парки_в_районе] - На странице 3 нет данных в ожидаемом формате
2025-10-30 19:47:21,660 - WARNING - [получить_парки_в_районе] - На странице 4 нет данных в ожидаемом формате
2025-10-30 19:47:22,569 - WARNING - [получить_парки_в_районе] - На странице 5 нет данных в ожидаемом формате
2025-10-30 19:47:22,570 - INFO - [получить_парки_в_районе] - Завершение сбора для района Алексеевский. Найдено парков: 0
2025-10-30 19:47:22,572 - INFO - [<cell line: 0>] - Район 'Алексеевский' завершен. Парков: 0
2025-10-30 19:47:23,574 - INFO - [<cell line: 0>] - [3/132] Обработка района: Алтуфьевский
2025-10-30 19:47:23,580 - INFO - [получить_парки_в_районе] - Начало сбора парков для района: Алтуфьевский (ID: 4504209512726557)
2025-10-30 19:47:23,969 - INFO - [получить_парки_в_районе] - Загружено 1 парков со страницы 1
2025-10-30 19:47:24,848 - WARNING - [получить_парки_в_районе] - На странице 2 нет данных в ожидаемом формате
2025-10-30 19:47:25,732 - WARNING - [получить_парки_в_районе] - На странице 3 нет данных в ожидаемом формате
2025-10-30 19:47:26,618 - WARNING - [получить_парки_в_районе] - На странице 4 нет данных в ожидаемом формате
2025-10-30 19:47:27,513 - WARNING - [получить_парки_в_районе] - На странице 5 нет данных в ожидаемом формате
2025-10-30 19:47:27,514 - INFO - [получить_парки_в_районе] - Завершение сбора для района Алтуфьевский. Найдено парков: 1
2025-10-30 19:47:27,516 - INFO - [<cell line: 0>] - Район 'Алтуфьевский' завершен. Парков: 1
2025-10-30 19:47:28,517 - INFO - [<cell line: 0>] - [4/132] Обработка района: Арбат
2025-10-30 19:47:28,518 - INFO - [получить_парки_в_районе] - Начало сбора парков для района: Арбат (ID: 4504209512726530)
2025-10-30 19:47:28,912 - INFO - [получить_парки_в_районе] - Загружено 1 парков со страницы 1
2025-10-30 19:47:29,809 - WARNING - [получить_парки_в_районе] - На странице 2 нет данных в ожидаемом формате
2025-10-30 19:47:30,713 - WARNING - [получить_парки_в_районе] - На странице 3 нет данных в ожидаемом формате
2025-10-30 19:47:31,612 - WARNING - [получить_парки_в_районе] - На странице 4 нет данных в ожидаемом формате
2025-10-30 19:47:32,496 - WARNING - [получить_парки_в_районе] - На странице 5 нет данных в ожидаемом формате
2025-10-30 19:47:32,497 - INFO - [получить_парки_в_районе] - Завершение сбора для района Арбат. Найдено парков: 1
2025-10-30 19:47:32,498 - INFO - [<cell line: 0>] - Район 'Арбат' завершен. Парков: 1
2025-10-30 19:47:33,500 - INFO - [<cell line: 0>] - [5/132] Обработка района: Аэропорт
2025-10-30 19:47:33,501 - INFO - [получить_парки_в_районе] - Начало сбора парков для района: Аэропорт (ID: 4504209512726541)
2025-10-30 19:47:33,898 - INFO - [получить_парки_в_районе] - Загружено 10 парков со страницы 1
2025-10-30 19:47:34,842 - INFO - [получить_парки_в_районе] - Загружено 2 парков со страницы 2
2025-10-30 19:47:35,729 - WARNING - [получить_парки_в_районе] - На странице 3 нет данных в ожидаемом формате
2025-10-30 19:47:36,639 - WARNING - [получить_парки_в_районе] - На странице 4 нет данных в ожидаемом формате
2025-10-30 19:47:37,532 - WARNING - [получить_парки_в_районе] - На странице 5 нет данных в ожидаемом формате
2025-10-30 19:47:37,533 - INFO - [получить_парки_в_районе] - Завершение сбора для района Аэропорт. Найдено парков: 12
2025-10-30 19:47:37,534 - INFO - [<cell line: 0>] - Район 'Аэропорт' завершен. Парков: 12
2025-10-30 19:47:38,536 - INFO - [<cell line: 0>] - [6/132] Обработка района: Бабушкинский
2025-10-30 19:47:38,537 - INFO - [получить_парки_в_районе] - Начало сбора парков для района: Бабушкинский (ID: 4504209512726564)
2025-10-30 19:47:38,924 - INFO - [получить_парки_в_районе] - Загружено 1 парков со страницы 1
2025-10-30 19:47:39,808 - WARNING - [получить_парки_в_районе] - На странице 2 нет данных в ожидаемом формате
2025-10-30 19:47:40,696 - WARNING - [получить_парки_в_районе] - На странице 3 нет данных в ожидаемом формате
2025-10-30 19:47:41,582 - WARNING - [получить_парки_в_районе] - На странице 4 нет данных в ожидаемом формате
2025-10-30 19:47:42,470 - WARNING - [получить_парки_в_районе] - На странице 5 нет данных в ожидаемом формате
2025-10-30 19:47:42,470 - INFO - [получить_парки_в_районе] - Завершение сбора для района Бабушкинский. Найдено парков: 1
2025-10-30 19:47:42,473 - INFO - [<cell line: 0>] - Район 'Бабушкинский' завершен. Парков: 1
2025-10-30 19:47:43,474 - INFO - [<cell line: 0>] - [7/132] Обработка района: Басманный
2025-10-30 19:47:43,475 - INFO - [получить_парки_в_районе] - Начало сбора парков для района: Басманный (ID: 4504209512726531)
2025-10-30 19:47:43,979 - INFO - [получить_парки_в_районе] - Загружено 4 парков со страницы 1
2025-10-30 19:47:44,862 - WARNING - [получить_парки_в_районе] - На странице 2 нет данных в ожидаемом формате
2025-10-30 19:47:45,752 - WARNING - [получить_парки_в_районе] - На странице 3 нет данных в ожидаемом формате
2025-10-30 19:47:46,635 - WARNING - [получить_парки_в_районе] - На странице 4 нет данных в ожидаемом формате
2025-10-30 19:47:47,529 - WARNING - [получить_парки_в_районе] - На странице 5 нет данных в ожидаемом формате
2025-10-30 19:47:47,530 - INFO - [получить_парки_в_районе] - Завершение сбора для района Басманный. Найдено парков: 4
2025-10-30 19:47:47,532 - INFO - [<cell line: 0>] - Район 'Басманный' завершен. Парков: 4
2025-10-30 19:47:48,533 - INFO - [<cell line: 0>] - [8/132] Обработка района: Беговой
2025-10-30 19:47:48,534 - INFO - [получить_парки_в_районе] - Начало сбора парков для района: Беговой (ID: 4504209512726542)
2025-10-30 19:47:48,937 - INFO - [получить_парки_в_районе] - Загружено 5 парков со страницы 1
2025-10-30 19:47:49,818 - WARNING - [получить_парки_в_районе] - На странице 2 нет данных в ожидаемом формате
2025-10-30 19:47:50,711 - WARNING - [получить_парки_в_районе] - На странице 3 нет данных в ожидаемом формате
2025-10-30 19:47:51,592 - WARNING - [получить_парки_в_районе] - На странице 4 нет данных в ожидаемом формате
2025-10-30 19:47:52,490 - WARNING - [получить_парки_в_районе] - На странице 5 нет данных в ожидаемом формате
2025-10-30 19:47:52,491 - INFO - [получить_парки_в_районе] - Завершение сбора для района Беговой. Найдено парков: 5
2025-10-30 19:47:52,494 - INFO - [<cell line: 0>] - Район 'Беговой' завершен. Парков: 5
2025-10-30 19:47:53,496 - INFO - [<cell line: 0>] - [9/132] Обработка района: Бекасово
2025-10-30 19:47:53,496 - INFO - [получить_парки_в_районе] - Начало сбора парков для района: Бекасово (ID: 4504209520932718)
2025-10-30 19:47:53,889 - WARNING - [получить_парки_в_районе] - На странице 1 нет данных в ожидаемом формате
2025-10-30 19:47:54,801 - WARNING - [получить_парки_в_районе] - На странице 2 нет данных в ожидаемом формате
2025-10-30 19:47:55,703 - WARNING - [получить_парки_в_районе] - На странице 3 нет данных в ожидаемом формате
2025-10-30 19:47:56,603 - WARNING - [получить_парки_в_районе] - На странице 4 нет данных в ожидаемом формате
2025-10-30 19:47:57,507 - WARNING - [получить_парки_в_районе] - На странице 5 нет данных в ожидаемом формате
2025-10-30 19:47:57,508 - INFO - [получить_парки_в_районе] - Завершение сбора для района Бекасово. Найдено парков: 0
2025-10-30 19:47:57,511 - INFO - [<cell line: 0>] - Район 'Бекасово' завершен. Парков: 0
2025-10-30 19:47:58,512 - INFO - [<cell line: 0>] - [10/132] Обработка района: Бескудниковский
2025-10-30 19:47:58,513 - INFO - [получить_парки_в_районе] - Начало сбора парков для района: Бескудниковский (ID: 4504209512726543)
2025-10-30 19:47:58,902 - WARNING - [получить_парки_в_районе] - На странице 1 нет данных в ожидаемом формате
2025-10-30 19:47:59,796 - WARNING - [получить_парки_в_районе] - На странице 2 нет данных в ожидаемом формате
2025-10-30 19:48:00,691 - WARNING - [получить_парки_в_районе] - На странице 3 нет данных в ожидаемом формате
2025-10-30 19:48:01,594 - WARNING - [получить_парки_в_районе] - На странице 4 нет данных в ожидаемом формате
2025-10-30 19:48:02,490 - WARNING - [получить_парки_в_районе] - На странице 5 нет данных в ожидаемом формате
2025-10-30 19:48:02,491 - INFO - [получить_парки_в_районе] - Завершение сбора для района Бескудниковский. Найдено парков: 0
2025-10-30 19:48:02,492 - INFO - [<cell line: 0>] - Район 'Бескудниковский' завершен. Парков: 0
2025-10-30 19:48:03,494 - INFO - [<cell line: 0>] - [11/132] Обработка района: Бибирево
2025-10-30 19:48:03,495 - INFO - [получить_парки_в_районе] - Начало сбора парков для района: Бибирево (ID: 4504209512726565)
2025-10-30 19:48:03,898 - INFO - [получить_парки_в_районе] - Загружено 1 парков со страницы 1
2025-10-30 19:48:04,790 - WARNING - [получить_парки_в_районе] - На странице 2 нет данных в ожидаемом формате
2025-10-30 19:48:05,677 - WARNING - [получить_парки_в_районе] - На странице 3 нет данных в ожидаемом формате
2025-10-30 19:48:06,561 - WARNING - [получить_парки_в_районе] - На странице 4 нет данных в ожидаемом формате
2025-10-30 19:48:07,450 - WARNING - [получить_парки_в_районе] - На странице 5 нет данных в ожидаемом формате
2025-10-30 19:48:07,451 - INFO - [получить_парки_в_районе] - Завершение сбора для района Бибирево. Найдено парков: 1
2025-10-30 19:48:07,453 - INFO - [<cell line: 0>] - Район 'Бибирево' завершен. Парков: 1
2025-10-30 19:48:08,455 - INFO - [<cell line: 0>] - [12/132] Обработка района: Бирюлёво Восточное
2025-10-30 19:48:08,456 - INFO - [получить_парки_в_районе] - Начало сбора парков для района: Бирюлёво Восточное (ID: 4504209512726611)
2025-10-30 19:48:08,840 - INFO - [получить_парки_в_районе] - Загружено 1 парков со страницы 1
2025-10-30 19:48:09,719 - WARNING - [получить_парки_в_районе] - На странице 2 нет данных в ожидаемом формате
2025-10-30 19:48:10,603 - WARNING - [получить_парки_в_районе] - На странице 3 нет данных в ожидаемом формате
2025-10-30 19:48:11,496 - WARNING - [получить_парки_в_районе] - На странице 4 нет данных в ожидаемом формате
2025-10-30 19:48:12,375 - WARNING - [получить_парки_в_районе] - На странице 5 нет данных в ожидаемом формате
2025-10-30 19:48:12,376 - INFO - [получить_парки_в_районе] - Завершение сбора для района Бирюлёво Восточное. Найдено парков: 1
2025-10-30 19:48:12,378 - INFO - [<cell line: 0>] - Район 'Бирюлёво Восточное' завершен. Парков: 1
2025-10-30 19:48:13,380 - INFO - [<cell line: 0>] - [13/132] Обработка района: Бирюлёво Западное
2025-10-30 19:48:13,381 - INFO - [получить_парки_в_районе] - Начало сбора парков для района: Бирюлёво Западное (ID: 4504209512726612)
2025-10-30 19:48:13,887 - INFO - [получить_парки_в_районе] - Загружено 4 парков со страницы 1
2025-10-30 19:48:14,797 - WARNING - [получить_парки_в_районе] - На странице 2 нет данных в ожидаемом формате
2025-10-30 19:48:15,696 - WARNING - [получить_парки_в_районе] - На странице 3 нет данных в ожидаемом формате
2025-10-30 19:48:16,578 - WARNING - [получить_парки_в_районе] - На странице 4 нет данных в ожидаемом формате
2025-10-30 19:48:17,458 - WARNING - [получить_парки_в_районе] - На странице 5 нет данных в ожидаемом формате
2025-10-30 19:48:17,459 - INFO - [получить_парки_в_районе] - Завершение сбора для района Бирюлёво Западное. Найдено парков: 4
2025-10-30 19:48:17,461 - INFO - [<cell line: 0>] - Район 'Бирюлёво Западное' завершен. Парков: 4
2025-10-30 19:48:18,463 - INFO - [<cell line: 0>] - [14/132] Обработка района: Богородское
2025-10-30 19:48:18,464 - INFO - [получить_парки_в_районе] - Начало сбора парков для района: Богородское (ID: 4504209512726574)
2025-10-30 19:48:18,850 - INFO - [получить_парки_в_районе] - Загружено 2 парков со страницы 1
2025-10-30 19:48:19,735 - WARNING - [получить_парки_в_районе] - На странице 2 нет данных в ожидаемом формате
2025-10-30 19:48:20,626 - WARNING - [получить_парки_в_районе] - На странице 3 нет данных в ожидаемом формате
2025-10-30 19:48:21,515 - WARNING - [получить_парки_в_районе] - На странице 4 нет данных в ожидаемом формате
2025-10-30 19:48:22,415 - WARNING - [получить_парки_в_районе] - На странице 5 нет данных в ожидаемом формате
2025-10-30 19:48:22,416 - INFO - [получить_парки_в_районе] - Завершение сбора для района Богородское. Найдено парков: 2
2025-10-30 19:48:22,417 - INFO - [<cell line: 0>] - Район 'Богородское' завершен. Парков: 2
2025-10-30 19:48:23,418 - INFO - [<cell line: 0>] - [15/132] Обработка района: Братеево
2025-10-30 19:48:23,419 - INFO - [получить_парки_в_районе] - Начало сбора парков для района: Братеево (ID: 4504209512726609)
2025-10-30 19:48:23,812 - INFO - [получить_парки_в_районе] - Загружено 4 парков со страницы 1
2025-10-30 19:48:24,710 - WARNING - [получить_парки_в_районе] - На странице 2 нет данных в ожидаемом формате
2025-10-30 19:48:25,598 - WARNING - [получить_парки_в_районе] - На странице 3 нет данных в ожидаемом формате
2025-10-30 19:48:26,494 - WARNING - [получить_парки_в_районе] - На странице 4 нет данных в ожидаемом формате
2025-10-30 19:48:27,376 - WARNING - [получить_парки_в_районе] - На странице 5 нет данных в ожидаемом формате
2025-10-30 19:48:27,377 - INFO - [получить_парки_в_районе] - Завершение сбора для района Братеево. Найдено парков: 4
2025-10-30 19:48:27,378 - INFO - [<cell line: 0>] - Район 'Братеево' завершен. Парков: 4
2025-10-30 19:48:28,379 - INFO - [<cell line: 0>] - [16/132] Обработка района: Бутырский
2025-10-30 19:48:28,381 - INFO - [получить_парки_в_районе] - Начало сбора парков для района: Бутырский (ID: 4504209512726567)
2025-10-30 19:48:28,771 - INFO - [получить_парки_в_районе] - Загружено 7 парков со страницы 1
2025-10-30 19:48:29,662 - WARNING - [получить_парки_в_районе] - На странице 2 нет данных в ожидаемом формате
2025-10-30 19:48:30,567 - WARNING - [получить_парки_в_районе] - На странице 3 нет данных в ожидаемом формате
2025-10-30 19:48:31,452 - WARNING - [получить_парки_в_районе] - На странице 4 нет данных в ожидаемом формате
2025-10-30 19:48:32,333 - WARNING - [получить_парки_в_районе] - На странице 5 нет данных в ожидаемом формате
2025-10-30 19:48:32,334 - INFO - [получить_парки_в_районе] - Завершение сбора для района Бутырский. Найдено парков: 7
2025-10-30 19:48:32,336 - INFO - [<cell line: 0>] - Район 'Бутырский' завершен. Парков: 7
2025-10-30 19:48:33,337 - INFO - [<cell line: 0>] - [17/132] Обработка района: Вешняки
2025-10-30 19:48:33,339 - INFO - [получить_парки_в_районе] - Начало сбора парков для района: Вешняки (ID: 4504209512726578)
2025-10-30 19:48:33,774 - INFO - [получить_парки_в_районе] - Загружено 2 парков со страницы 1
2025-10-30 19:48:34,667 - WARNING - [получить_парки_в_районе] - На странице 2 нет данных в ожидаемом формате
2025-10-30 19:48:35,549 - WARNING - [получить_парки_в_районе] - На странице 3 нет данных в ожидаемом формате
2025-10-30 19:48:36,450 - WARNING - [получить_парки_в_районе] - На странице 4 нет данных в ожидаемом формате
2025-10-30 19:48:37,334 - WARNING - [получить_парки_в_районе] - На странице 5 нет данных в ожидаемом формате
2025-10-30 19:48:37,335 - INFO - [получить_парки_в_районе] - Завершение сбора для района Вешняки. Найдено парков: 2
2025-10-30 19:48:37,336 - INFO - [<cell line: 0>] - Район 'Вешняки' завершен. Парков: 2
2025-10-30 19:48:38,338 - INFO - [<cell line: 0>] - [18/132] Обработка района: Внуково
2025-10-30 19:48:38,339 - INFO - [получить_парки_в_районе] - Начало сбора парков для района: Внуково (ID: 4504209512726642)
2025-10-30 19:48:38,740 - INFO - [получить_парки_в_районе] - Загружено 10 парков со страницы 1
2025-10-30 19:48:39,638 - INFO - [получить_парки_в_районе] - Загружено 10 парков со страницы 2
2025-10-30 19:48:40,528 - INFO - [получить_парки_в_районе] - Загружено 3 парков со страницы 3
2025-10-30 19:48:41,426 - WARNING - [получить_парки_в_районе] - На странице 4 нет данных в ожидаемом формате
2025-10-30 19:48:42,299 - WARNING - [получить_парки_в_районе] - На странице 5 нет данных в ожидаемом формате
2025-10-30 19:48:42,300 - INFO - [получить_парки_в_районе] - Завершение сбора для района Внуково. Найдено парков: 23
2025-10-30 19:48:42,301 - INFO - [<cell line: 0>] - Район 'Внуково' завершен. Парков: 23
2025-10-30 19:48:43,303 - INFO - [<cell line: 0>] - [19/132] Обработка района: Войковский
2025-10-30 19:48:43,304 - INFO - [получить_парки_в_районе] - Начало сбора парков для района: Войковский (ID: 4504209512726551)
2025-10-30 19:48:43,873 - INFO - [получить_парки_в_районе] - Загружено 3 парков со страницы 1
2025-10-30 19:48:44,749 - WARNING - [получить_парки_в_районе] - На странице 2 нет данных в ожидаемом формате
2025-10-30 19:48:45,627 - WARNING - [получить_парки_в_районе] - На странице 3 нет данных в ожидаемом формате
2025-10-30 19:48:46,518 - WARNING - [получить_парки_в_районе] - На странице 4 нет данных в ожидаемом формате
2025-10-30 19:48:47,404 - WARNING - [получить_парки_в_районе] - На странице 5 нет данных в ожидаемом формате
2025-10-30 19:48:47,404 - INFO - [получить_парки_в_районе] - Завершение сбора для района Войковский. Найдено парков: 3
2025-10-30 19:48:47,406 - INFO - [<cell line: 0>] - Район 'Войковский' завершен. Парков: 3
2025-10-30 19:48:48,407 - INFO - [<cell line: 0>] - [20/132] Обработка района: Вороново
2025-10-30 19:48:48,409 - INFO - [получить_парки_в_районе] - Начало сбора парков для района: Вороново (ID: 4504209520931533)
2025-10-30 19:48:48,809 - INFO - [получить_парки_в_районе] - Загружено 2 парков со страницы 1
2025-10-30 19:48:49,694 - WARNING - [получить_парки_в_районе] - На странице 2 нет данных в ожидаемом формате
2025-10-30 19:48:50,573 - WARNING - [получить_парки_в_районе] - На странице 3 нет данных в ожидаемом формате
2025-10-30 19:48:51,472 - WARNING - [получить_парки_в_районе] - На странице 4 нет данных в ожидаемом формате
2025-10-30 19:48:52,351 - WARNING - [получить_парки_в_районе] - На странице 5 нет данных в ожидаемом формате
2025-10-30 19:48:52,352 - INFO - [получить_парки_в_районе] - Завершение сбора для района Вороново. Найдено парков: 2
2025-10-30 19:48:52,353 - INFO - [<cell line: 0>] - Район 'Вороново' завершен. Парков: 2
2025-10-30 19:48:53,355 - INFO - [<cell line: 0>] - [21/132] Обработка района: Восточное Дегунино
2025-10-30 19:48:53,356 - INFO - [получить_парки_в_районе] - Начало сбора парков для района: Восточное Дегунино (ID: 4504209512726544)
2025-10-30 19:48:53,761 - INFO - [получить_парки_в_районе] - Загружено 3 парков со страницы 1
2025-10-30 19:48:54,651 - WARNING - [получить_парки_в_районе] - На странице 2 нет данных в ожидаемом формате
2025-10-30 19:48:55,550 - WARNING - [получить_парки_в_районе] - На странице 3 нет данных в ожидаемом формате
2025-10-30 19:48:56,447 - WARNING - [получить_парки_в_районе] - На странице 4 нет данных в ожидаемом формате
2025-10-30 19:48:57,364 - WARNING - [получить_парки_в_районе] - На странице 5 нет данных в ожидаемом формате
2025-10-30 19:48:57,364 - INFO - [получить_парки_в_районе] - Завершение сбора для района Восточное Дегунино. Найдено парков: 3
2025-10-30 19:48:57,366 - INFO - [<cell line: 0>] - Район 'Восточное Дегунино' завершен. Парков: 3
2025-10-30 19:48:58,368 - INFO - [<cell line: 0>] - [22/132] Обработка района: Восточное Измайлово
2025-10-30 19:48:58,369 - INFO - [получить_парки_в_районе] - Начало сбора парков для района: Восточное Измайлово (ID: 4504209512726575)
2025-10-30 19:48:58,774 - INFO - [получить_парки_в_районе] - Загружено 4 парков со страницы 1
2025-10-30 19:48:59,673 - WARNING - [получить_парки_в_районе] - На странице 2 нет данных в ожидаемом формате
2025-10-30 19:49:00,549 - WARNING - [получить_парки_в_районе] - На странице 3 нет данных в ожидаемом формате
2025-10-30 19:49:01,429 - WARNING - [получить_парки_в_районе] - На странице 4 нет данных в ожидаемом формате
2025-10-30 19:49:02,323 - WARNING - [получить_парки_в_районе] - На странице 5 нет данных в ожидаемом формате
2025-10-30 19:49:02,324 - INFO - [получить_парки_в_районе] - Завершение сбора для района Восточное Измайлово. Найдено парков: 4
2025-10-30 19:49:02,326 - INFO - [<cell line: 0>] - Район 'Восточное Измайлово' завершен. Парков: 4
2025-10-30 19:49:03,328 - INFO - [<cell line: 0>] - [23/132] Обработка района: Восточный
2025-10-30 19:49:03,330 - INFO - [получить_парки_в_районе] - Начало сбора парков для района: Восточный (ID: 4504209512726586)
2025-10-30 19:49:03,711 - WARNING - [получить_парки_в_районе] - На странице 1 нет данных в ожидаемом формате
2025-10-30 19:49:04,588 - WARNING - [получить_парки_в_районе] - На странице 2 нет данных в ожидаемом формате
2025-10-30 19:49:05,472 - WARNING - [получить_парки_в_районе] - На странице 3 нет данных в ожидаемом формате
2025-10-30 19:49:06,366 - WARNING - [получить_парки_в_районе] - На странице 4 нет данных в ожидаемом формате
2025-10-30 19:49:07,264 - WARNING - [получить_парки_в_районе] - На странице 5 нет данных в ожидаемом формате
2025-10-30 19:49:07,266 - INFO - [получить_парки_в_районе] - Завершение сбора для района Восточный. Найдено парков: 0
2025-10-30 19:49:07,267 - INFO - [<cell line: 0>] - Район 'Восточный' завершен. Парков: 0
2025-10-30 19:49:08,270 - INFO - [<cell line: 0>] - [24/132] Обработка района: Выхино-Жулебино
2025-10-30 19:49:08,271 - INFO - [получить_парки_в_районе] - Начало сбора парков для района: Выхино-Жулебино (ID: 4504209512726600)
2025-10-30 19:49:08,658 - WARNING - [получить_парки_в_районе] - На странице 1 нет данных в ожидаемом формате
2025-10-30 19:49:09,555 - WARNING - [получить_парки_в_районе] - На странице 2 нет данных в ожидаемом формате
2025-10-30 19:49:10,441 - WARNING - [получить_парки_в_районе] - На странице 3 нет данных в ожидаемом формате
2025-10-30 19:49:11,343 - WARNING - [получить_парки_в_районе] - На странице 4 нет данных в ожидаемом формате
2025-10-30 19:49:12,235 - WARNING - [получить_парки_в_районе] - На странице 5 нет данных в ожидаемом формате
2025-10-30 19:49:12,236 - INFO - [получить_парки_в_районе] - Завершение сбора для района Выхино-Жулебино. Найдено парков: 0
2025-10-30 19:49:12,238 - INFO - [<cell line: 0>] - Район 'Выхино-Жулебино' завершен. Парков: 0
2025-10-30 19:49:13,240 - INFO - [<cell line: 0>] - [25/132] Обработка района: Гагаринский
2025-10-30 19:49:13,241 - INFO - [получить_парки_в_районе] - Начало сбора парков для района: Гагаринский (ID: 4504209512726624)
2025-10-30 19:49:13,748 - INFO - [получить_парки_в_районе] - Загружено 1 парков со страницы 1
2025-10-30 19:49:14,631 - WARNING - [получить_парки_в_районе] - На странице 2 нет данных в ожидаемом формате
2025-10-30 19:49:15,531 - WARNING - [получить_парки_в_районе] - На странице 3 нет данных в ожидаемом формате
2025-10-30 19:49:16,411 - WARNING - [получить_парки_в_районе] - На странице 4 нет данных в ожидаемом формате
2025-10-30 19:49:17,298 - WARNING - [получить_парки_в_районе] - На странице 5 нет данных в ожидаемом формате
2025-10-30 19:49:17,299 - INFO - [получить_парки_в_районе] - Завершение сбора для района Гагаринский. Найдено парков: 1
2025-10-30 19:49:17,301 - INFO - [<cell line: 0>] - Район 'Гагаринский' завершен. Парков: 1
2025-10-30 19:49:18,303 - INFO - [<cell line: 0>] - [26/132] Обработка района: Головинский
2025-10-30 19:49:18,304 - INFO - [получить_парки_в_районе] - Начало сбора парков для района: Головинский (ID: 4504209512726549)
2025-10-30 19:49:18,685 - WARNING - [получить_парки_в_районе] - На странице 1 нет данных в ожидаемом формате
2025-10-30 19:49:19,563 - WARNING - [получить_парки_в_районе] - На странице 2 нет данных в ожидаемом формате
2025-10-30 19:49:20,440 - WARNING - [получить_парки_в_районе] - На странице 3 нет данных в ожидаемом формате
2025-10-30 19:49:21,322 - WARNING - [получить_парки_в_районе] - На странице 4 нет данных в ожидаемом формате
2025-10-30 19:49:22,205 - WARNING - [получить_парки_в_районе] - На странице 5 нет данных в ожидаемом формате
2025-10-30 19:49:22,206 - INFO - [получить_парки_в_районе] - Завершение сбора для района Головинский. Найдено парков: 0
2025-10-30 19:49:22,208 - INFO - [<cell line: 0>] - Район 'Головинский' завершен. Парков: 0
2025-10-30 19:49:23,209 - INFO - [<cell line: 0>] - [27/132] Обработка района: Гольяново
2025-10-30 19:49:23,210 - INFO - [получить_парки_в_районе] - Начало сбора парков для района: Гольяново (ID: 4504209512726589)
2025-10-30 19:49:23,596 - INFO - [получить_парки_в_районе] - Загружено 10 парков со страницы 1
2025-10-30 19:49:24,486 - INFO - [получить_парки_в_районе] - Загружено 5 парков со страницы 2
2025-10-30 19:49:25,390 - WARNING - [получить_парки_в_районе] - На странице 3 нет данных в ожидаемом формате
2025-10-30 19:49:26,305 - WARNING - [получить_парки_в_районе] - На странице 4 нет данных в ожидаемом формате
2025-10-30 19:49:27,186 - WARNING - [получить_парки_в_районе] - На странице 5 нет данных в ожидаемом формате
2025-10-30 19:49:27,187 - INFO - [получить_парки_в_районе] - Завершение сбора для района Гольяново. Найдено парков: 15
2025-10-30 19:49:27,189 - INFO - [<cell line: 0>] - Район 'Гольяново' завершен. Парков: 15
2025-10-30 19:49:28,190 - INFO - [<cell line: 0>] - [28/132] Обработка района: Даниловский
2025-10-30 19:49:28,191 - INFO - [получить_парки_в_районе] - Начало сбора парков для района: Даниловский (ID: 4504209512726602)
2025-10-30 19:49:28,573 - INFO - [получить_парки_в_районе] - Загружено 10 парков со страницы 1
2025-10-30 19:49:29,466 - INFO - [получить_парки_в_районе] - Загружено 10 парков со страницы 2
2025-10-30 19:49:30,365 - INFO - [получить_парки_в_районе] - Загружено 10 парков со страницы 3
2025-10-30 19:49:31,276 - INFO - [получить_парки_в_районе] - Загружено 2 парков со страницы 4
2025-10-30 19:49:32,170 - WARNING - [получить_парки_в_районе] - На странице 5 нет данных в ожидаемом формате
2025-10-30 19:49:32,171 - INFO - [получить_парки_в_районе] - Завершение сбора для района Даниловский. Найдено парков: 32
2025-10-30 19:49:32,173 - INFO - [<cell line: 0>] - Район 'Даниловский' завершен. Парков: 32
2025-10-30 19:49:33,175 - INFO - [<cell line: 0>] - [29/132] Обработка района: Дмитровский
2025-10-30 19:49:33,176 - INFO - [получить_парки_в_районе] - Начало сбора парков для района: Дмитровский (ID: 4504209512726545)
2025-10-30 19:49:33,557 - INFO - [получить_парки_в_районе] - Загружено 2 парков со страницы 1
2025-10-30 19:49:34,457 - WARNING - [получить_парки_в_районе] - На странице 2 нет данных в ожидаемом формате
2025-10-30 19:49:35,341 - WARNING - [получить_парки_в_районе] - На странице 3 нет данных в ожидаемом формате
2025-10-30 19:49:36,236 - WARNING - [получить_парки_в_районе] - На странице 4 нет данных в ожидаемом формате
2025-10-30 19:49:37,118 - WARNING - [получить_парки_в_районе] - На странице 5 нет данных в ожидаемом формате
2025-10-30 19:49:37,119 - INFO - [получить_парки_в_районе] - Завершение сбора для района Дмитровский. Найдено парков: 2
2025-10-30 19:49:37,121 - INFO - [<cell line: 0>] - Район 'Дмитровский' завершен. Парков: 2
2025-10-30 19:49:38,122 - INFO - [<cell line: 0>] - [30/132] Обработка района: Донской
2025-10-30 19:49:38,123 - INFO - [получить_парки_в_районе] - Начало сбора парков для района: Донской (ID: 4504209512726605)
2025-10-30 19:49:38,513 - INFO - [получить_парки_в_районе] - Загружено 1 парков со страницы 1
2025-10-30 19:49:39,405 - WARNING - [получить_парки_в_районе] - На странице 2 нет данных в ожидаемом формате
2025-10-30 19:49:40,288 - WARNING - [получить_парки_в_районе] - На странице 3 нет данных в ожидаемом формате
2025-10-30 19:49:41,171 - WARNING - [получить_парки_в_районе] - На странице 4 нет данных в ожидаемом формате
2025-10-30 19:49:42,085 - WARNING - [получить_парки_в_районе] - На странице 5 нет данных в ожидаемом формате
2025-10-30 19:49:42,086 - INFO - [получить_парки_в_районе] - Завершение сбора для района Донской. Найдено парков: 1
2025-10-30 19:49:42,089 - INFO - [<cell line: 0>] - Район 'Донской' завершен. Парков: 1
2025-10-30 19:49:43,090 - INFO - [<cell line: 0>] - [31/132] Обработка района: Дорогомилово
2025-10-30 19:49:43,091 - INFO - [получить_парки_в_районе] - Начало сбора парков для района: Дорогомилово (ID: 4504209512726637)
2025-10-30 19:49:43,627 - INFO - [получить_парки_в_районе] - Загружено 10 парков со страницы 1
2025-10-30 19:49:44,612 - INFO - [получить_парки_в_районе] - Загружено 10 парков со страницы 2
2025-10-30 19:49:45,498 - INFO - [получить_парки_в_районе] - Загружено 4 парков со страницы 3
2025-10-30 19:49:46,390 - WARNING - [получить_парки_в_районе] - На странице 4 нет данных в ожидаемом формате
2025-10-30 19:49:47,288 - WARNING - [получить_парки_в_районе] - На странице 5 нет данных в ожидаемом формате
2025-10-30 19:49:47,289 - INFO - [получить_парки_в_районе] - Завершение сбора для района Дорогомилово. Найдено парков: 24
2025-10-30 19:49:47,290 - INFO - [<cell line: 0>] - Район 'Дорогомилово' завершен. Парков: 24
2025-10-30 19:49:48,292 - INFO - [<cell line: 0>] - [32/132] Обработка района: Замоскворечье
2025-10-30 19:49:48,293 - INFO - [получить_парки_в_районе] - Начало сбора парков для района: Замоскворечье (ID: 4504209512726532)
2025-10-30 19:49:48,672 - INFO - [получить_парки_в_районе] - Загружено 1 парков со страницы 1
2025-10-30 19:49:49,553 - WARNING - [получить_парки_в_районе] - На странице 2 нет данных в ожидаемом формате
2025-10-30 19:49:50,435 - WARNING - [получить_парки_в_районе] - На странице 3 нет данных в ожидаемом формате
2025-10-30 19:49:51,318 - WARNING - [получить_парки_в_районе] - На странице 4 нет данных в ожидаемом формате
2025-10-30 19:49:52,211 - WARNING - [получить_парки_в_районе] - На странице 5 нет данных в ожидаемом формате
2025-10-30 19:49:52,212 - INFO - [получить_парки_в_районе] - Завершение сбора для района Замоскворечье. Найдено парков: 1
2025-10-30 19:49:52,214 - INFO - [<cell line: 0>] - Район 'Замоскворечье' завершен. Парков: 1
2025-10-30 19:49:53,216 - INFO - [<cell line: 0>] - [33/132] Обработка района: Западное Дегунино
2025-10-30 19:49:53,217 - INFO - [получить_парки_в_районе] - Начало сбора парков для района: Западное Дегунино (ID: 4504209512726546)
2025-10-30 19:49:53,609 - INFO - [получить_парки_в_районе] - Загружено 10 парков со страницы 1
2025-10-30 19:49:54,499 - INFO - [получить_парки_в_районе] - Загружено 5 парков со страницы 2
2025-10-30 19:49:55,386 - WARNING - [получить_парки_в_районе] - На странице 3 нет данных в ожидаемом формате
2025-10-30 19:49:56,278 - WARNING - [получить_парки_в_районе] - На странице 4 нет данных в ожидаемом формате
2025-10-30 19:49:57,156 - WARNING - [получить_парки_в_районе] - На странице 5 нет данных в ожидаемом формате
2025-10-30 19:49:57,157 - INFO - [получить_парки_в_районе] - Завершение сбора для района Западное Дегунино. Найдено парков: 15
2025-10-30 19:49:57,158 - INFO - [<cell line: 0>] - Район 'Западное Дегунино' завершен. Парков: 15
2025-10-30 19:49:58,160 - INFO - [<cell line: 0>] - [34/132] Обработка района: Зюзино
2025-10-30 19:49:58,162 - INFO - [получить_парки_в_районе] - Начало сбора парков для района: Зюзино (ID: 4504209512726628)
2025-10-30 19:49:58,548 - INFO - [получить_парки_в_районе] - Загружено 1 парков со страницы 1
2025-10-30 19:49:59,426 - WARNING - [получить_парки_в_районе] - На странице 2 нет данных в ожидаемом формате
2025-10-30 19:50:00,309 - WARNING - [получить_парки_в_районе] - На странице 3 нет данных в ожидаемом формате
2025-10-30 19:50:01,205 - WARNING - [получить_парки_в_районе] - На странице 4 нет данных в ожидаемом формате
2025-10-30 19:50:02,110 - WARNING - [получить_парки_в_районе] - На странице 5 нет данных в ожидаемом формате
2025-10-30 19:50:02,111 - INFO - [получить_парки_в_районе] - Завершение сбора для района Зюзино. Найдено парков: 1
2025-10-30 19:50:02,113 - INFO - [<cell line: 0>] - Район 'Зюзино' завершен. Парков: 1
2025-10-30 19:50:03,115 - INFO - [<cell line: 0>] - [35/132] Обработка района: Зябликово
2025-10-30 19:50:03,116 - INFO - [получить_парки_в_районе] - Начало сбора парков для района: Зябликово (ID: 4504209512726617)
2025-10-30 19:50:03,510 - INFO - [получить_парки_в_районе] - Загружено 1 парков со страницы 1
2025-10-30 19:50:04,396 - WARNING - [получить_парки_в_районе] - На странице 2 нет данных в ожидаемом формате
2025-10-30 19:50:05,292 - WARNING - [получить_парки_в_районе] - На странице 3 нет данных в ожидаемом формате
2025-10-30 19:50:06,183 - WARNING - [получить_парки_в_районе] - На странице 4 нет данных в ожидаемом формате
2025-10-30 19:50:07,061 - WARNING - [получить_парки_в_районе] - На странице 5 нет данных в ожидаемом формате
2025-10-30 19:50:07,062 - INFO - [получить_парки_в_районе] - Завершение сбора для района Зябликово. Найдено парков: 1
2025-10-30 19:50:07,064 - INFO - [<cell line: 0>] - Район 'Зябликово' завершен. Парков: 1
2025-10-30 19:50:08,065 - INFO - [<cell line: 0>] - [36/132] Обработка района: Ивановское
2025-10-30 19:50:08,066 - INFO - [получить_парки_в_районе] - Начало сбора парков для района: Ивановское (ID: 4504209512726579)
2025-10-30 19:50:08,467 - INFO - [получить_парки_в_районе] - Загружено 2 парков со страницы 1
2025-10-30 19:50:09,350 - WARNING - [получить_парки_в_районе] - На странице 2 нет данных в ожидаемом формате
2025-10-30 19:50:10,235 - WARNING - [получить_парки_в_районе] - На странице 3 нет данных в ожидаемом формате
2025-10-30 19:50:11,115 - WARNING - [получить_парки_в_районе] - На странице 4 нет данных в ожидаемом формате
2025-10-30 19:50:12,008 - WARNING - [получить_парки_в_районе] - На странице 5 нет данных в ожидаемом формате
2025-10-30 19:50:12,009 - INFO - [получить_парки_в_районе] - Завершение сбора для района Ивановское. Найдено парков: 2
2025-10-30 19:50:12,011 - INFO - [<cell line: 0>] - Район 'Ивановское' завершен. Парков: 2
2025-10-30 19:50:13,013 - INFO - [<cell line: 0>] - [37/132] Обработка района: Измайлово
2025-10-30 19:50:13,014 - INFO - [получить_парки_в_районе] - Начало сбора парков для района: Измайлово (ID: 4504209512726587)
2025-10-30 19:50:13,537 - INFO - [получить_парки_в_районе] - Загружено 4 парков со страницы 1
2025-10-30 19:50:14,609 - WARNING - [получить_парки_в_районе] - На странице 2 нет данных в ожидаемом формате
2025-10-30 19:50:15,488 - WARNING - [получить_парки_в_районе] - На странице 3 нет данных в ожидаемом формате
2025-10-30 19:50:16,390 - WARNING - [получить_парки_в_районе] - На странице 4 нет данных в ожидаемом формате
2025-10-30 19:50:17,267 - WARNING - [получить_парки_в_районе] - На странице 5 нет данных в ожидаемом формате
2025-10-30 19:50:17,268 - INFO - [получить_парки_в_районе] - Завершение сбора для района Измайлово. Найдено парков: 4
2025-10-30 19:50:17,271 - INFO - [<cell line: 0>] - Район 'Измайлово' завершен. Парков: 4
2025-10-30 19:50:18,271 - INFO - [<cell line: 0>] - [38/132] Обработка района: Капотня
2025-10-30 19:50:18,272 - INFO - [получить_парки_в_районе] - Начало сбора парков для района: Капотня (ID: 4504209512726597)
2025-10-30 19:50:18,682 - INFO - [получить_парки_в_районе] - Загружено 2 парков со страницы 1
2025-10-30 19:50:19,566 - WARNING - [получить_парки_в_районе] - На странице 2 нет данных в ожидаемом формате
2025-10-30 19:50:20,457 - WARNING - [получить_парки_в_районе] - На странице 3 нет данных в ожидаемом формате
2025-10-30 19:50:21,362 - WARNING - [получить_парки_в_районе] - На странице 4 нет данных в ожидаемом формате
2025-10-30 19:50:22,242 - WARNING - [получить_парки_в_районе] - На странице 5 нет данных в ожидаемом формате
2025-10-30 19:50:22,243 - INFO - [получить_парки_в_районе] - Завершение сбора для района Капотня. Найдено парков: 2
2025-10-30 19:50:22,245 - INFO - [<cell line: 0>] - Район 'Капотня' завершен. Парков: 2
2025-10-30 19:50:23,247 - INFO - [<cell line: 0>] - [39/132] Обработка района: Коммунарка
2025-10-30 19:50:23,248 - INFO - [получить_парки_в_районе] - Начало сбора парков для района: Коммунарка (ID: 4504209520926899)
2025-10-30 19:50:23,675 - INFO - [получить_парки_в_районе] - Загружено 10 парков со страницы 1
2025-10-30 19:50:24,561 - INFO - [получить_парки_в_районе] - Загружено 10 парков со страницы 2
2025-10-30 19:50:25,467 - INFO - [получить_парки_в_районе] - Загружено 10 парков со страницы 3
2025-10-30 19:50:26,380 - INFO - [получить_парки_в_районе] - Загружено 10 парков со страницы 4
2025-10-30 19:50:27,288 - INFO - [получить_парки_в_районе] - Загружено 10 парков со страницы 5
2025-10-30 19:50:27,289 - INFO - [получить_парки_в_районе] - Завершение сбора для района Коммунарка. Найдено парков: 50
2025-10-30 19:50:27,291 - INFO - [<cell line: 0>] - Район 'Коммунарка' завершен. Парков: 50
2025-10-30 19:50:28,293 - INFO - [<cell line: 0>] - [40/132] Обработка района: Коньково
2025-10-30 19:50:28,294 - INFO - [получить_парки_в_районе] - Начало сбора парков для района: Коньково (ID: 4504209512726629)
2025-10-30 19:50:28,693 - INFO - [получить_парки_в_районе] - Загружено 4 парков со страницы 1
2025-10-30 19:50:29,583 - WARNING - [получить_парки_в_районе] - На странице 2 нет данных в ожидаемом формате
2025-10-30 19:50:30,464 - WARNING - [получить_парки_в_районе] - На странице 3 нет данных в ожидаемом формате
2025-10-30 19:50:31,353 - WARNING - [получить_парки_в_районе] - На странице 4 нет данных в ожидаемом формате
2025-10-30 19:50:32,242 - WARNING - [получить_парки_в_районе] - На странице 5 нет данных в ожидаемом формате
2025-10-30 19:50:32,243 - INFO - [получить_парки_в_районе] - Завершение сбора для района Коньково. Найдено парков: 4
2025-10-30 19:50:32,246 - INFO - [<cell line: 0>] - Район 'Коньково' завершен. Парков: 4
2025-10-30 19:50:33,247 - INFO - [<cell line: 0>] - [41/132] Обработка района: Коптево
2025-10-30 19:50:33,248 - INFO - [получить_парки_в_районе] - Начало сбора парков для района: Коптево (ID: 4504209512726550)
2025-10-30 19:50:33,637 - INFO - [получить_парки_в_районе] - Загружено 2 парков со страницы 1
2025-10-30 19:50:34,543 - WARNING - [получить_парки_в_районе] - На странице 2 нет данных в ожидаемом формате
2025-10-30 19:50:35,433 - WARNING - [получить_парки_в_районе] - На странице 3 нет данных в ожидаемом формате
2025-10-30 19:50:36,314 - WARNING - [получить_парки_в_районе] - На странице 4 нет данных в ожидаемом формате
2025-10-30 19:50:37,195 - WARNING - [получить_парки_в_районе] - На странице 5 нет данных в ожидаемом формате
2025-10-30 19:50:37,196 - INFO - [получить_парки_в_районе] - Завершение сбора для района Коптево. Найдено парков: 2
2025-10-30 19:50:37,198 - INFO - [<cell line: 0>] - Район 'Коптево' завершен. Парков: 2
2025-10-30 19:50:38,199 - INFO - [<cell line: 0>] - [42/132] Обработка района: Косино-Ухтомский
2025-10-30 19:50:38,200 - INFO - [получить_парки_в_районе] - Начало сбора парков для района: Косино-Ухтомский (ID: 4504209512726577)
2025-10-30 19:50:38,592 - INFO - [получить_парки_в_районе] - Загружено 5 парков со страницы 1
2025-10-30 19:50:39,492 - WARNING - [получить_парки_в_районе] - На странице 2 нет данных в ожидаемом формате
2025-10-30 19:50:40,372 - WARNING - [получить_парки_в_районе] - На странице 3 нет данных в ожидаемом формате
2025-10-30 19:50:41,270 - WARNING - [получить_парки_в_районе] - На странице 4 нет данных в ожидаемом формате
2025-10-30 19:50:42,167 - WARNING - [получить_парки_в_районе] - На странице 5 нет данных в ожидаемом формате
2025-10-30 19:50:42,168 - INFO - [получить_парки_в_районе] - Завершение сбора для района Косино-Ухтомский. Найдено парков: 5
2025-10-30 19:50:42,171 - INFO - [<cell line: 0>] - Район 'Косино-Ухтомский' завершен. Парков: 5
2025-10-30 19:50:43,176 - INFO - [<cell line: 0>] - [43/132] Обработка района: Котловка
2025-10-30 19:50:43,181 - INFO - [получить_парки_в_районе] - Начало сбора парков для района: Котловка (ID: 4504209512726613)
2025-10-30 19:50:43,668 - INFO - [получить_парки_в_районе] - Загружено 3 парков со страницы 1
2025-10-30 19:50:44,704 - WARNING - [получить_парки_в_районе] - На странице 2 нет данных в ожидаемом формате
2025-10-30 19:50:45,599 - WARNING - [получить_парки_в_районе] - На странице 3 нет данных в ожидаемом формате
2025-10-30 19:50:46,486 - WARNING - [получить_парки_в_районе] - На странице 4 нет данных в ожидаемом формате
2025-10-30 19:50:47,375 - WARNING - [получить_парки_в_районе] - На странице 5 нет данных в ожидаемом формате
2025-10-30 19:50:47,384 - INFO - [получить_парки_в_районе] - Завершение сбора для района Котловка. Найдено парков: 3
2025-10-30 19:50:47,391 - INFO - [<cell line: 0>] - Район 'Котловка' завершен. Парков: 3
2025-10-30 19:50:48,399 - INFO - [<cell line: 0>] - [44/132] Обработка района: Краснопахорский
2025-10-30 19:50:48,400 - INFO - [получить_парки_в_районе] - Начало сбора парков для района: Краснопахорский (ID: 4504209520933720)
2025-10-30 19:50:48,801 - INFO - [получить_парки_в_районе] - Загружено 3 парков со страницы 1
2025-10-30 19:50:49,717 - WARNING - [получить_парки_в_районе] - На странице 2 нет данных в ожидаемом формате
2025-10-30 19:50:50,623 - WARNING - [получить_парки_в_районе] - На странице 3 нет данных в ожидаемом формате
2025-10-30 19:50:51,518 - WARNING - [получить_парки_в_районе] - На странице 4 нет данных в ожидаемом формате
2025-10-30 19:50:52,410 - WARNING - [получить_парки_в_районе] - На странице 5 нет данных в ожидаемом формате
2025-10-30 19:50:52,411 - INFO - [получить_парки_в_районе] - Завершение сбора для района Краснопахорский. Найдено парков: 3
2025-10-30 19:50:52,412 - INFO - [<cell line: 0>] - Район 'Краснопахорский' завершен. Парков: 3
2025-10-30 19:50:53,413 - INFO - [<cell line: 0>] - [45/132] Обработка района: Красносельский
2025-10-30 19:50:53,414 - INFO - [получить_парки_в_районе] - Начало сбора парков для района: Красносельский (ID: 4504209512726540)
2025-10-30 19:50:53,807 - INFO - [получить_парки_в_районе] - Загружено 1 парков со страницы 1
2025-10-30 19:50:54,702 - WARNING - [получить_парки_в_районе] - На странице 2 нет данных в ожидаемом формате
2025-10-30 19:50:55,690 - WARNING - [получить_парки_в_районе] - На странице 3 нет данных в ожидаемом формате
2025-10-30 19:50:56,598 - WARNING - [получить_парки_в_районе] - На странице 4 нет данных в ожидаемом формате
2025-10-30 19:50:57,491 - WARNING - [получить_парки_в_районе] - На странице 5 нет данных в ожидаемом формате
2025-10-30 19:50:57,492 - INFO - [получить_парки_в_районе] - Завершение сбора для района Красносельский. Найдено парков: 1
2025-10-30 19:50:57,493 - INFO - [<cell line: 0>] - Район 'Красносельский' завершен. Парков: 1
2025-10-30 19:50:58,495 - INFO - [<cell line: 0>] - [46/132] Обработка района: Крылатское
2025-10-30 19:50:58,496 - INFO - [получить_парки_в_районе] - Начало сбора парков для района: Крылатское (ID: 4504209512726635)
2025-10-30 19:50:58,899 - INFO - [получить_парки_в_районе] - Загружено 3 парков со страницы 1
2025-10-30 19:50:59,799 - WARNING - [получить_парки_в_районе] - На странице 2 нет данных в ожидаемом формате
2025-10-30 19:51:00,686 - WARNING - [получить_парки_в_районе] - На странице 3 нет данных в ожидаемом формате
2025-10-30 19:51:01,578 - WARNING - [получить_парки_в_районе] - На странице 4 нет данных в ожидаемом формате
2025-10-30 19:51:02,457 - WARNING - [получить_парки_в_районе] - На странице 5 нет данных в ожидаемом формате
2025-10-30 19:51:02,458 - INFO - [получить_парки_в_районе] - Завершение сбора для района Крылатское. Найдено парков: 3
2025-10-30 19:51:02,460 - INFO - [<cell line: 0>] - Район 'Крылатское' завершен. Парков: 3
2025-10-30 19:51:03,461 - INFO - [<cell line: 0>] - [47/132] Обработка района: Крюково
2025-10-30 19:51:03,462 - INFO - [получить_парки_в_районе] - Начало сбора парков для района: Крюково (ID: 4504209512726652)
2025-10-30 19:51:03,847 - INFO - [получить_парки_в_районе] - Загружено 5 парков со страницы 1
2025-10-30 19:51:04,712 - WARNING - [получить_парки_в_районе] - На странице 2 нет данных в ожидаемом формате
2025-10-30 19:51:05,603 - WARNING - [получить_парки_в_районе] - На странице 3 нет данных в ожидаемом формате
2025-10-30 19:51:06,490 - WARNING - [получить_парки_в_районе] - На странице 4 нет данных в ожидаемом формате
2025-10-30 19:51:07,390 - WARNING - [получить_парки_в_районе] - На странице 5 нет данных в ожидаемом формате
2025-10-30 19:51:07,392 - INFO - [получить_парки_в_районе] - Завершение сбора для района Крюково. Найдено парков: 5
2025-10-30 19:51:07,394 - INFO - [<cell line: 0>] - Район 'Крюково' завершен. Парков: 5
2025-10-30 19:51:08,395 - INFO - [<cell line: 0>] - [48/132] Обработка района: Кузьминки
2025-10-30 19:51:08,396 - INFO - [получить_парки_в_районе] - Начало сбора парков для района: Кузьминки (ID: 4504209512726598)
2025-10-30 19:51:08,769 - WARNING - [получить_парки_в_районе] - На странице 1 нет данных в ожидаемом формате
2025-10-30 19:51:09,669 - WARNING - [получить_парки_в_районе] - На странице 2 нет данных в ожидаемом формате
2025-10-30 19:51:10,576 - WARNING - [получить_парки_в_районе] - На странице 3 нет данных в ожидаемом формате
2025-10-30 19:51:11,436 - WARNING - [получить_парки_в_районе] - На странице 4 нет данных в ожидаемом формате
2025-10-30 19:51:12,321 - WARNING - [получить_парки_в_районе] - На странице 5 нет данных в ожидаемом формате
2025-10-30 19:51:12,322 - INFO - [получить_парки_в_районе] - Завершение сбора для района Кузьминки. Найдено парков: 0
2025-10-30 19:51:12,324 - INFO - [<cell line: 0>] - Район 'Кузьминки' завершен. Парков: 0
2025-10-30 19:51:13,327 - INFO - [<cell line: 0>] - [49/132] Обработка района: Кунцево
2025-10-30 19:51:13,330 - INFO - [получить_парки_в_районе] - Начало сбора парков для района: Кунцево (ID: 4504209512726634)
2025-10-30 19:51:13,926 - INFO - [получить_парки_в_районе] - Загружено 10 парков со страницы 1
2025-10-30 19:51:15,020 - INFO - [получить_парки_в_районе] - Загружено 10 парков со страницы 2
2025-10-30 19:51:15,912 - INFO - [получить_парки_в_районе] - Загружено 2 парков со страницы 3
2025-10-30 19:51:16,834 - WARNING - [получить_парки_в_районе] - На странице 4 нет данных в ожидаемом формате
2025-10-30 19:51:17,728 - WARNING - [получить_парки_в_районе] - На странице 5 нет данных в ожидаемом формате
2025-10-30 19:51:17,733 - INFO - [получить_парки_в_районе] - Завершение сбора для района Кунцево. Найдено парков: 22
2025-10-30 19:51:17,735 - INFO - [<cell line: 0>] - Район 'Кунцево' завершен. Парков: 22
2025-10-30 19:51:18,736 - INFO - [<cell line: 0>] - [50/132] Обработка района: Куркино
2025-10-30 19:51:18,741 - INFO - [получить_парки_в_районе] - Начало сбора парков для района: Куркино (ID: 4504209512726651)
2025-10-30 19:51:19,116 - WARNING - [получить_парки_в_районе] - На странице 1 нет данных в ожидаемом формате
2025-10-30 19:51:20,004 - WARNING - [получить_парки_в_районе] - На странице 2 нет данных в ожидаемом формате
2025-10-30 19:51:20,887 - WARNING - [получить_парки_в_районе] - На странице 3 нет данных в ожидаемом формате
2025-10-30 19:51:21,770 - WARNING - [получить_парки_в_районе] - На странице 4 нет данных в ожидаемом формате
2025-10-30 19:51:22,669 - WARNING - [получить_парки_в_районе] - На странице 5 нет данных в ожидаемом формате
2025-10-30 19:51:22,670 - INFO - [получить_парки_в_районе] - Завершение сбора для района Куркино. Найдено парков: 0
2025-10-30 19:51:22,671 - INFO - [<cell line: 0>] - Район 'Куркино' завершен. Парков: 0
2025-10-30 19:51:23,672 - INFO - [<cell line: 0>] - [51/132] Обработка района: Левобережный
2025-10-30 19:51:23,673 - INFO - [получить_парки_в_районе] - Начало сбора парков для района: Левобережный (ID: 4504209512726554)
2025-10-30 19:51:24,056 - INFO - [получить_парки_в_районе] - Загружено 3 парков со страницы 1
2025-10-30 19:51:24,927 - WARNING - [получить_парки_в_районе] - На странице 2 нет данных в ожидаемом формате
2025-10-30 19:51:25,792 - WARNING - [получить_парки_в_районе] - На странице 3 нет данных в ожидаемом формате
2025-10-30 19:51:26,651 - WARNING - [получить_парки_в_районе] - На странице 4 нет данных в ожидаемом формате
2025-10-30 19:51:27,527 - WARNING - [получить_парки_в_районе] - На странице 5 нет данных в ожидаемом формате
2025-10-30 19:51:27,527 - INFO - [получить_парки_в_районе] - Завершение сбора для района Левобережный. Найдено парков: 3
2025-10-30 19:51:27,528 - INFO - [<cell line: 0>] - Район 'Левобережный' завершен. Парков: 3
2025-10-30 19:51:28,530 - INFO - [<cell line: 0>] - [52/132] Обработка района: Лефортово
2025-10-30 19:51:28,531 - INFO - [получить_парки_в_районе] - Начало сбора парков для района: Лефортово (ID: 4504209512726590)
2025-10-30 19:51:28,895 - WARNING - [получить_парки_в_районе] - На странице 1 нет данных в ожидаемом формате
2025-10-30 19:51:29,782 - WARNING - [получить_парки_в_районе] - На странице 2 нет данных в ожидаемом формате
2025-10-30 19:51:30,646 - WARNING - [получить_парки_в_районе] - На странице 3 нет данных в ожидаемом формате
2025-10-30 19:51:31,539 - WARNING - [получить_парки_в_районе] - На странице 4 нет данных в ожидаемом формате
2025-10-30 19:51:32,421 - WARNING - [получить_парки_в_районе] - На странице 5 нет данных в ожидаемом формате
2025-10-30 19:51:32,423 - INFO - [получить_парки_в_районе] - Завершение сбора для района Лефортово. Найдено парков: 0
2025-10-30 19:51:32,425 - INFO - [<cell line: 0>] - Район 'Лефортово' завершен. Парков: 0
2025-10-30 19:51:33,427 - INFO - [<cell line: 0>] - [53/132] Обработка района: Лианозово
2025-10-30 19:51:33,428 - INFO - [получить_парки_в_районе] - Начало сбора парков для района: Лианозово (ID: 4504209512726559)
2025-10-30 19:51:33,789 - WARNING - [получить_парки_в_районе] - На странице 1 нет данных в ожидаемом формате
2025-10-30 19:51:34,686 - WARNING - [получить_парки_в_районе] - На странице 2 нет данных в ожидаемом формате
2025-10-30 19:51:35,546 - WARNING - [получить_парки_в_районе] - На странице 3 нет данных в ожидаемом формате
2025-10-30 19:51:36,406 - WARNING - [получить_парки_в_районе] - На странице 4 нет данных в ожидаемом формате
2025-10-30 19:51:37,269 - WARNING - [получить_парки_в_районе] - На странице 5 нет данных в ожидаемом формате
2025-10-30 19:51:37,270 - INFO - [получить_парки_в_районе] - Завершение сбора для района Лианозово. Найдено парков: 0
2025-10-30 19:51:37,272 - INFO - [<cell line: 0>] - Район 'Лианозово' завершен. Парков: 0
2025-10-30 19:51:38,273 - INFO - [<cell line: 0>] - [54/132] Обработка района: Ломоносовский
2025-10-30 19:51:38,274 - INFO - [получить_парки_в_районе] - Начало сбора парков для района: Ломоносовский (ID: 4504209512726623)
2025-10-30 19:51:38,649 - WARNING - [получить_парки_в_районе] - На странице 1 нет данных в ожидаемом формате
2025-10-30 19:51:39,526 - WARNING - [получить_парки_в_районе] - На странице 2 нет данных в ожидаемом формате
2025-10-30 19:51:40,386 - WARNING - [получить_парки_в_районе] - На странице 3 нет данных в ожидаемом формате
2025-10-30 19:51:41,267 - WARNING - [получить_парки_в_районе] - На странице 4 нет данных в ожидаемом формате
2025-10-30 19:51:42,167 - WARNING - [получить_парки_в_районе] - На странице 5 нет данных в ожидаемом формате
2025-10-30 19:51:42,167 - INFO - [получить_парки_в_районе] - Завершение сбора для района Ломоносовский. Найдено парков: 0
2025-10-30 19:51:42,169 - INFO - [<cell line: 0>] - Район 'Ломоносовский' завершен. Парков: 0
2025-10-30 19:51:43,170 - INFO - [<cell line: 0>] - [55/132] Обработка района: Лосиноостровский
2025-10-30 19:51:43,172 - INFO - [получить_парки_в_районе] - Начало сбора парков для района: Лосиноостровский (ID: 4504209512726560)
2025-10-30 19:51:43,534 - WARNING - [получить_парки_в_районе] - На странице 1 нет данных в ожидаемом формате
2025-10-30 19:51:44,502 - WARNING - [получить_парки_в_районе] - На странице 2 нет данных в ожидаемом формате
2025-10-30 19:51:45,384 - WARNING - [получить_парки_в_районе] - На странице 3 нет данных в ожидаемом формате
2025-10-30 19:51:46,247 - WARNING - [получить_парки_в_районе] - На странице 4 нет данных в ожидаемом формате
2025-10-30 19:51:47,108 - WARNING - [получить_парки_в_районе] - На странице 5 нет данных в ожидаемом формате
2025-10-30 19:51:47,109 - INFO - [получить_парки_в_районе] - Завершение сбора для района Лосиноостровский. Найдено парков: 0
2025-10-30 19:51:47,112 - INFO - [<cell line: 0>] - Район 'Лосиноостровский' завершен. Парков: 0
2025-10-30 19:51:48,112 - INFO - [<cell line: 0>] - [56/132] Обработка района: Люблино
2025-10-30 19:51:48,113 - INFO - [получить_парки_в_районе] - Начало сбора парков для района: Люблино (ID: 70030077079195278)
2025-10-30 19:51:48,489 - WARNING - [получить_парки_в_районе] - На странице 1 нет данных в ожидаемом формате
2025-10-30 19:51:49,350 - WARNING - [получить_парки_в_районе] - На странице 2 нет данных в ожидаемом формате
2025-10-30 19:51:50,233 - WARNING - [получить_парки_в_районе] - На странице 3 нет данных в ожидаемом формате
2025-10-30 19:51:51,091 - WARNING - [получить_парки_в_районе] - На странице 4 нет данных в ожидаемом формате
2025-10-30 19:51:51,954 - WARNING - [получить_парки_в_районе] - На странице 5 нет данных в ожидаемом формате
2025-10-30 19:51:51,955 - INFO - [получить_парки_в_районе] - Завершение сбора для района Люблино. Найдено парков: 0
2025-10-30 19:51:51,957 - INFO - [<cell line: 0>] - Район 'Люблино' завершен. Парков: 0
2025-10-30 19:51:52,957 - INFO - [<cell line: 0>] - [57/132] Обработка района: Марфино
2025-10-30 19:51:52,958 - INFO - [получить_парки_в_районе] - Начало сбора парков для района: Марфино (ID: 4504209512726570)
2025-10-30 19:51:53,327 - WARNING - [получить_парки_в_районе] - На странице 1 нет данных в ожидаемом формате
2025-10-30 19:51:54,199 - WARNING - [получить_парки_в_районе] - На странице 2 нет данных в ожидаемом формате
2025-10-30 19:51:55,075 - WARNING - [получить_парки_в_районе] - На странице 3 нет данных в ожидаемом формате
2025-10-30 19:51:55,960 - WARNING - [получить_парки_в_районе] - На странице 4 нет данных в ожидаемом формате
2025-10-30 19:51:56,826 - WARNING - [получить_парки_в_районе] - На странице 5 нет данных в ожидаемом формате
2025-10-30 19:51:56,827 - INFO - [получить_парки_в_районе] - Завершение сбора для района Марфино. Найдено парков: 0
2025-10-30 19:51:56,828 - INFO - [<cell line: 0>] - Район 'Марфино' завершен. Парков: 0
2025-10-30 19:51:57,829 - INFO - [<cell line: 0>] - [58/132] Обработка района: Марьина Роща
2025-10-30 19:51:57,830 - INFO - [получить_парки_в_районе] - Начало сбора парков для района: Марьина Роща (ID: 4504209512726571)
2025-10-30 19:51:58,207 - WARNING - [получить_парки_в_районе] - На странице 1 нет данных в ожидаемом формате
2025-10-30 19:51:59,077 - WARNING - [получить_парки_в_районе] - На странице 2 нет данных в ожидаемом формате
2025-10-30 19:51:59,940 - WARNING - [получить_парки_в_районе] - На странице 3 нет данных в ожидаемом формате
2025-10-30 19:52:00,817 - WARNING - [получить_парки_в_районе] - На странице 4 нет данных в ожидаемом формате
2025-10-30 19:52:01,682 - WARNING - [получить_парки_в_районе] - На странице 5 нет данных в ожидаемом формате
2025-10-30 19:52:01,683 - INFO - [получить_парки_в_районе] - Завершение сбора для района Марьина Роща. Найдено парков: 0
2025-10-30 19:52:01,685 - INFO - [<cell line: 0>] - Район 'Марьина Роща' завершен. Парков: 0
2025-10-30 19:52:02,686 - INFO - [<cell line: 0>] - [59/132] Обработка района: Марьино
2025-10-30 19:52:02,687 - INFO - [получить_парки_в_районе] - Начало сбора парков для района: Марьино (ID: 4504209512726596)
2025-10-30 19:52:03,047 - WARNING - [получить_парки_в_районе] - На странице 1 нет данных в ожидаемом формате
2025-10-30 19:52:03,913 - WARNING - [получить_парки_в_районе] - На странице 2 нет данных в ожидаемом формате
2025-10-30 19:52:04,775 - WARNING - [получить_парки_в_районе] - На странице 3 нет данных в ожидаемом формате
2025-10-30 19:52:05,640 - WARNING - [получить_парки_в_районе] - На странице 4 нет данных в ожидаемом формате
2025-10-30 19:52:06,520 - WARNING - [получить_парки_в_районе] - На странице 5 нет данных в ожидаемом формате
2025-10-30 19:52:06,521 - INFO - [получить_парки_в_районе] - Завершение сбора для района Марьино. Найдено парков: 0
2025-10-30 19:52:06,523 - INFO - [<cell line: 0>] - Район 'Марьино' завершен. Парков: 0
2025-10-30 19:52:07,524 - INFO - [<cell line: 0>] - [60/132] Обработка района: Матушкино
2025-10-30 19:52:07,525 - INFO - [получить_парки_в_районе] - Начало сбора парков для района: Матушкино (ID: 4504209512726657)
2025-10-30 19:52:07,892 - WARNING - [получить_парки_в_районе] - На странице 1 нет данных в ожидаемом формате
2025-10-30 19:52:08,752 - WARNING - [получить_парки_в_районе] - На странице 2 нет данных в ожидаемом формате
2025-10-30 19:52:09,616 - WARNING - [получить_парки_в_районе] - На странице 3 нет данных в ожидаемом формате
2025-10-30 19:52:10,493 - WARNING - [получить_парки_в_районе] - На странице 4 нет данных в ожидаемом формате
2025-10-30 19:52:11,359 - WARNING - [получить_парки_в_районе] - На странице 5 нет данных в ожидаемом формате
2025-10-30 19:52:11,364 - INFO - [получить_парки_в_районе] - Завершение сбора для района Матушкино. Найдено парков: 0
2025-10-30 19:52:11,369 - INFO - [<cell line: 0>] - Район 'Матушкино' завершен. Парков: 0
2025-10-30 19:52:12,375 - INFO - [<cell line: 0>] - [61/132] Обработка района: Метрогородок
2025-10-30 19:52:12,376 - INFO - [получить_парки_в_районе] - Начало сбора парков для района: Метрогородок (ID: 4504209512726588)
2025-10-30 19:52:12,752 - WARNING - [получить_парки_в_районе] - На странице 1 нет данных в ожидаемом формате
2025-10-30 19:52:13,608 - WARNING - [получить_парки_в_районе] - На странице 2 нет данных в ожидаемом формате
2025-10-30 19:52:14,590 - WARNING - [получить_парки_в_районе] - На странице 3 нет данных в ожидаемом формате
2025-10-30 19:52:15,657 - WARNING - [получить_парки_в_районе] - На странице 4 нет данных в ожидаемом формате
2025-10-30 19:52:16,522 - WARNING - [получить_парки_в_районе] - На странице 5 нет данных в ожидаемом формате
2025-10-30 19:52:16,523 - INFO - [получить_парки_в_районе] - Завершение сбора для района Метрогородок. Найдено парков: 0
2025-10-30 19:52:16,524 - INFO - [<cell line: 0>] - Район 'Метрогородок' завершен. Парков: 0
2025-10-30 19:52:17,527 - INFO - [<cell line: 0>] - [62/132] Обработка района: Мещанский
2025-10-30 19:52:17,528 - INFO - [получить_парки_в_районе] - Начало сбора парков для района: Мещанский (ID: 4504209512726535)
2025-10-30 19:52:17,896 - WARNING - [получить_парки_в_районе] - На странице 1 нет данных в ожидаемом формате
2025-10-30 19:52:18,777 - WARNING - [получить_парки_в_районе] - На странице 2 нет данных в ожидаемом формате
2025-10-30 19:52:19,656 - WARNING - [получить_парки_в_районе] - На странице 3 нет данных в ожидаемом формате
2025-10-30 19:52:20,514 - WARNING - [получить_парки_в_районе] - На странице 4 нет данных в ожидаемом формате
2025-10-30 19:52:21,374 - WARNING - [получить_парки_в_районе] - На странице 5 нет данных в ожидаемом формате
2025-10-30 19:52:21,375 - INFO - [получить_парки_в_районе] - Завершение сбора для района Мещанский. Найдено парков: 0
2025-10-30 19:52:21,376 - INFO - [<cell line: 0>] - Район 'Мещанский' завершен. Парков: 0
2025-10-30 19:52:22,378 - INFO - [<cell line: 0>] - [63/132] Обработка района: Митино
2025-10-30 19:52:22,379 - INFO - [получить_парки_в_районе] - Начало сбора парков для района: Митино (ID: 4504209512726645)
2025-10-30 19:52:22,738 - WARNING - [получить_парки_в_районе] - На странице 1 нет данных в ожидаемом формате
2025-10-30 19:52:23,603 - WARNING - [получить_парки_в_районе] - На странице 2 нет данных в ожидаемом формате
2025-10-30 19:52:24,480 - WARNING - [получить_парки_в_районе] - На странице 3 нет данных в ожидаемом формате
2025-10-30 19:52:25,346 - WARNING - [получить_парки_в_районе] - На странице 4 нет данных в ожидаемом формате
2025-10-30 19:52:26,214 - WARNING - [получить_парки_в_районе] - На странице 5 нет данных в ожидаемом формате
2025-10-30 19:52:26,215 - INFO - [получить_парки_в_районе] - Завершение сбора для района Митино. Найдено парков: 0
2025-10-30 19:52:26,216 - INFO - [<cell line: 0>] - Район 'Митино' завершен. Парков: 0
2025-10-30 19:52:27,218 - INFO - [<cell line: 0>] - [64/132] Обработка района: Можайский
2025-10-30 19:52:27,219 - INFO - [получить_парки_в_районе] - Начало сбора парков для района: Можайский (ID: 4504209512726633)
2025-10-30 19:52:27,579 - WARNING - [получить_парки_в_районе] - На странице 1 нет данных в ожидаемом формате
2025-10-30 19:52:28,437 - WARNING - [получить_парки_в_районе] - На странице 2 нет данных в ожидаемом формате
2025-10-30 19:52:29,299 - WARNING - [получить_парки_в_районе] - На странице 3 нет данных в ожидаемом формате
2025-10-30 19:52:30,161 - WARNING - [получить_парки_в_районе] - На странице 4 нет данных в ожидаемом формате
2025-10-30 19:52:31,041 - WARNING - [получить_парки_в_районе] - На странице 5 нет данных в ожидаемом формате
2025-10-30 19:52:31,042 - INFO - [получить_парки_в_районе] - Завершение сбора для района Можайский. Найдено парков: 0
2025-10-30 19:52:31,044 - INFO - [<cell line: 0>] - Район 'Можайский' завершен. Парков: 0
2025-10-30 19:52:32,046 - INFO - [<cell line: 0>] - [65/132] Обработка района: Молжаниновский
2025-10-30 19:52:32,047 - INFO - [получить_парки_в_районе] - Начало сбора парков для района: Молжаниновский (ID: 4504209512726654)
2025-10-30 19:52:32,411 - WARNING - [получить_парки_в_районе] - На странице 1 нет данных в ожидаемом формате
2025-10-30 19:52:33,286 - WARNING - [получить_парки_в_районе] - На странице 2 нет данных в ожидаемом формате
2025-10-30 19:52:34,146 - WARNING - [получить_парки_в_районе] - На странице 3 нет данных в ожидаемом формате
2025-10-30 19:52:35,003 - WARNING - [получить_парки_в_районе] - На странице 4 нет данных в ожидаемом формате
2025-10-30 19:52:35,893 - WARNING - [получить_парки_в_районе] - На странице 5 нет данных в ожидаемом формате
2025-10-30 19:52:35,894 - INFO - [получить_парки_в_районе] - Завершение сбора для района Молжаниновский. Найдено парков: 0
2025-10-30 19:52:35,897 - INFO - [<cell line: 0>] - Район 'Молжаниновский' завершен. Парков: 0
2025-10-30 19:52:36,899 - INFO - [<cell line: 0>] - [66/132] Обработка района: Москворечье-Сабурово
2025-10-30 19:52:36,900 - INFO - [получить_парки_в_районе] - Начало сбора парков для района: Москворечье-Сабурово (ID: 4504209512726607)
2025-10-30 19:52:37,267 - WARNING - [получить_парки_в_районе] - На странице 1 нет данных в ожидаемом формате
2025-10-30 19:52:38,128 - WARNING - [получить_парки_в_районе] - На странице 2 нет данных в ожидаемом формате
2025-10-30 19:52:38,990 - WARNING - [получить_парки_в_районе] - На странице 3 нет данных в ожидаемом формате
2025-10-30 19:52:39,852 - WARNING - [получить_парки_в_районе] - На странице 4 нет данных в ожидаемом формате
2025-10-30 19:52:40,727 - WARNING - [получить_парки_в_районе] - На странице 5 нет данных в ожидаемом формате
2025-10-30 19:52:40,728 - INFO - [получить_парки_в_районе] - Завершение сбора для района Москворечье-Сабурово. Найдено парков: 0
2025-10-30 19:52:40,729 - INFO - [<cell line: 0>] - Район 'Москворечье-Сабурово' завершен. Парков: 0
2025-10-30 19:52:41,732 - INFO - [<cell line: 0>] - [67/132] Обработка района: Нагатино-Садовники
2025-10-30 19:52:41,733 - INFO - [получить_парки_в_районе] - Начало сбора парков для района: Нагатино-Садовники (ID: 4504209512726604)
2025-10-30 19:52:42,095 - WARNING - [получить_парки_в_районе] - На странице 1 нет данных в ожидаемом формате
